V/WindowManager(  749):   #2: Window{4195a0c0 u0 KeyguardScrim}
V/WindowManager(  749):   #3: Window{419ce7d8 u0 InputMethod}
V/WindowManager(  749):   #4: Window{421be6b0 u0 com.android.settings/com.android.settings.SubSettings}
V/WindowManager(  749):   #5: Window{4215e328 u0 com.android.settings/com.android.settings.Settings}
V/WindowManager(  749):   #6: Window{418cb8d0 u0 com.cyanogenmod.trebuchet/com.android.launcher3.Launcher}
V/WindowManager(  749):   #7: Window{424631f0 u0 com.android.dialer/com.android.dialer.list.AllContactsActivity}
V/WindowManager(  749):   #8: Window{42356e58 u0 com.android.dialer/com.android.dialer.DialtactsActivity}
V/WindowManager(  749):   #9: Window{41a31280 u0 org.mozilla.firefox/org.mozilla.firefox.App}
V/WindowManager(  749):   #10: Window{41a37368 u0 SurfaceView}
V/WindowManager(  749):   #11: Window{422a3318 u0 com.adobe.reader/com.adobe.reader.viewer.ARViewerActivity}
V/WindowManager(  749):   #12: Window{41865a88 u0 com.floern.xkcd/com.floern.xkcd.comic.ComicActivity}
V/WindowManager(  749):   #13: Window{4204c998 u0 com.floern.xkcd/com.floern.xkcd.comic.ComicActivity}
V/WindowManager(  749):   #14: Window{41a64b80 u0 com.floern.xkcd/com.floern.xkcd.comic.ComicActivity}
V/WindowManager(  749):   #15: Window{41973fd0 u0 Panel:com.andrewshu.android.reddit/com.andrewshu.android.reddit.MainActivity}
V/WindowManager(  749):   #16: Window{418981f0 u0 com.andrewshu.android.reddit/com.andrewshu.android.reddit.MainActivity}
V/WindowManager(  749):   #17: Window{41859e10 u0 com.jb.gosms/com.jb.gosms.ui.ComposeMessageActivity}
V/WindowManager(  749):   #18: Window{42451520 u0 com.jb.gosms/com.jb.gosms.ui.mainscreen.GoSmsMainActivity}
V/WindowManager(  749):   #19: Window{41a00ce0 u0 com.andrew.apollo/com.andrew.apollo.ui.activities.AudioPlayerActivity}
V/WindowManager(  749):   #20: Window{41b692c0 u0 com.newegg.app/com.newegg.app.activity.home.Main}
V/WindowManager(  749):   #21: Window{41892f98 u0 com.android.deskclock/com.android.deskclock.worldclock.CitiesActivity}
V/WindowManager(  749):   #22: Window{4252f3f8 u0 com.android.deskclock/com.android.deskclock.DeskClock}
V/WindowManager(  749):   #23: Window{41bc4720 u0 com.android.systemui.ImageWallpaper}
D/MobileDataStateTracker(  749): dun: Broadcast received: android.intent.action.ANY_DATA_STATE apnType=dun
D/MobileDataStateTracker(  749): dun: Received state=DISCONNECTED, old=DISCONNECTED, reason=dataEnabled
D/MobileDataStateTracker(  749): supl: Broadcast received: android.intent.action.ANY_DATA_STATE apnType=supl
D/MobileDataStateTracker(  749): supl: Received state=DISCONNECTED, old=DISCONNECTED, reason=dataEnabled
D/MobileDataStateTracker(  749): hipri: Broadcast received: android.intent.action.ANY_DATA_STATE apnType=hipri
D/MobileDataStateTracker(  749): hipri: Received state=DISCONNECTED, old=DISCONNECTED, reason=dataEnabled
D/MobileDataStateTracker(  749): default: Broadcast received: android.intent.action.ANY_DATA_STATE apnType=default
D/MobileDataStateTracker(  749): default: Received state=DISCONNECTED, old=DISCONNECTED, reason=dataEnabled
D/MobileDataStateTracker(  749): mms: Broadcast received: android.intent.action.ANY_DATA_STATE apnType=mms
D/MobileDataStateTracker(  749): mms: Received state=DISCONNECTED, old=DISCONNECTED, reason=dataEnabled
D/MobileDataStateTracker(  749): dun: Broadcast received: android.intent.action.ANY_DATA_STATE apnType=dun
D/MobileDataStateTracker(  749): dun: Received state=DISCONNECTED, old=DISCONNECTED, reason=dataDetached
D/MobileDataStateTracker(  749): supl: Broadcast received: android.intent.action.ANY_DATA_STATE apnType=supl
D/MobileDataStateTracker(  749): supl: Received state=DISCONNECTED, old=DISCONNECTED, reason=dataDetached
D/MobileDataStateTracker(  749): hipri: Broadcast received: android.intent.action.ANY_DATA_STATE apnType=hipri
D/MobileDataStateTracker(  749): hipri: Received state=DISCONNECTED, old=DISCONNECTED, reason=dataDetached
D/MobileDataStateTracker(  749): default: Broadcast received: android.intent.action.ANY_DATA_STATE apnType=default
D/MobileDataStateTracker(  749): default: Received state=DISCONNECTED, old=DISCONNECTED, reason=dataDetached
D/MobileDataStateTracker(  749): mms: Broadcast received: android.intent.action.ANY_DATA_STATE apnType=mms
D/MobileDataStateTracker(  749): mms: Received state=DISCONNECTED, old=DISCONNECTED, reason=dataDetached
D/MobileDataStateTracker(  749): dun: Broadcast received: android.intent.action.ANY_DATA_STATE apnType=dun
D/MobileDataStateTracker(  749): dun: Received state=DISCONNECTED, old=DISCONNECTED, reason=roamingOff
D/MobileDataStateTracker(  749): supl: Broadcast received: android.intent.action.ANY_DATA_STATE apnType=supl
D/MobileDataStateTracker(  749): supl: Received state=DISCONNECTED, old=DISCONNECTED, reason=roamingOff
D/MobileDataStateTracker(  749): hipri: Broadcast received: android.intent.action.ANY_DATA_STATE apnType=hipri
D/MobileDataStateTracker(  749): hipri: Received state=DISCONNECTED, old=DISCONNECTED, reason=roamingOff
D/MobileDataStateTracker(  749): default: Broadcast received: android.intent.action.ANY_DATA_STATE apnType=default
D/MobileDataStateTracker(  749): default: Received state=DISCONNECTED, old=DISCONNECTED, reason=roamingOff
D/MobileDataStateTracker(  749): mms: Broadcast received: android.intent.action.ANY_DATA_STATE apnType=mms
D/MobileDataStateTracker(  749): mms: Received state=DISCONNECTED, old=DISCONNECTED, reason=roamingOff
D/MobileDataStateTracker(  749): dun: Broadcast received: android.intent.action.ANY_DATA_STATE apnType=dun
D/MobileDataStateTracker(  749): dun: Received state=DISCONNECTED, old=DISCONNECTED, reason=roamingOff
D/MobileDataStateTracker(  749): supl: Broadcast received: android.intent.action.ANY_DATA_STATE apnType=supl
D/MobileDataStateTracker(  749): supl: Received state=DISCONNECTED, old=DISCONNECTED, reason=roamingOff
D/MobileDataStateTracker(  749): hipri: Broadcast received: android.intent.action.ANY_DATA_STATE apnType=hipri
D/MobileDataStateTracker(  749): hipri: Received state=DISCONNECTED, old=DISCONNECTED, reason=roamingOff
D/MobileDataStateTracker(  749): default: Broadcast received: android.intent.action.ANY_DATA_STATE apnType=default
D/MobileDataStateTracker(  749): default: Received state=DISCONNECTED, old=DISCONNECTED, reason=roamingOff
D/MobileDataStateTracker(  749): mms: Broadcast received: android.intent.action.ANY_DATA_STATE apnType=mms
D/MobileDataStateTracker(  749): mms: Received state=DISCONNECTED, old=DISCONNECTED, reason=roamingOff
D/MobileDataStateTracker(  749): dun: Broadcast received: android.intent.action.ANY_DATA_STATE apnType=dun
D/MobileDataStateTracker(  749): dun: Received state=DISCONNECTED, old=DISCONNECTED, reason=simLoaded
D/MobileDataStateTracker(  749): supl: Broadcast received: android.intent.action.ANY_DATA_STATE apnType=supl
D/MobileDataStateTracker(  749): supl: Received state=DISCONNECTED, old=DISCONNECTED, reason=simLoaded
D/MobileDataStateTracker(  749): hipri: Broadcast received: android.intent.action.ANY_DATA_STATE apnType=hipri
D/MobileDataStateTracker(  749): hipri: Received state=DISCONNECTED, old=DISCONNECTED, reason=simLoaded
D/MobileDataStateTracker(  749): default: Broadcast received: android.intent.action.ANY_DATA_STATE apnType=default
D/MobileDataStateTracker(  749): default: Received state=DISCONNECTED, old=DISCONNECTED, reason=simLoaded
D/MobileDataStateTracker(  749): mms: Broadcast received: android.intent.action.ANY_DATA_STATE apnType=mms
D/MobileDataStateTracker(  749): mms: Received state=DISCONNECTED, old=DISCONNECTED, reason=simLoaded
D/MobileDataStateTracker(  749): dun: Broadcast received: android.intent.action.ANY_DATA_STATE apnType=dun
D/MobileDataStateTracker(  749): dun: Received state=DISCONNECTED, old=DISCONNECTED, reason=simLoaded
D/MobileDataStateTracker(  749): supl: Broadcast received: android.intent.action.ANY_DATA_STATE apnType=supl
D/MobileDataStateTracker(  749): supl: Received state=DISCONNECTED, old=DISCONNECTED, reason=simLoaded
D/MobileDataStateTracker(  749): hipri: Broadcast received: android.intent.action.ANY_DATA_STATE apnType=hipri
D/MobileDataStateTracker(  749): hipri: Received state=DISCONNECTED, old=DISCONNECTED, reason=simLoaded
D/MobileDataStateTracker(  749): default: Broadcast received: android.intent.action.ANY_DATA_STATE apnType=default
D/MobileDataStateTracker(  749): default: Received state=DISCONNECTED, old=DISCONNECTED, reason=simLoaded
D/MobileDataStateTracker(  749): mms: Broadcast received: android.intent.action.ANY_DATA_STATE apnType=mms
D/MobileDataStateTracker(  749): mms: Received state=DISCONNECTED, old=DISCONNECTED, reason=simLoaded
I/ActivityManager(  749): START u0 {act=android.intent.action.MAIN cmp=com.android.settings/.SubSettings (has extras)} from pid 11294
I/ActivityManager(  749): Start proc com.android.defcontainer for service com.android.defcontainer/.DefaultContainerService: pid=2957 uid=10004 gids={50004, 1028, 1015, 1023, 2001, 1035}
I/ActivityManager(  749): START u0 {act=android.intent.action.MAIN cmp=com.android.settings/.SubSettings (has extras)} from pid 11294
W/AlarmManager(  749): Clear alarm type=4,alarmSeconds=1395669600
I/ActivityManager(  749): Killing 26363:com.google.android.talk/u0a73 (adj 15): empty #17
I/ActivityManager(  749): START u0 {act=android.intent.action.MAIN cat=[android.intent.category.LAUNCHER] flg=0x10200000 cmp=ioio.examples.hello/.MainActivity} from pid 1063
W/BroadcastQueue(  749): Permission Denial: receiving Intent { act=com.android.launcher3.action.LAUNCH flg=0x10 (has extras) } to com.google.android.googlequicksearchbox/com.google.android.search.core.summons.icing.InternalIcingCorporaProvider$ApplicationLaunchReceiver requires com.android.launcher3.permission.RECEIVE_LAUNCH_BROADCASTS due to sender com.cyanogenmod.trebuchet (uid 10014)
W/ActivityManager(  749): Launch timeout has expired, giving up wake lock!
E/WindowManager(  749): Starting window AppWindowToken{423ea6a0 token=Token{4291c038 ActivityRecord{4291bed8 u0 ioio.examples.hello/.MainActivity t103}}} timed out
I/WindowManager(  749): Input event dispatching timed out sending to application AppWindowToken{423ea6a0 token=Token{4291c038 ActivityRecord{4291bed8 u0 ioio.examples.hello/.MainActivity t103}}}.  Reason: Waiting because no window has focus but there is a focused application that may eventually add a window when it finishes starting up.
E/ActivityManager(  749): ANR in ioio.examples.hello (ioio.examples.hello/.MainActivity)
E/ActivityManager(  749): PID: 2828
E/ActivityManager(  749): Reason: Input dispatching timed out (Waiting because no window has focus but there is a focused application that may eventually add a window when it finishes starting up.)
E/ActivityManager(  749): Load: 2.74 / 2.95 / 3.0
E/ActivityManager(  749): CPU usage from 7513ms to 1715ms ago with 99% awake:
E/ActivityManager(  749):   11% 857/com.android.systemui: 8.1% user + 2.9% kernel / faults: 1 minor
E/ActivityManager(  749):   7.6% 308/surfaceflinger: 2.5% user + 5% kernel
E/ActivityManager(  749):   2.2% 749/system_server: 1.3% user + 0.8% kernel / faults: 16 minor
E/ActivityManager(  749):   1.9% 2828/ioio.examples.hello: 0.8% user + 1% kernel
E/ActivityManager(  749):   1.5% 28005/dhd_dpc: 0% user + 1.5% kernel
E/ActivityManager(  749):   0.8% 2867/com.jb.gosms: 0.5% user + 0.3% kernel
E/ActivityManager(  749):   0.6% 842/mpdecision: 0% user + 0.6% kernel
E/ActivityManager(  749):   0.6% 1868/kworker/u:3: 0% user + 0.6% kernel
E/ActivityManager(  749):   0.5% 3/ksoftirqd/0: 0% user + 0.5% kernel
E/ActivityManager(  749):   0.5% 28004/dhd_watchdog_th: 0% user + 0.5% kernel
E/ActivityManager(  749):   0.3% 81/msmfb_commit_th: 0% user + 0.3% kernel
E/ActivityManager(  749):   0.1% 1063/com.cyanogenmod.trebuchet: 0.1% user + 0% kernel
E/ActivityManager(  749):   0.3% 5539/com.andrew.apollo: 0.3% user + 0% kernel
E/ActivityManager(  749):   0.1% 14449/com.android.deskclock: 0.1% user + 0% kernel / faults: 1 minor
E/ActivityManager(  749):   0.3% 15810/com.andrew.apollo:main: 0.3% user + 0% kernel
E/ActivityManager(  749):   0.3% 28006/dhd_rxf: 0% user + 0.3% kernel
E/ActivityManager(  749):   0.1% 28013/wpa_supplicant: 0% user + 0.1% kernel
E/ActivityManager(  749):   0.1% 29155/kworker/0:0: 0% user + 0.1% kernel
E/ActivityManager(  749):   0.1% 124/irq/299-mms_ts: 0% user + 0.1% kernel
E/ActivityManager(  749):   0.1% 311/mediaserver: 0% user + 0.1% kernel
E/ActivityManager(  749):   0% 318/qrngd: 0% user + 0% kernel
E/ActivityManager(  749):   0% 1190/com.google.process.location: 0% user + 0% kernel / faults: 14 minor
E/ActivityManager(  749):   0% 23380/com.cyanogenmod.lockclock: 0% user + 0% kernel
E/ActivityManager(  749):   0.1% 31150/kworker/u:7: 0% user + 0.1% kernel
E/ActivityManager(  749): 29% TOTAL: 15% user + 13% kernel + 0.1% iowait + 0.1% softirq
E/ActivityManager(  749): CPU usage from 2291ms to 2817ms later:
E/ActivityManager(  749):   9% 749/system_server: 3.6% user + 5.4% kernel / faults: 3 minor
E/ActivityManager(  749):     7.2% 764/ActivityManager: 1.8% user + 5.4% kernel
E/ActivityManager(  749):     1.8% 758/FinalizerDaemon: 1.8% user + 0% kernel
E/ActivityManager(  749):   8.9% 857/com.android.systemui: 8.9% user + 0% kernel
E/ActivityManager(  749):     8.9% 857/ndroid.systemui: 8.9% user + 0% kernel
E/ActivityManager(  749):   7.1% 308/surfaceflinger: 5.3% user + 1.7% kernel
E/ActivityManager(  749):     3.5% 308/surfaceflinger: 3.5% user + 0% kernel
E/ActivityManager(  749):     1.7% 388/Binder_1: 1.7% user + 0% kernel
E/ActivityManager(  749):     1.7% 772/Binder_3: 1.7% user + 0% kernel
E/ActivityManager(  749):   0.9% 3/ksoftirqd/0: 0% user + 0.9% kernel
E/ActivityManager(  749):   0.9% 81/msmfb_commit_th: 0% user + 0.9% kernel
E/ActivityManager(  749):   1.7% 2828/ioio.examples.hello: 0% user + 1.7% kernel
E/ActivityManager(  749):     1.7% 2844/Thread-1259: 1.7% user + 0% kernel
E/ActivityManager(  749):   1.2% 15810/com.andrew.apollo:main: 1.2% user + 0% kernel
E/ActivityManager(  749):     1.2% 15822/Binder_2: 0% user + 1.2% kernel
E/ActivityManager(  749):   1.3% 28005/dhd_dpc: 0% user + 1.3% kernel
E/ActivityManager(  749):   1.3% 32639/kworker/0:3: 0% user + 1.3% kernel
E/ActivityManager(  749): 6.1% TOTAL: 0% user + 0% kernel + 6.1% iowait
E/ActivityManager(  749): Error reading /data/anr/traces.txt
E/ActivityManager(  749): java.io.FileNotFoundException: /data/anr/traces.txt: open failed: ENOENT (No such file or directory)
E/ActivityManager(  749): 	at libcore.io.IoBridge.open(IoBridge.java:409)
E/ActivityManager(  749): 	at java.io.FileInputStream.<init>(FileInputStream.java:78)
E/ActivityManager(  749): 	at android.os.FileUtils.readTextFile(FileUtils.java:236)
E/ActivityManager(  749): 	at com.android.server.am.ActivityManagerService$18.run(ActivityManagerService.java:10101)
E/ActivityManager(  749): Caused by: libcore.io.ErrnoException: open failed: ENOENT (No such file or directory)
E/ActivityManager(  749): 	at libcore.io.Posix.open(Native Method)
E/ActivityManager(  749): 	at libcore.io.BlockGuardOs.open(BlockGuardOs.java:110)
E/ActivityManager(  749): 	at libcore.io.IoBridge.open(IoBridge.java:393)
E/ActivityManager(  749): 	... 3 more
I/ActivityManager(  749): START u0 {act=android.intent.action.MAIN cat=[android.intent.category.HOME] flg=0x10200000 cmp=com.cyanogenmod.trebuchet/com.android.launcher3.Launcher} from pid 749
I/ActivityManager(  749): START u0 {act=android.intent.action.MAIN cat=[android.intent.category.HOME] flg=0x10200000 cmp=com.cyanogenmod.trebuchet/com.android.launcher3.Launcher} from pid 749
I/BootReceiver(  749): Copying /data/tombstones/tombstone_00 to DropBox (SYSTEM_TOMBSTONE)
I/WindowState(  749): WIN DEATH: Window{4219b930 u0 ioio.examples.hello/ioio.examples.hello.MainActivity}
I/ActivityManager(  749): Process ioio.examples.hello (pid 2828) has died.
I/ActivityManager(  749): START u0 {act=android.intent.action.MAIN cat=[android.intent.category.HOME] flg=0x10200000 cmp=com.cyanogenmod.trebuchet/com.android.launcher3.Launcher} from pid 749
D/QMI_FW  (  749): QCCI: QMI_CCI_TX: cntl_flag - 00, txn_id - 0427, msg_id - 0039, msg_len - 0021
D/QMI_FW  (  749): QCCI: Sent[202]: 40 bytes to port 3072
D/QMI_FW  (  749): QCCI: reader_thread: Received 14 bytes from 202
D/QMI_FW  (  749): QCCI: QMI_CCI_RX: cntl_flag - 02, txn_id - 0427, msg_id - 0039, msg_len - 0007
D/QMI_FW  (  749): QCCI: reader_thread: Received 14 bytes from 202
D/QMI_FW  (  749): QCCI: QMI_CCI_RX: cntl_flag - 04, txn_id - 0000, msg_id - 0039, msg_len - 0007
W/InputMethodManagerService(  749): Window already focused, ignoring focus gain of: com.android.internal.view.IInputMethodClient$Stub$Proxy@41a6ac10 attribute=null, token = android.os.BinderProxy@418cb670
D/UsbDeviceManager(  749): exited USB accessory mode
I/ActivityManager(  749): START u0 {act=android.settings.SETTINGS cmp=com.android.settings/.Settings} from pid 1063
D/WifiService(  749): setWifiEnabled: true pid=11294, uid=1000
I/ActivityManager(  749): START u0 {act=android.intent.action.MAIN cmp=com.android.settings/.SubSettings (has extras)} from pid 11294
E/Cryptfs (  301): not running with encryption, aborting
D/BackupManagerService(  749): Now staging backup of com.android.providers.settings
E/UsbDebuggingManager(  749): Communication error: 
E/UsbDebuggingManager(  749): java.io.IOException: No such file or directory
E/UsbDebuggingManager(  749): 	at android.net.LocalSocketImpl.connectLocal(Native Method)
E/UsbDebuggingManager(  749): 	at android.net.LocalSocketImpl.connect(LocalSocketImpl.java:287)
E/UsbDebuggingManager(  749): 	at android.net.LocalSocket.connect(LocalSocket.java:130)
E/UsbDebuggingManager(  749): 	at com.android.server.usb.UsbDebuggingManager.listenToSocket(UsbDebuggingManager.java:75)
E/UsbDebuggingManager(  749): 	at com.android.server.usb.UsbDebuggingManager.run(UsbDebuggingManager.java:111)
E/UsbDebuggingManager(  749): 	at java.lang.Thread.run(Thread.java:841)
W/InputMethodManagerService(  749): Window already focused, ignoring focus gain of: com.android.internal.view.IInputMethodClient$Stub$Proxy@419e2b70 attribute=null, token = android.os.BinderProxy@41a7f958
D/QMI_FW  (  336): QCSI: QMI_CSI_RX: cntl_flag - 00, txn_id - 0099, msg_id - 0003, msg_len - 002b
D/QMI_FW  (  336): QCSI: xport_handle_event[17]
D/QMI_FW  (  336): QCSI: QMI_CSI_TX: cntl_flag - 02, txn_id - 0099, msg_id - 0003, msg_len - 0007
D/QMI_FW  (  336): QCSI: Sent[17]: 14 bytes to port 1024
I/PowerManagerService(  749): Going to sleep due to screen timeout...
D/MobileDataStateTracker(  749): default: setPolicyDataEnable(enabled=true)
D/QMI_FW  (  749): QCCI: QMI_CCI_TX: cntl_flag - 00, txn_id - 0428, msg_id - 0039, msg_len - 0021
D/QMI_FW  (  749): QCCI: Sent[202]: 40 bytes to port 3072
D/QMI_FW  (  749): QCCI: reader_thread: Received 14 bytes from 202
D/QMI_FW  (  749): QCCI: QMI_CCI_RX: cntl_flag - 02, txn_id - 0428, msg_id - 0039, msg_len - 0007
D/QMI_FW  (  749): QCCI: reader_thread: Received 14 bytes from 202
D/QMI_FW  (  749): QCCI: QMI_CCI_RX: cntl_flag - 04, txn_id - 0000, msg_id - 0039, msg_len - 0007
W/AlarmManager(  749): Clear alarm type=4,alarmSeconds=1395669600
D/ConnectivityService(  749): handleInetConditionHoldEnd: net=1, condition=100, published condition=100
D/QMI_FW  (  336): QCSI: QMI_CSI_RX: cntl_flag - 00, txn_id - 0097, msg_id - 0003, msg_len - 002b
D/QMI_FW  (  336): QCSI: xport_handle_event[17]
D/QMI_FW  (  336): QCSI: QMI_CSI_TX: cntl_flag - 02, txn_id - 0097, msg_id - 0003, msg_len - 0007
D/QMI_FW  (  336): QCSI: Sent[17]: 14 bytes to port 1280
D/QMI_FW  (  749): QCCI: QMI_CCI_TX: cntl_flag - 00, txn_id - 0429, msg_id - 0039, msg_len - 0021
D/QMI_FW  (  749): QCCI: Sent[202]: 40 bytes to port 3072
D/QMI_FW  (  749): QCCI: reader_thread: Received 14 bytes from 202
D/QMI_FW  (  749): QCCI: QMI_CCI_RX: cntl_flag - 02, txn_id - 0429, msg_id - 0039, msg_len - 0007
D/QMI_FW  (  749): QCCI: reader_thread: Received 14 bytes from 202
D/QMI_FW  (  749): QCCI: QMI_CCI_RX: cntl_flag - 04, txn_id - 0000, msg_id - 0039, msg_len - 0007
I/PowerManagerService(  749): Waking up from sleep...
I/WindowManager(  749): Lock screen displayed!
D/QMI_FW  (  749): QCCI: QMI_CCI_TX: cntl_flag - 00, txn_id - 042a, msg_id - 0039, msg_len - 0021
D/QMI_FW  (  749): QCCI: Sent[202]: 40 bytes to port 3072
D/QMI_FW  (  749): QCCI: reader_thread: Received 14 bytes from 202
D/QMI_FW  (  749): QCCI: QMI_CCI_RX: cntl_flag - 02, txn_id - 042a, msg_id - 0039, msg_len - 0007
D/QMI_FW  (  749): QCCI: reader_thread: Received 14 bytes from 202
D/QMI_FW  (  749): QCCI: QMI_CCI_RX: cntl_flag - 04, txn_id - 0000, msg_id - 0039, msg_len - 0007
E/Cryptfs (  301): not running with encryption, aborting
W/InputMethodManagerService(  749): Window already focused, ignoring focus gain of: com.android.internal.view.IInputMethodClient$Stub$Proxy@42044b08 attribute=android.view.inputmethod.EditorInfo@42b87c48, token = android.os.BinderProxy@41a7f958
E/UsbDebuggingManager(  749): got -1 reading
E/UsbDebuggingManager(  749): Communication error: 
E/UsbDebuggingManager(  749): java.io.IOException: No such file or directory
E/UsbDebuggingManager(  749): 	at android.net.LocalSocketImpl.connectLocal(Native Method)
E/UsbDebuggingManager(  749): 	at android.net.LocalSocketImpl.connect(LocalSocketImpl.java:287)
E/UsbDebuggingManager(  749): 	at android.net.LocalSocket.connect(LocalSocket.java:130)
E/UsbDebuggingManager(  749): 	at com.android.server.usb.UsbDebuggingManager.listenToSocket(UsbDebuggingManager.java:75)
E/UsbDebuggingManager(  749): 	at com.android.server.usb.UsbDebuggingManager.run(UsbDebuggingManager.java:111)
E/UsbDebuggingManager(  749): 	at java.lang.Thread.run(Thread.java:841)
I/ActivityManager(  749): START u0 {act=android.intent.action.MAIN cat=[android.intent.category.HOME] flg=0x10200000 cmp=com.cyanogenmod.trebuchet/com.android.launcher3.Launcher} from pid 749
I/EntropyMixer(  749): Writing entropy...
D/ConnectivityService(  749): Sampling interval elapsed, updating statistics ..
D/ConnectivityService(  749): Done.
D/ConnectivityService(  749): Setting timer for 720seconds
I/ActivityManager(  749): START u0 {act=android.intent.action.MAIN cat=[android.intent.category.LAUNCHER] flg=0x10200000 cmp=ioio.examples.hello/.MainActivity} from pid 1063
W/BroadcastQueue(  749): Permission Denial: receiving Intent { act=com.android.launcher3.action.LAUNCH flg=0x10 (has extras) } to com.google.android.googlequicksearchbox/com.google.android.search.core.summons.icing.InternalIcingCorporaProvider$ApplicationLaunchReceiver requires com.android.launcher3.permission.RECEIVE_LAUNCH_BROADCASTS due to sender com.cyanogenmod.trebuchet (uid 10014)
I/ActivityManager(  749): Start proc ioio.examples.hello for activity ioio.examples.hello/.MainActivity: pid=3323 uid=10110 gids={50110, 3003, 3002}
I/ActivityManager(  749): START u0 {act=android.settings.SETTINGS cmp=com.android.settings/.Settings} from pid 1063
D/WifiService(  749): setWifiEnabled: true pid=11294, uid=1000
D/WifiService(  749): setWifiEnabled: true pid=11294, uid=1000
I/ActivityManager(  749): START u0 {act=android.intent.action.MAIN cmp=com.android.settings/.SubSettings (has extras)} from pid 11294
E/Cryptfs (  301): not running with encryption, aborting
W/InputMethodManagerService(  749): Window already focused, ignoring focus gain of: com.android.internal.view.IInputMethodClient$Stub$Proxy@42074690 attribute=null, token = android.os.BinderProxy@420d35e0
I/ActivityManager(  749): Start proc com.google.android.gms.ui for broadcast com.google.android.gms/.auth.authzen.GcmReceiverService$Receiver: pid=3423 uid=10019 gids={50019, 3003, 1007, 3002, 3001, 1028, 1015, 1006, 3007, 2001, 3006}
I/ActivityManager(  749): Killing 549:org.whispersystems.whisperpush/u0a67 (adj 15): empty #17
D/QMI_FW  (  749): QCCI: QMI_CCI_TX: cntl_flag - 00, txn_id - 042b, msg_id - 0039, msg_len - 0021
D/QMI_FW  (  749): QCCI: Sent[202]: 40 bytes to port 3072
D/QMI_FW  (  749): QCCI: reader_thread: Received 14 bytes from 202
D/QMI_FW  (  749): QCCI: QMI_CCI_RX: cntl_flag - 02, txn_id - 042b, msg_id - 0039, msg_len - 0007
D/QMI_FW  (  749): QCCI: reader_thread: Received 14 bytes from 202
D/QMI_FW  (  749): QCCI: QMI_CCI_RX: cntl_flag - 04, txn_id - 0000, msg_id - 0039, msg_len - 0007
I/ActivityManager(  749): START u0 {act=android.intent.action.MAIN cmp=com.android.settings/.SubSettings (has extras)} from pid 11294
I/ActivityManager(  749): START u0 {act=android.intent.action.MAIN cmp=com.android.settings/.SubSettings (has extras)} from pid 11294
I/ActivityManager(  749): Killing 8114:com.snapchat.android/u0a86 (adj 15): empty #17
D/ConnectivityService(  749): Captive portal check NetworkInfo: type: WIFI[], state: CONNECTING/CAPTIVE_PORTAL_CHECK, reason: (unspecified), extra: "CSMwireless", roaming: false, failover: false, isAvailable: true, isConnectedToProvisioningNetwork: false
D/ConnectivityService(  749): handleCaptivePortalTrackerCheck: call captivePortalCheckComplete ni=NetworkInfo: type: WIFI[], state: CONNECTING/CAPTIVE_PORTAL_CHECK, reason: (unspecified), extra: "CSMwireless", roaming: false, failover: false, isAvailable: true, isConnectedToProvisioningNetwork: false
D/ConnectivityService(  749): Captive portal check NetworkInfo: type: WIFI[], state: CONNECTING/CAPTIVE_PORTAL_CHECK, reason: (unspecified), extra: "CSMwireless", roaming: false, failover: false, isAvailable: true, isConnectedToProvisioningNetwork: false
D/ConnectivityService(  749): handleCaptivePortalTrackerCheck: call captivePortalCheckComplete ni=NetworkInfo: type: WIFI[], state: CONNECTING/CAPTIVE_PORTAL_CHECK, reason: (unspecified), extra: "CSMwireless", roaming: false, failover: false, isAvailable: true, isConnectedToProvisioningNetwork: false
D/ConnectivityService(  749): ConnectivityChange for WIFI: CONNECTED/CONNECTED
E/ConnectivityService(  749): Unexpected mtu value: android.net.wifi.WifiStateTracker@41e30d98
D/ConnectivityService(  749): handleConnectivityChange: address are the same reset per doReset linkProperty[1]: resetMask=0
D/Nat464Xlat(  749): requiresClat: netType=1, hasIPv4Address=true
D/ConnectivityService(  749): ConnectivityChange for WIFI: CONNECTED/CONNECTED
E/ConnectivityService(  749): Unexpected mtu value: android.net.wifi.WifiStateTracker@41e30d98
D/ConnectivityService(  749): handleConnectivityChange: address are the same reset per doReset linkProperty[1]: resetMask=0
D/Nat464Xlat(  749): requiresClat: netType=1, hasIPv4Address=true
D/MobileDataStateTracker(  749): default: setPolicyDataEnable(enabled=true)
D/MobileDataStateTracker(  749): default: setPolicyDataEnable(enabled=true)
D/MobileDataStateTracker(  749): default: setPolicyDataEnable(enabled=true)
D/MobileDataStateTracker(  749): default: setPolicyDataEnable(enabled=true)
I/ActivityManager(  749): START u0 {act=android.settings.SETTINGS cmp=com.android.settings/.Settings} from pid 1063
D/WifiService(  749): setWifiEnabled: true pid=11294, uid=1000
D/ConnectivityService(  749): NetTransition Wakelock for ConnectedState released by timeout
D/ConnectivityService(  749): handleInetConditionHoldEnd: net=1, condition=100, published condition=0
I/ActivityManager(  749): START u0 {act=android.intent.action.MAIN cmp=com.android.settings/.SubSettings (has extras)} from pid 11294
W/ContextImpl(11294): Calling a method in the system process without a qualified user: android.app.ContextImpl.bindService:1582 android.content.ContextWrapper.bindService:517 com.android.settings.applications.ManageApplications.onCreate:864 android.app.Fragment.performCreate:1678 android.app.FragmentManagerImpl.moveToState:859 
W/PackageManager(  749): Package named 'edu.mines.wsninterface' doesn't exist.
I/ActivityManager(  749): START u0 {act=android.intent.action.MAIN cmp=com.android.settings/.SubSettings (has extras)} from pid 11294
W/PackageManager(  749): Package named 'edu.mines.wsninterface' doesn't exist.
I/ActivityManager(  749): START u0 {act=android.intent.action.UNINSTALL_PACKAGE dat=package:ioio.examples.hello cmp=com.android.packageinstaller/.UninstallerActivity (has extras)} from pid 11294
I/ActivityManager(  749): Start proc com.android.packageinstaller for activity com.android.packageinstaller/.UninstallerActivity: pid=3599 uid=10054 gids={50054, 1028}
I/ActivityManager(  749): START u0 {act=android.intent.action.VIEW cmp=com.android.packageinstaller/.UninstallAppProgress (has extras)} from pid 3599
I/ActivityManager(  749): Force stopping ioio.examples.hello appid=10110 user=-1: uninstall pkg
I/ActivityManager(  749): Killing 3323:ioio.examples.hello/u0a110 (adj 15): stop ioio.examples.hello
W/PackageManager(  749): Couldn't delete native library directory /data/app-lib/ioio.examples.hello
I/ActivityManager(  749): Force stopping ioio.examples.hello appid=10110 user=0: pkg removed
D/BackupManagerService(  749): Received broadcast Intent { act=android.intent.action.PACKAGE_REMOVED dat=package:ioio.examples.hello flg=0x4000010 (has extras) }
V/BackupManagerService(  749): removePackageParticipantsLocked: uid=10110 #1
I/PackageManager(  749): Adding preferred activity ComponentInfo{com.jb.gosms/com.jb.gosms.ui.ComposeMessageActivity} for user 0 :
I/PackageManager(  749): Adding preferred activity ComponentInfo{com.jb.gosms/com.jb.gosms.ui.ComposeMessageActivity} for user 0 :
I/PackageManager(  749): Adding preferred activity ComponentInfo{com.jb.gosms/com.jb.gosms.ui.ComposeMessageActivity} for user 0 :
I/PackageManager(  749): Adding preferred activity ComponentInfo{com.jb.gosms/com.jb.gosms.ui.ComposeMessageActivity} for user 0 :
I/PackageManager(  749): Adding preferred activity ComponentInfo{com.jb.gosms/com.jb.gosms.ui.ComposeMessageActivity} for user 0 :
I/PackageManager(  749): Adding preferred activity ComponentInfo{com.jb.gosms/com.jb.gosms.ui.ComposeMessageActivity} for user 0 :
I/PackageManager(  749): Adding preferred activity ComponentInfo{com.jb.gosms/com.jb.gosms.ui.ComposeMessageActivity} for user 0 :
I/PackageManager(  749): Adding preferred activity ComponentInfo{com.jb.gosms/com.jb.gosms.ui.ComposeMessageActivity} for user 0 :
D/MobileDataStateTracker(  749): default: setPolicyDataEnable(enabled=true)
I/ActivityManager(  749): Start proc com.android.voicedialer for broadcast com.android.voicedialer/.VoiceDialerReceiver: pid=3636 uid=10015 gids={50015, 3002}
I/ActivityManager(  749): Start proc com.android.gallery3d for broadcast com.android.gallery3d/.app.PackagesMonitor: pid=3649 uid=10044 gids={50044, 1006, 3003, 1028, 1015}
I/ActivityManager(  749): Start proc com.android.keychain for broadcast com.android.keychain/.KeyChainBroadcastReceiver: pid=3662 uid=1000 gids={41000, 1028, 1015, 3002, 3001, 3003}
W/ContextImpl( 3662): Calling a method in the system process without a qualified user: android.app.ContextImpl.startService:1518 android.content.ContextWrapper.startService:494 android.content.ContextWrapper.startService:494 com.android.keychain.KeyChainBroadcastReceiver.onReceive:12 android.app.ActivityThread.handleReceiver:2439 
I/ActivityManager(  749): Start proc com.jb.gosms.emoji for broadcast com.jb.gosms.emoji/com.jb.gosms.gopreview.ComponentControlReceiver: pid=3683 uid=10077 gids={50077, 3003, 1028, 1015, 1006}
W/PackageManager(  749): Package named 'ioio.examples.hello' doesn't exist.
I/ActivityManager(  749): Start proc com.josegd.monthcalwidget for broadcast com.josegd.monthcalwidget/.MCWExtensionPackageChangeReceiver: pid=3696 uid=10089 gids={50089}
I/ActivityManager(  749): Killing 2550:com.google.android.partnersetup/u0a25 (adj 15): empty #17
I/ActivityManager(  749): Killing 25094:com.android.calendar/u0a34 (adj 15): empty #17
I/ActivityManager(  749): Start proc com.android.documentsui for broadcast com.android.documentsui/.PackageReceiver: pid=3713 uid=10040 gids={50040}
I/ActivityManager(  749): Start proc org.cyanogenmod.voiceplus for broadcast org.cyanogenmod.voiceplus/.PackageChangeReceiver: pid=3731 uid=10065 gids={50065, 3003}
I/ActivityManager(  749): Killing 25112:com.android.providers.calendar/u0a2 (adj 15): empty #17
I/ActivityManager(  749): Start proc com.android.externalstorage for content provider com.android.externalstorage/.ExternalStorageProvider: pid=3743 uid=10007 gids={50007, 1028, 1015, 1023}
I/ActivityManager(  749): Killing 2799:com.google.android.apps.uploader/u0a68 (adj 15): empty #17
I/ActivityManager(  749): Killing 3423:com.google.android.gms.ui/u0a19 (adj 15): empty #17
W/PackageManager(  749): Package named 'edu.mines.wsninterface' doesn't exist.
I/ActivityManager(  749): Killing 25212:com.cyanogenmod.updater/u0a1 (adj 15): empty #17
W/ActivityManager(  749): No content provider found for permission revoke: file:///data/local/tmp/HelloIOIO.apk
W/ActivityManager(  749): No content provider found for permission revoke: file:///data/local/tmp/HelloIOIO.apk
I/PackageManager(  749): Copying native libraries to /data/app-lib/vmdl1723471974
I/ActivityManager(  749): Force stopping ioio.examples.hello appid=10111 user=-1: update pkg
D/BackupManagerService(  749): Received broadcast Intent { act=android.intent.action.PACKAGE_ADDED dat=package:ioio.examples.hello flg=0x4000010 (has extras) }
V/BackupManagerService(  749): addPackageParticipantsLocked: #1
I/PackageManager(  749): Adding preferred activity ComponentInfo{com.jb.gosms/com.jb.gosms.ui.ComposeMessageActivity} for user 0 :
I/PackageManager(  749): Adding preferred activity ComponentInfo{com.jb.gosms/com.jb.gosms.ui.ComposeMessageActivity} for user 0 :
I/PackageManager(  749): Adding preferred activity ComponentInfo{com.jb.gosms/com.jb.gosms.ui.ComposeMessageActivity} for user 0 :
I/PackageManager(  749): Adding preferred activity ComponentInfo{com.jb.gosms/com.jb.gosms.ui.ComposeMessageActivity} for user 0 :
I/PackageManager(  749): Adding preferred activity ComponentInfo{com.jb.gosms/com.jb.gosms.ui.ComposeMessageActivity} for user 0 :
W/BackupManagerService(  749): dataChanged but no participant pkg='com.cyanogenmod.trebuchet' uid=10014
I/PackageManager(  749): Adding preferred activity ComponentInfo{com.jb.gosms/com.jb.gosms.ui.ComposeMessageActivity} for user 0 :
I/ActivityManager(  749): Start proc com.google.android.partnersetup for broadcast com.google.android.partnersetup/.RlzPingBroadcastReceiver: pid=3825 uid=10025 gids={50025, 3003}
I/PackageManager(  749): Adding preferred activity ComponentInfo{com.jb.gosms/com.jb.gosms.ui.ComposeMessageActivity} for user 0 :
W/BackupManagerService(  749): dataChanged but no participant pkg='com.cyanogenmod.trebuchet' uid=10014
I/PackageManager(  749): Adding preferred activity ComponentInfo{com.jb.gosms/com.jb.gosms.ui.ComposeMessageActivity} for user 0 :
I/ActivityManager(  749): Delay finish: com.android.gallery3d/.app.PackagesMonitor
I/ActivityManager(  749): Resuming delayed broadcast
I/ActivityManager(  749): Start proc com.svox.pico for broadcast com.svox.pico/.VoiceDataInstallerReceiver: pid=3849 uid=10057 gids={50057, 1028, 1015}
I/ActivityManager(  749): Killing 25233:com.android.mms/u0a9 (adj 15): empty #17
I/ActivityManager(  749): Killing 25259:com.google.android.setupwizard/u0a26 (adj 15): empty #17
D/QMI_FW  (  749): QCCI: QMI_CCI_TX: cntl_flag - 00, txn_id - 042c, msg_id - 0039, msg_len - 0021
D/QMI_FW  (  749): QCCI: Sent[202]: 40 bytes to port 3072
D/QMI_FW  (  749): QCCI: reader_thread: Received 14 bytes from 202
D/QMI_FW  (  749): QCCI: QMI_CCI_RX: cntl_flag - 02, txn_id - 042c, msg_id - 0039, msg_len - 0007
D/QMI_FW  (  749): QCCI: reader_thread: Received 14 bytes from 202
D/QMI_FW  (  749): QCCI: QMI_CCI_RX: cntl_flag - 04, txn_id - 0000, msg_id - 0039, msg_len - 0007
I/ActivityManager(  749): Killing 23380:com.cyanogenmod.lockclock/u0a50 (adj 15): empty #17
I/ActivityManager(  749): Killing 25347:com.google.android.tts/u0a70 (adj 15): empty #17
D/MobileDataStateTracker(  749): dun: Broadcast received: android.intent.action.ANY_DATA_STATE apnType=dun
D/MobileDataStateTracker(  749): dun: Received state=DISCONNECTED, old=DISCONNECTED, reason=dataEnabled
D/MobileDataStateTracker(  749): supl: Broadcast received: android.intent.action.ANY_DATA_STATE apnType=supl
D/MobileDataStateTracker(  749): supl: Received state=DISCONNECTED, old=DISCONNECTED, reason=dataEnabled
D/MobileDataStateTracker(  749): hipri: Broadcast received: android.intent.action.ANY_DATA_STATE apnType=hipri
D/MobileDataStateTracker(  749): hipri: Received state=DISCONNECTED, old=DISCONNECTED, reason=dataEnabled
D/MobileDataStateTracker(  749): default: Broadcast received: android.intent.action.ANY_DATA_STATE apnType=default
D/MobileDataStateTracker(  749): default: Received state=DISCONNECTED, old=DISCONNECTED, reason=dataEnabled
D/MobileDataStateTracker(  749): mms: Broadcast received: android.intent.action.ANY_DATA_STATE apnType=mms
D/MobileDataStateTracker(  749): mms: Received state=DISCONNECTED, old=DISCONNECTED, reason=dataEnabled
D/MobileDataStateTracker(  749): dun: Broadcast received: android.intent.action.ANY_DATA_STATE apnType=dun
D/MobileDataStateTracker(  749): dun: Received state=DISCONNECTED, old=DISCONNECTED, reason=dataDetached
D/MobileDataStateTracker(  749): supl: Broadcast received: android.intent.action.ANY_DATA_STATE apnType=supl
D/MobileDataStateTracker(  749): supl: Received state=DISCONNECTED, old=DISCONNECTED, reason=dataDetached
D/MobileDataStateTracker(  749): hipri: Broadcast received: android.intent.action.ANY_DATA_STATE apnType=hipri
D/MobileDataStateTracker(  749): hipri: Received state=DISCONNECTED, old=DISCONNECTED, reason=dataDetached
D/MobileDataStateTracker(  749): default: Broadcast received: android.intent.action.ANY_DATA_STATE apnType=default
D/MobileDataStateTracker(  749): default: Received state=DISCONNECTED, old=DISCONNECTED, reason=dataDetached
D/MobileDataStateTracker(  749): mms: Broadcast received: android.intent.action.ANY_DATA_STATE apnType=mms
D/MobileDataStateTracker(  749): mms: Received state=DISCONNECTED, old=DISCONNECTED, reason=dataDetached
D/MobileDataStateTracker(  749): dun: Broadcast received: android.intent.action.ANY_DATA_STATE apnType=dun
D/MobileDataStateTracker(  749): dun: Received state=DISCONNECTED, old=DISCONNECTED, reason=roamingOff
D/MobileDataStateTracker(  749): supl: Broadcast received: android.intent.action.ANY_DATA_STATE apnType=supl
D/MobileDataStateTracker(  749): supl: Received state=DISCONNECTED, old=DISCONNECTED, reason=roamingOff
D/MobileDataStateTracker(  749): hipri: Broadcast received: android.intent.action.ANY_DATA_STATE apnType=hipri
D/MobileDataStateTracker(  749): hipri: Received state=DISCONNECTED, old=DISCONNECTED, reason=roamingOff
D/MobileDataStateTracker(  749): default: Broadcast received: android.intent.action.ANY_DATA_STATE apnType=default
D/MobileDataStateTracker(  749): default: Received state=DISCONNECTED, old=DISCONNECTED, reason=roamingOff
D/MobileDataStateTracker(  749): mms: Broadcast received: android.intent.action.ANY_DATA_STATE apnType=mms
D/MobileDataStateTracker(  749): mms: Received state=DISCONNECTED, old=DISCONNECTED, reason=roamingOff
D/MobileDataStateTracker(  749): dun: Broadcast received: android.intent.action.ANY_DATA_STATE apnType=dun
D/MobileDataStateTracker(  749): dun: Received state=DISCONNECTED, old=DISCONNECTED, reason=roamingOff
D/MobileDataStateTracker(  749): supl: Broadcast received: android.intent.action.ANY_DATA_STATE apnType=supl
D/MobileDataStateTracker(  749): supl: Received state=DISCONNECTED, old=DISCONNECTED, reason=roamingOff
D/MobileDataStateTracker(  749): hipri: Broadcast received: android.intent.action.ANY_DATA_STATE apnType=hipri
D/MobileDataStateTracker(  749): hipri: Received state=DISCONNECTED, old=DISCONNECTED, reason=roamingOff
D/MobileDataStateTracker(  749): default: Broadcast received: android.intent.action.ANY_DATA_STATE apnType=default
D/MobileDataStateTracker(  749): default: Received state=DISCONNECTED, old=DISCONNECTED, reason=roamingOff
D/MobileDataStateTracker(  749): mms: Broadcast received: android.intent.action.ANY_DATA_STATE apnType=mms
D/MobileDataStateTracker(  749): mms: Received state=DISCONNECTED, old=DISCONNECTED, reason=roamingOff
D/MobileDataStateTracker(  749): dun: Broadcast received: android.intent.action.ANY_DATA_STATE apnType=dun
D/MobileDataStateTracker(  749): dun: Received state=DISCONNECTED, old=DISCONNECTED, reason=simLoaded
D/MobileDataStateTracker(  749): supl: Broadcast received: android.intent.action.ANY_DATA_STATE apnType=supl
D/MobileDataStateTracker(  749): supl: Received state=DISCONNECTED, old=DISCONNECTED, reason=simLoaded
D/MobileDataStateTracker(  749): hipri: Broadcast received: android.intent.action.ANY_DATA_STATE apnType=hipri
D/MobileDataStateTracker(  749): hipri: Received state=DISCONNECTED, old=DISCONNECTED, reason=simLoaded
D/MobileDataStateTracker(  749): default: Broadcast received: android.intent.action.ANY_DATA_STATE apnType=default
D/MobileDataStateTracker(  749): default: Received state=DISCONNECTED, old=DISCONNECTED, reason=simLoaded
D/MobileDataStateTracker(  749): mms: Broadcast received: android.intent.action.ANY_DATA_STATE apnType=mms
D/MobileDataStateTracker(  749): mms: Received state=DISCONNECTED, old=DISCONNECTED, reason=simLoaded
D/MobileDataStateTracker(  749): dun: Broadcast received: android.intent.action.ANY_DATA_STATE apnType=dun
D/MobileDataStateTracker(  749): dun: Received state=DISCONNECTED, old=DISCONNECTED, reason=simLoaded
D/MobileDataStateTracker(  749): supl: Broadcast received: android.intent.action.ANY_DATA_STATE apnType=supl
D/MobileDataStateTracker(  749): supl: Received state=DISCONNECTED, old=DISCONNECTED, reason=simLoaded
D/MobileDataStateTracker(  749): hipri: Broadcast received: android.intent.action.ANY_DATA_STATE apnType=hipri
D/MobileDataStateTracker(  749): hipri: Received state=DISCONNECTED, old=DISCONNECTED, reason=simLoaded
D/MobileDataStateTracker(  749): default: Broadcast received: android.intent.action.ANY_DATA_STATE apnType=default
D/MobileDataStateTracker(  749): default: Received state=DISCONNECTED, old=DISCONNECTED, reason=simLoaded
I/ActivityManager(  749): Start proc com.android.calendar for broadcast com.android.calendar/.widget.CalendarAppWidgetService$CalendarFactory: pid=3935 uid=10034 gids={50034, 3003}
D/MobileDataStateTracker(  749): mms: Broadcast received: android.intent.action.ANY_DATA_STATE apnType=mms
D/MobileDataStateTracker(  749): mms: Received state=DISCONNECTED, old=DISCONNECTED, reason=simLoaded
I/ActivityManager(  749): Killing 25274:com.tinder/u0a87 (adj 15): empty #17
I/ActivityManager(  749): Start proc com.android.providers.calendar for content provider com.android.providers.calendar/.CalendarProvider2: pid=3954 uid=10002 gids={50002, 3003, 1028, 1015}
I/ActivityManager(  749): Killing 25317:com.google.android.apps.maps/u0a94 (adj 15): empty #17
W/AlarmManager(  749): Clear alarm type=4,alarmSeconds=1395669600
I/ActivityManager(  749): Start proc com.cyanogenmod.lockclock for broadcast com.cyanogenmod.lockclock/.ClockWidgetProvider: pid=3967 uid=10050 gids={50050, 3003}
I/ActivityManager(  749): Killing 25360:com.google.android.youtube/u0a83 (adj 15): empty #17
W/AlarmManager(  749): Clear alarm type=4,alarmSeconds=1395669600
I/PowerManagerService(  749): Going to sleep due to screen timeout...
D/MobileDataStateTracker(  749): dun: Broadcast received: android.intent.action.ANY_DATA_STATE apnType=dun
D/MobileDataStateTracker(  749): dun: Received state=DISCONNECTED, old=DISCONNECTED, reason=dataAttached
D/MobileDataStateTracker(  749): supl: Broadcast received: android.intent.action.ANY_DATA_STATE apnType=supl
D/MobileDataStateTracker(  749): supl: Received state=DISCONNECTED, old=DISCONNECTED, reason=dataAttached
D/MobileDataStateTracker(  749): hipri: Broadcast received: android.intent.action.ANY_DATA_STATE apnType=hipri
D/MobileDataStateTracker(  749): hipri: Received state=DISCONNECTED, old=DISCONNECTED, reason=dataAttached
D/MobileDataStateTracker(  749): mms: Broadcast received: android.intent.action.ANY_DATA_STATE apnType=mms
D/MobileDataStateTracker(  749): mms: Received state=DISCONNECTED, old=DISCONNECTED, reason=dataAttached
D/MobileDataStateTracker(  749): dun: Broadcast received: android.intent.action.ANY_DATA_STATE apnType=dun
D/MobileDataStateTracker(  749): dun: Received state=DISCONNECTED, old=DISCONNECTED, reason=dataAttached
D/MobileDataStateTracker(  749): supl: Broadcast received: android.intent.action.ANY_DATA_STATE apnType=supl
D/MobileDataStateTracker(  749): supl: Received state=DISCONNECTED, old=DISCONNECTED, reason=dataAttached
D/MobileDataStateTracker(  749): hipri: Broadcast received: android.intent.action.ANY_DATA_STATE apnType=hipri
D/MobileDataStateTracker(  749): hipri: Received state=DISCONNECTED, old=DISCONNECTED, reason=dataAttached
D/MobileDataStateTracker(  749): mms: Broadcast received: android.intent.action.ANY_DATA_STATE apnType=mms
D/MobileDataStateTracker(  749): mms: Received state=DISCONNECTED, old=DISCONNECTED, reason=dataAttached
D/MobileDataStateTracker(  749): default: Broadcast received: android.intent.action.ANY_DATA_STATE apnType=default
D/MobileDataStateTracker(  749): default: Received state=CONNECTING, old=DISCONNECTED, reason=SinglePdnArbitration
D/MobileDataStateTracker(  749): default: setDetailed state, old =DISCONNECTED and new state=CONNECTING
D/MobileDataStateTracker(  749): dun: Broadcast received: android.intent.action.ANY_DATA_STATE apnType=dun
D/MobileDataStateTracker(  749): dun: Received state=DISCONNECTED, old=DISCONNECTED, reason=SinglePdnArbitration
D/MobileDataStateTracker(  749): supl: Broadcast received: android.intent.action.ANY_DATA_STATE apnType=supl
D/MobileDataStateTracker(  749): supl: Received state=DISCONNECTED, old=DISCONNECTED, reason=SinglePdnArbitration
D/MobileDataStateTracker(  749): hipri: Broadcast received: android.intent.action.ANY_DATA_STATE apnType=hipri
D/MobileDataStateTracker(  749): hipri: Received state=DISCONNECTED, old=DISCONNECTED, reason=SinglePdnArbitration
D/MobileDataStateTracker(  749): mms: Broadcast received: android.intent.action.ANY_DATA_STATE apnType=mms
D/MobileDataStateTracker(  749): mms: Received state=DISCONNECTED, old=DISCONNECTED, reason=SinglePdnArbitration
D/QMI_FW  (  749): QCCI: QMI_CCI_TX: cntl_flag - 00, txn_id - 042d, msg_id - 0039, msg_len - 0021
D/QMI_FW  (  749): QCCI: Sent[202]: 40 bytes to port 3072
D/QMI_FW  (  749): QCCI: reader_thread: Received 14 bytes from 202
D/QMI_FW  (  749): QCCI: QMI_CCI_RX: cntl_flag - 02, txn_id - 042d, msg_id - 0039, msg_len - 0007
D/QMI_FW  (  749): QCCI: reader_thread: Received 14 bytes from 202
D/QMI_FW  (  749): QCCI: QMI_CCI_RX: cntl_flag - 04, txn_id - 0000, msg_id - 0039, msg_len - 0007
I/PackageManager(  749): Adding preferred activity ComponentInfo{com.jb.gosms/com.jb.gosms.ui.ComposeMessageActivity} for user 0 :
I/PackageManager(  749): Adding preferred activity ComponentInfo{com.jb.gosms/com.jb.gosms.ui.ComposeMessageActivity} for user 0 :
I/PackageManager(  749): Adding preferred activity ComponentInfo{com.jb.gosms/com.jb.gosms.ui.ComposeMessageActivity} for user 0 :
I/PackageManager(  749): Adding preferred activity ComponentInfo{com.jb.gosms/com.jb.gosms.ui.ComposeMessageActivity} for user 0 :
I/ActivityManager(  749): Start proc org.whispersystems.whisperpush for broadcast org.whispersystems.whisperpush/.sms.SmsListener: pid=4080 uid=10067 gids={50067, 3003}
I/ActivityManager(  749): Killing 3662:com.android.keychain/1000 (adj 15): empty #17
I/ActivityManager(  749): START u0 {flg=0x10800000 cmp=com.jb.gosms/.smspopup.SmsPopupActivity (has extras)} from pid 2867
I/PowerManagerService(  749): Waking up from sleep...
I/WindowManager(  749): Lock screen displayed!
I/PowerManagerService(  749): Going to sleep by user request...
I/PowerManagerService(  749): Waking up from sleep...
I/WindowManager(  749): Lock screen displayed!
W/InputMethodManagerService(  749): Window already focused, ignoring focus gain of: com.android.internal.view.IInputMethodClient$Stub$Proxy@42a73e98 attribute=android.view.inputmethod.EditorInfo@42066778, token = android.os.BinderProxy@418cb670
I/PowerManagerService(  749): Going to sleep by user request...
I/ActivityManager(  749): Start proc com.google.android.apps.maps for service com.google.android.apps.maps/com.google.android.apps.gmm.prefetch.PrefetcherService: pid=4227 uid=10094 gids={50094, 3003, 1028, 1015}
W/ActivityThread( 4227): ClassLoader.loadClass: The class loader returned by Thread.getContextClassLoader() may fail for processes that host multiple applications. You should explicitly specify a context class loader. For example: Thread.setContextClassLoader(getClass().getClassLoader());
I/ActivityManager(  749): Start proc com.google.android.tts for service com.google.android.tts/.service.GoogleTTSService: pid=4258 uid=10070 gids={50070, 3003, 1028, 1015}
D/MobileDataStateTracker(  749): default: Broadcast received: android.intent.action.ANY_DATA_STATE apnType=default
D/MobileDataStateTracker(  749): default: Received state=DISCONNECTED, old=CONNECTING, reason=lostDataConnection
D/MobileDataStateTracker(  749): default: setDetailed state, old =CONNECTING and new state=DISCONNECTED
D/ConnectivityService(  749): ConnectivityChange for mobile: DISCONNECTED/DISCONNECTED
D/ConnectivityService(  749): Attempting to switch to WIFI
D/ConnectivityService(  749): Attempting to switch to BLUETOOTH_TETHER
D/Nat464Xlat(  749): requiresClat: netType=0, hasIPv4Address=true
D/MobileDataStateTracker(  749): default: setPolicyDataEnable(enabled=true)
D/MobileDataStateTracker(  749): default: setPolicyDataEnable(enabled=true)
D/MobileDataStateTracker(  749): default: setPolicyDataEnable(enabled=true)
D/MobileDataStateTracker(  749): default: setPolicyDataEnable(enabled=true)
I/ActivityManager(  749): Killing 3743:com.android.externalstorage/u0a7 (adj 15): empty #17
I/ActivityManager(  749): Killing 3713:com.android.documentsui/u0a40 (adj 15): empty #18
