V/GetJar SDK [com.jb.gosms]( 2867): CONFIG: GetJarConfig getDirectiveValue() Using CONFIG value: 'logging.remote.areas' = 'ALL'
V/GetJar SDK [com.jb.gosms]( 2867): CONFIG: GetJarConfig getDirectiveValue() FINISHED [key='logging.remote.areas']
D/GetJar SDK [com.jb.gosms]( 2867): LOGGING|CONFIG: AppenderBase: configureAppender() Appender com.getjar.sdk.logging.RemoteAppender configured [enabled=false level=WARN areas=ALL]
V/GetJar SDK [com.jb.gosms]( 2867): CONFIG: GetJarConfig getDirectiveValue() START [key='logging.remote.max_batch_count']
V/GetJar SDK [com.jb.gosms]( 2867): CONFIG: GetJarConfig getDirectiveValue() Using CONFIG value: 'logging.remote.max_batch_count' = '100'
V/GetJar SDK [com.jb.gosms]( 2867): CONFIG: GetJarConfig getDirectiveValue() FINISHED [key='logging.remote.max_batch_count']
V/GetJar SDK [com.jb.gosms]( 2867): CONFIG: GetJarConfig getDirectiveValue() START [key='logging.remote.max_wait_interval']
V/GetJar SDK [com.jb.gosms]( 2867): STORAGE: BasicCache: getCacheEntry() Found a cache entry for authCache.authenticationToken
I/GetJar SDK [com.jb.gosms]( 2867): AUTH: AuthFlow: ensureAuthInternal() finishing with state:AUTHED
V/GetJar SDK [com.jb.gosms]( 2867): CONFIG: GetJarConfig getDirectiveValue() Using CONFIG value: 'logging.remote.max_wait_interval' = '60'
V/GetJar SDK [com.jb.gosms]( 2867): CONFIG: GetJarConfig getDirectiveValue() FINISHED [key='logging.remote.max_wait_interval']
V/GetJar SDK [com.jb.gosms]( 2867): COMM: CommManager: createContextInternal() [thread:4877] Creating CommContext instance
V/GetJar SDK [com.jb.gosms]( 2867): COMM: CommContext: creating DeviceMetadata instance
V/GetJar SDK [com.jb.gosms]( 2867): AUTH: AuthFlow: waitOnAuth() START [stack::VMStack.java.-2:Thread.java.579:Logger.java.135:AuthManager.java.875:NetworkStateReceiver.java.107:NetworkStateReceiver.java.50:Thread.java.841]
V/GetJar SDK [com.jb.gosms]( 2867): AUTH: AuthFlow: waitOnAuth() FINISHED [stack::VMStack.java.-2:Thread.java.579:Logger.java.135:AuthManager.java.893:NetworkStateReceiver.java.107:NetworkStateReceiver.java.50:Thread.java.841]
V/GetJar SDK [com.jb.gosms]( 2867): TRANSACTION: TransactionManager: recoverOrphanedTransactions() [thread: 4876]
V/GetJar SDK [com.jb.gosms]( 2867): COMM: UserAgentValuesManager: getWebKitUserAgent() START
V/GetJar SDK [com.jb.gosms]( 2867): COMM: UserAgentValuesManager: getWebKitUserAgent() FINISHED
V/GetJar SDK [com.jb.gosms]( 2867): COMM: UserAgentValuesManager: getWebKitUserAgent() START
V/GetJar SDK [com.jb.gosms]( 2867): COMM: UserAgentValuesManager: getWebKitUserAgent() FINISHED
V/GetJar SDK [com.jb.gosms]( 2867): COMM: CommContext: calling UserAgentValuesManager.getSdkUserAgent()
I/GetJar SDK [com.jb.gosms]( 2867): COMM: CommManager: createContextInternal() [thread:4877] Created a NEW CommContext from com.getjar.sdk.comm.CommManager.createContext() [PID:2867] [AppToken:aee489e3-da34-4327-b1b7-ca786d1d7a87] [CommContext.Id:4047ce54-351e-4034-a702-904c29a25729]
D/GetJar SDK [com.jb.gosms]( 2867): AUTH: AuthFlow: ensureAuthInternal() START [state:AUTHED]
V/GetJar SDK [com.jb.gosms]( 2867): STORAGE: BasicCache: getCacheEntry() Found a cache entry for authCache.authenticationToken
V/GetJar SDK [com.jb.gosms]( 2867): STORAGE: BasicCache: getCacheEntry() Found a cache entry for authCache.authenticationToken
I/GetJar SDK [com.jb.gosms]( 2867): AUTH: AuthFlow: ensureAuthInternal() finishing with state:AUTHED
V/GetJar SDK [com.jb.gosms]( 2867): AUTH: AuthFlow: waitOnAuth() START [stack::VMStack.java.-2:Thread.java.579:Logger.java.135:AuthManager.java.875:NetworkStateReceiver.java.107:NetworkStateReceiver.java.50:Thread.java.841]
V/GetJar SDK [com.jb.gosms]( 2867): AUTH: AuthFlow: waitOnAuth() FINISHED [stack::VMStack.java.-2:Thread.java.579:Logger.java.135:AuthManager.java.893:NetworkStateReceiver.java.107:NetworkStateReceiver.java.50:Thread.java.841]
V/GetJar SDK [com.jb.gosms]( 2867): TRANSACTION: TransactionManager: recoverOrphanedTransactions() [thread: 4877]
I/GetJar SDK [com.jb.gosms]( 2867): TRANSACTION|STORAGE: DBTransactions: waitForUserAccess() START [:VMStack.java.-2:Thread.java.579:Logger.java.135:DBTransactions.java.116:TransactionManager.java.663:NetworkStateReceiver.java.111:NetworkStateReceiver.java.50:Thread.java.841]
V/GetJar SDK [com.jb.gosms]( 2867): AUTH: AuthFlow: waitOnAuth() START [stack::VMStack.java.-2:Thread.java.579:Logger.java.135:AuthManager.java.875:DBTransactions.java.118:TransactionManager.java.663:NetworkStateReceiver.java.111:NetworkStateReceiver.java.50:Thread.java.841]
V/GetJar SDK [com.jb.gosms]( 2867): AUTH: AuthFlow: waitOnAuth() FINISHED [stack::VMStack.java.-2:Thread.java.579:Logger.java.135:AuthManager.java.893:DBTransactions.java.118:TransactionManager.java.663:NetworkStateReceiver.java.111:NetworkStateReceiver.java.50:Thread.java.841]
I/GetJar SDK [com.jb.gosms]( 2867): TRANSACTION|STORAGE: DBTransactions: waitForUserAccess() DONE
D/GetJar SDK [com.jb.gosms]( 2867): TRANSACTION|STORAGE: TransactionManager: Found 0 total transactions and 0 orphaned purchase transactions
I/GetJar SDK [com.jb.gosms]( 2867): TRANSACTION|STORAGE: DBTransactions: waitForUserAccess() START [:VMStack.java.-2:Thread.java.579:Logger.java.135:DBTransactions.java.116:TransactionManager.java.663:NetworkStateReceiver.java.111:NetworkStateReceiver.java.50:Thread.java.841]
V/GetJar SDK [com.jb.gosms]( 2867): AUTH: AuthFlow: waitOnAuth() START [stack::VMStack.java.-2:Thread.java.579:Logger.java.135:AuthManager.java.875:DBTransactions.java.118:TransactionManager.java.663:NetworkStateReceiver.java.111:NetworkStateReceiver.java.50:Thread.java.841]
V/GetJar SDK [com.jb.gosms]( 2867): AUTH: AuthFlow: waitOnAuth() FINISHED [stack::VMStack.java.-2:Thread.java.579:Logger.java.135:AuthManager.java.893:DBTransactions.java.118:TransactionManager.java.663:NetworkStateReceiver.java.111:NetworkStateReceiver.java.50:Thread.java.841]
I/GetJar SDK [com.jb.gosms]( 2867): TRANSACTION|STORAGE: DBTransactions: waitForUserAccess() DONE
D/GetJar SDK [com.jb.gosms]( 2867): TRANSACTION|STORAGE: TransactionManager: Found 0 total transactions and 0 orphaned purchase transactions
D/TelephonyProvider(  983): Preferred APN: -1
D/MobileConnectivityChangeReceiver( 6837): onReceive Intent { act=android.net.conn.CONNECTIVITY_CHANGE flg=0x4000010 cmp=com.google.android.setupwizard/.MobileConnectivityChangeReceiver (has extras) }
D/MobileConnectivityChangeReceiver( 6837): onReceive CONNECTIVITY_CHANGE networkType=0
D/MobileConnectivityChangeReceiver( 6837): onReceive CONNECTIVITY_CHANGE: not connected|connecting, ignore
D/WeatherUpdateService( 3967): Service started, but shouldn't update ... stopping
D/GCM     ( 1215): GcmService start Intent { act=android.net.conn.CONNECTIVITY_CHANGE flg=0x4000010 cmp=com.google.android.gms/.gcm.GcmService (has extras) } android.net.conn.CONNECTIVITY_CHANGE
D/TelephonyProvider(  983): Preferred APN: -1
D/NewContentCheckerReceiver( 6737): -----
D/NewContentCheckerReceiver( 6737): onReceive() called
D/NewContentCheckerReceiver( 6737): Action: android.net.conn.CONNECTIVITY_CHANGE
D/NewContentCheckerReceiver( 6737): onReceive() cancelled, duplicate call
D/YouTube ( 5540): apps.youtube.app.prefetch.PrefetchService$DeviceStateReceiver.onReceive:533 Got device state change intent: android.net.conn.CONNECTIVITY_CHANGE
D/YouTube ( 5540): apps.youtube.app.prefetch.PrefetchService.onStartCommand:166 PrefetchService started at 22 Mar 2014 00:22:17 GMT
D/YouTube ( 5540): apps.youtube.app.prefetch.PrefetchService.q_:245 Download snapshot restored
I/UpdateCheckReceiver( 6790): Got connectivity change, has connection: true
I/UpdateCheckReceiver( 6790): Scheduling future, repeating update checks.
D/YouTube ( 5540): apps.youtube.app.prefetch.PrefetchService.onDestroy:215 PrefetchService destroyed at 22 Mar 2014 00:22:17 GMT
D/CMStats (11294): Waiting for next sync : 4 hours
D/MobileConnectivityChangeReceiver( 6837): onReceive Intent { act=android.net.conn.CONNECTIVITY_CHANGE flg=0x4000010 cmp=com.google.android.setupwizard/.MobileConnectivityChangeReceiver (has extras) }
D/MobileConnectivityChangeReceiver( 6837): onReceive CONNECTIVITY_CHANGE networkType=1
D/WeatherUpdateService( 3967): Service started, but shouldn't update ... stopping
D/GCM     ( 1215): GcmService start Intent { act=android.net.conn.CONNECTIVITY_CHANGE flg=0x4000010 cmp=com.google.android.gms/.gcm.GcmService (has extras) } android.net.conn.CONNECTIVITY_CHANGE
D/NewContentCheckerReceiver( 6737): -----
D/NewContentCheckerReceiver( 6737): onReceive() called
D/NewContentCheckerReceiver( 6737): Action: android.net.conn.CONNECTIVITY_CHANGE
D/NewContentCheckerReceiver( 6737): onReceive() cancelled, duplicate call
D/YouTube ( 5540): apps.youtube.app.prefetch.PrefetchService$DeviceStateReceiver.onReceive:533 Got device state change intent: android.net.conn.CONNECTIVITY_CHANGE
D/YouTube ( 5540): apps.youtube.app.prefetch.PrefetchService.onStartCommand:166 PrefetchService started at 22 Mar 2014 00:22:17 GMT
D/YouTube ( 5540): apps.youtube.app.prefetch.PrefetchService.q_:245 Download snapshot restored
D/YouTube ( 5540): apps.youtube.app.prefetch.PrefetchService.onDestroy:215 PrefetchService destroyed at 22 Mar 2014 00:22:17 GMT
E/Sensors (  749): accelHandler 0.102986 -9.972861 0.367635
D/ConnectivityService(  749): handleInetConditionHoldEnd: net=1, condition=100, published condition=100
E/Sensors (  749): accelHandler -0.076641 -10.015972 -1.808240
E/Sensors (  749): accelHandler 0.222737 -10.291399 -2.908751
E/Sensors (  749): accelHandler 3.792513 -12.416979 -0.023950
V/Sensors (  749): enable - sensor Accelerometer (handle 4) en -> dis
E/Sensors (  749): mEnabled = 0
E/Sensors (  749): activatePendingSensors : mEnabled = 0
E/Sensors (  749): requested_sensors(70) from kernel
I/MPL-mldl_cfg_mpu:(  749): inv_mpu_suspend(,,,,7fff) -> 0000
V/Sensors (  749): calling inv_set_mpu_sensors(000000)
V/Sensors (  749): Starting DMP
W/MPL-9_sup(  749): 9 axis sensor fusion not available - No compass detected.
I/MPL-mldl_cfg_mpu:(  749): inv_mpu_resume(,,,,0000) -> 0000
V/Sensors (  749): Stopping DMP
I/MPL-mldl_cfg_mpu:(  749): inv_mpu_suspend(,,,,7fff) -> 0000
E/        (  749): ../../accel.c|inv_get_accel_offset|211 returning 19
V/Sensors (  749): enable - sensor Accelerometer (handle 4) dis -> en
E/Sensors (  749): mEnabled = 10
V/Sensors (  749): setDelay - sensor Accelerometer (handle 4), rate 20 ms (50.00 Hz)
V/Sensors (  749): setDelay - sensor Accelerometer (handle 4), rate 20 ms (50.00 Hz)
E/Sensors (  749): activatePendingSensors : mEnabled = 10
E/Sensors (  749): requested_sensors(0) from kernel
V/Sensors (  749): calling inv_set_mpu_sensors(000070)
I/MPL-fifo(  749): Actual ODR: 50000 mHz
E/Sensors (  749): set fifo rate - divider : 3, delay : 20 ms (50.00 Hz)
I/MPL-fifo(  749): Actual ODR: 50000 mHz
V/Sensors (  749): Starting DMP
W/MPL-9_sup(  749): 9 axis sensor fusion not available - No compass detected.
I/MPL-mldl_cfg_mpu:(  749): inv_mpu_resume(,,,,0070) -> 0070
I/R2Mail2 PushMailService( 3374): PushMailService received start id 43 and flag 0: Intent { act=at.rundquadrat.android.r2mail2.intent.action.ACTION_RESTART_PUSHMAIL cmp=at.rundquadrat.android.r2mail2/.service.PushMailService (has extras) }
I/R2Mail2 PushMailService( 3374): PushMailService received start id 44 and flag 0: Intent { act=at.rundquadrat.android.r2mail2.intent.action.ACTION_RESTART_PUSHMAIL cmp=at.rundquadrat.android.r2mail2/.service.PushMailService (has extras) }
I/R2Mail2 MailService( 3374): Received start id 1 and flag 0: Intent { act=at.rundquadrat.android.r2mail2.intent.action.ACTION_UPLOAD_SEND_MSGS cmp=at.rundquadrat.android.r2mail2/.service.MailService (has extras) }
E/Sensors (  749): accelHandler 2.386637 -12.020603 -0.301772
E/Sensors (  749): accelHandler 4.352948 -17.312399 -1.689686
I/Transport Matt (Personal)( 3374): trying to get folder: INBOX
I/PowerManagerService(  749): Waking up from sleep...
I/Transport Matt (School)( 3374): trying to get folder: INBOX
D/SurfaceFlinger(  308): Screen acquired, type=0 flinger=0xb7ece450
D/qdhwcomposer(  308): hwc_blank: Unblanking display: 0
I/WindowManager(  749): Lock screen displayed!
E/Sensors (  749): accelHandler -1.489702 7.990983 4.323010
D/qdhwcomposer(  308): hwc_blank: Done unblanking display: 0
D/SurfaceControl(  749): Excessive delay in unblankDisplay() while turning screen on: 222ms
I/Transport Matt (Personal)( 3374): opened folder to refresh: INBOX
D/GetJar SDK [com.jb.gosms]( 2867): OS_ENTRY_POINT: UsageScreenReceiver onReceive start()
I/GetJar SDK [com.jb.gosms]( 2867): TRANSACTION|EARN: Earning: EarningScreenReceiver: screen on
V/GetJar SDK [com.jb.gosms]( 2867): TRANSACTION|EARN: Earning: EarningMonitor: starting earning monitoring thread with a monitoring interval of 3000
V/GetJar SDK [com.jb.gosms]( 2867): TRANSACTION|EARN: Earning: EarningMonitor: earning monitoring thread [instantiated]
V/GetJar SDK [com.jb.gosms]( 2867): TRANSACTION|EARN: Earning: EarningMonitor: earning monitoring thread [start() called]
V/GetJar SDK [com.jb.gosms]( 2867): TRANSACTION|EARN: Earning: EarningMonitor: earning monitoring thread started [thread id: 4888]
I/GetJar SDK [com.jb.gosms]( 2867): USAGE: Usage: UsageScreenReceiver: screen on
D/GetJar SDK [com.jb.gosms]( 2867): OS_ENTRY_POINT: GetJarService.onStartCommand() START
D/GetJar SDK [com.jb.gosms]( 2867): CONFIG: GetJarConfig()::getInstance() -- re-using existing GetJarConfig instance
V/GetJar SDK [com.jb.gosms]( 2867): CONFIG: GetJarConfig getDirectiveValue() START [key='usage.monitoring.enabled']
V/GetJar SDK [com.jb.gosms]( 2867): CONFIG: GetJarConfig getDirectiveValue() Using SERVER defined value: 'usage.monitoring.enabled' = 'true'
V/GetJar SDK [com.jb.gosms]( 2867): CONFIG: GetJarConfig getDirectiveValue() FINISHED [key='usage.monitoring.enabled']
D/GetJar SDK [com.jb.gosms]( 2867): USAGE|CONFIG: UsageManager isMonitoringEnabled: true
D/YouTube MDX( 5540): Recieved intent android.intent.action.SCREEN_ON
D/GetJar SDK [com.jb.gosms]( 2867): AUTH|TRANSACTION|EARN: Earning: EarningMonitor: EarningMonitoringThread: started [thread:4888]
V/GetJar SDK [com.jb.gosms]( 2867): AUTH: AuthFlow: waitOnAuth() START [stack::VMStack.java.-2:Thread.java.579:Logger.java.135:AuthManager.java.875:EarningMonitor.java.299]
V/GetJar SDK [com.jb.gosms]( 2867): AUTH: AuthFlow: waitOnAuth() FINISHED [stack::VMStack.java.-2:Thread.java.579:Logger.java.135:AuthManager.java.893:EarningMonitor.java.299]
D/GetJar SDK [com.jb.gosms]( 2867): TRANSACTION|EARN: Earning: EarningMonitor: EarningMonitoringThread: exiting [thread:4888]
D/GetJar SDK [com.jb.gosms]( 2867): OS_ENTRY_POINT: GetJarService.onStartCommand() FINISHED
D/GetJar SDK [com.jb.gosms]( 2867): CONFIG: GetJarConfig()::getInstance() -- re-using existing GetJarConfig instance
V/GetJar SDK [com.jb.gosms]( 2867): CONFIG: GetJarConfig getDirectiveValue() START [key='usage.background.send.enabled']
V/GetJar SDK [com.jb.gosms]( 2867): CONFIG: GetJarConfig getDirectiveValue() Using SERVER defined value: 'usage.background.send.enabled' = 'true'
V/GetJar SDK [com.jb.gosms]( 2867): CONFIG: GetJarConfig getDirectiveValue() FINISHED [key='usage.background.send.enabled']
D/GetJar SDK [com.jb.gosms]( 2867): USAGE|CONFIG: UsageManager getBackgroundSendEnabled: true
D/GetJar SDK [com.jb.gosms]( 2867): CONFIG: GetJarConfig()::getInstance() -- re-using existing GetJarConfig instance
V/GetJar SDK [com.jb.gosms]( 2867): CONFIG: GetJarConfig getDirectiveValue() START [key='usage.monitoring.enabled']
V/GetJar SDK [com.jb.gosms]( 2867): CONFIG: GetJarConfig getDirectiveValue() Using SERVER defined value: 'usage.monitoring.enabled' = 'true'
D/GetJar SDK [com.jb.gosms]( 2867): CONFIG: GetJarConfig()::getInstance() -- re-using existing GetJarConfig instance
V/GetJar SDK [com.jb.gosms]( 2867): CONFIG: GetJarConfig getDirectiveValue() FINISHED [key='usage.monitoring.enabled']
V/GetJar SDK [com.jb.gosms]( 2867): CONFIG: GetJarConfig getDirectiveValue() START [key='usage.package_filter.regex']
D/GetJar SDK [com.jb.gosms]( 2867): USAGE|CONFIG: UsageManager isMonitoringEnabled: true
V/GetJar SDK [com.jb.gosms]( 2867): CONFIG: GetJarConfig getDirectiveValue() Using SERVER defined value: 'usage.package_filter.regex' = '^(com\.)?(android|sec|htc|sonyericsson|motorola|lge|pantech|huawei|asus)(\..*|$)'
V/GetJar SDK [com.jb.gosms]( 2867): CONFIG: GetJarConfig getDirectiveValue() FINISHED [key='usage.package_filter.regex']
V/GetJar SDK [com.jb.gosms]( 2867): USAGE: UsageMonitor: startMonitoring() usage send START
D/GetJar SDK [com.jb.gosms]( 2867): USAGE|CONFIG: UsageManager getFilterRegex: ^(com\.)?(android|sec|htc|sonyericsson|motorola|lge|pantech|huawei|asus)(\..*|$)
D/GetJar SDK [com.jb.gosms]( 2867): CONFIG: GetJarConfig()::getInstance() -- re-using existing GetJarConfig instance
D/GetJar SDK [com.jb.gosms]( 2867): BUY_GOLD: GooglePlayBillingService handleCommand - action null
V/GetJar SDK [com.jb.gosms]( 2867): CONFIG: GetJarConfig getDirectiveValue() START [key='usage.package_filter.system']
V/GetJar SDK [com.jb.gosms]( 2867): CONFIG: GetJarConfig getDirectiveValue() Using SERVER defined value: 'usage.package_filter.system' = 'false'
V/GetJar SDK [com.jb.gosms]( 2867): CONFIG: GetJarConfig getDirectiveValue() FINISHED [key='usage.package_filter.system']
D/GetJar SDK [com.jb.gosms]( 2867): USAGE|CONFIG: UsageManager isFilterSystemEnabled: false
I/Transport Matt (School)( 3374): opened folder to refresh: INBOX
V/Sensors (  749): enable - sensor Accelerometer (handle 4) en -> dis
E/Sensors (  749): mEnabled = 0
E/Sensors (  749): activatePendingSensors : mEnabled = 0
E/Sensors (  749): requested_sensors(70) from kernel
I/MPL-mldl_cfg_mpu:(  749): inv_mpu_suspend(,,,,7fff) -> 0000
V/Sensors (  749): calling inv_set_mpu_sensors(000000)
V/Sensors (  749): Starting DMP
W/MPL-9_sup(  749): 9 axis sensor fusion not available - No compass detected.
I/MPL-mldl_cfg_mpu:(  749): inv_mpu_resume(,,,,0000) -> 0000
V/Sensors (  749): Stopping DMP
I/MPL-mldl_cfg_mpu:(  749): inv_mpu_suspend(,,,,7fff) -> 0000
I/PowerManagerService(  749): Going to sleep by user request...
D/LightsService(  749): Excessive delay setting light: 53ms
D/SurfaceFlinger(  308): Screen released, type=0 flinger=0xb7ece450
D/qdhwcomposer(  308): hwc_blank: Blanking display: 0
D/qdhwcomposer(  308): hwc_blank: Done blanking display: 0
D/SurfaceControl(  749): Excessive delay in blankDisplay() while turning screen off: 180ms
E/Sensors (  749): Sleep Event : mEnabled = 0
D/GetJar SDK [com.jb.gosms]( 2867): OS_ENTRY_POINT: UsageScreenReceiver onReceive start()
I/GetJar SDK [com.jb.gosms]( 2867): TRANSACTION|EARN: Earning: EarningScreenReceiver: screen off
V/GetJar SDK [com.jb.gosms]( 2867): TRANSACTION|EARN: Earning: EarningMonitor: earning monitoring thread stopped [thread id: null]
I/GetJar SDK [com.jb.gosms]( 2867): USAGE: Usage: UsageScreenReceiver: screen off
D/GetJar SDK [com.jb.gosms]( 2867): CONFIG: GetJarConfig()::getInstance() -- re-using existing GetJarConfig instance
V/GetJar SDK [com.jb.gosms]( 2867): CONFIG: GetJarConfig getDirectiveValue() START [key='usage.background.send.enabled']
V/GetJar SDK [com.jb.gosms]( 2867): CONFIG: GetJarConfig getDirectiveValue() Using SERVER defined value: 'usage.background.send.enabled' = 'true'
V/GetJar SDK [com.jb.gosms]( 2867): CONFIG: GetJarConfig getDirectiveValue() FINISHED [key='usage.background.send.enabled']
D/GetJar SDK [com.jb.gosms]( 2867): USAGE|CONFIG: UsageManager getBackgroundSendEnabled: true
D/GetJar SDK [com.jb.gosms]( 2867): CONFIG: GetJarConfig()::getInstance() -- re-using existing GetJarConfig instance
V/GetJar SDK [com.jb.gosms]( 2867): CONFIG: GetJarConfig getDirectiveValue() START [key='usage.monitoring.enabled']
V/GetJar SDK [com.jb.gosms]( 2867): CONFIG: GetJarConfig getDirectiveValue() Using SERVER defined value: 'usage.monitoring.enabled' = 'true'
V/GetJar SDK [com.jb.gosms]( 2867): CONFIG: GetJarConfig getDirectiveValue() FINISHED [key='usage.monitoring.enabled']
D/GetJar SDK [com.jb.gosms]( 2867): USAGE|CONFIG: UsageManager isMonitoringEnabled: true
V/GetJar SDK [com.jb.gosms]( 2867): USAGE: UsageMonitor: startMonitoring() usage send FINISHED
D/MoPub   (12078): Screen sleep but ad in background; refresh should already be disabled
I/ActivityManager(  749): Timeline: Activity_windows_visible id: ActivityRecord{420cf718 u0 com.jb.gosms/.ui.ComposeMessageActivity t16} time:33954147
D/YouTube ( 5540): apps.youtube.app.prefetch.f.onReceive:366 Received: android.intent.action.SCREEN_OFF
D/YouTube MDX( 5540): Recieved intent android.intent.action.SCREEN_OFF
D/GetJar SDK [com.jb.gosms]( 2867): USAGE: UsageMonitor: UsageMonitoringThread: exiting [thread:4890]
V/GetJar SDK [com.jb.gosms]( 2867): USAGE: UsageMonitor: usage monitoring thread stopped [thread id: 4890]
D/GetJar SDK [com.jb.gosms]( 2867): CONFIG: GetJarConfig()::getInstance() -- re-using existing GetJarConfig instance
V/GetJar SDK [com.jb.gosms]( 2867): CONFIG: GetJarConfig getDirectiveValue() START [key='usage.background.send.enabled']
V/GetJar SDK [com.jb.gosms]( 2867): CONFIG: GetJarConfig getDirectiveValue() Using SERVER defined value: 'usage.background.send.enabled' = 'true'
V/GetJar SDK [com.jb.gosms]( 2867): CONFIG: GetJarConfig getDirectiveValue() FINISHED [key='usage.background.send.enabled']
D/GetJar SDK [com.jb.gosms]( 2867): USAGE|CONFIG: UsageManager getBackgroundSendEnabled: true
D/GetJar SDK [com.jb.gosms]( 2867): CONFIG: GetJarConfig()::getInstance() -- re-using existing GetJarConfig instance
V/GetJar SDK [com.jb.gosms]( 2867): CONFIG: GetJarConfig getDirectiveValue() START [key='usage.monitoring.enabled']
V/GetJar SDK [com.jb.gosms]( 2867): CONFIG: GetJarConfig getDirectiveValue() Using SERVER defined value: 'usage.monitoring.enabled' = 'true'
V/GetJar SDK [com.jb.gosms]( 2867): CONFIG: GetJarConfig getDirectiveValue() FINISHED [key='usage.monitoring.enabled']
D/GetJar SDK [com.jb.gosms]( 2867): USAGE|CONFIG: UsageManager isMonitoringEnabled: true
D/GetJar SDK [com.jb.gosms]( 2867): CONFIG: GetJarConfig()::getInstance() -- re-using existing GetJarConfig instance
V/GetJar SDK [com.jb.gosms]( 2867): CONFIG: GetJarConfig getDirectiveValue() START [key='usage.background.send.interval']
V/GetJar SDK [com.jb.gosms]( 2867): CONFIG: GetJarConfig getDirectiveValue() Using SERVER defined value: 'usage.background.send.interval' = '3600'
V/GetJar SDK [com.jb.gosms]( 2867): CONFIG: GetJarConfig getDirectiveValue() FINISHED [key='usage.background.send.interval']
D/GetJar SDK [com.jb.gosms]( 2867): USAGE|CONFIG: UsageManager getBackgroundSendIntervalMilliseconds: 3600000
V/GetJar SDK [com.jb.gosms]( 2867): USAGE: UsageReporter: Exiting sendUnsyncedData bacause last send occured less than '3600' seconds ago.
D/GetJar SDK [com.jb.gosms]( 2867): CONFIG: GetJarConfig()::getInstance() -- re-using existing GetJarConfig instance
V/GetJar SDK [com.jb.gosms]( 2867): CONFIG: GetJarConfig getDirectiveValue() START [key='usage.request.time_window']
V/GetJar SDK [com.jb.gosms]( 2867): CONFIG: GetJarConfig getDirectiveValue() Using SERVER defined value: 'usage.request.time_window' = '86400'
V/GetJar SDK [com.jb.gosms]( 2867): CONFIG: GetJarConfig getDirectiveValue() FINISHED [key='usage.request.time_window']
D/GetJar SDK [com.jb.gosms]( 2867): USAGE|CONFIG: UsageManager getRequestTimeWindowMilliseconds: 86400000
D/GetJar SDK [com.jb.gosms]( 2867): CONFIG: GetJarConfig()::getInstance() -- re-using existing GetJarConfig instance
V/GetJar SDK [com.jb.gosms]( 2867): CONFIG: GetJarConfig getDirectiveValue() START [key='usage.request.time_window_count']
V/GetJar SDK [com.jb.gosms]( 2867): CONFIG: GetJarConfig getDirectiveValue() Using SERVER defined value: 'usage.request.time_window_count' = '7'
V/GetJar SDK [com.jb.gosms]( 2867): CONFIG: GetJarConfig getDirectiveValue() FINISHED [key='usage.request.time_window_count']
D/GetJar SDK [com.jb.gosms]( 2867): USAGE|CONFIG: UsageManager getRequestTimeWindowCount: 7
I/R2Mail2 ( 3374): Next pushmail RESTART for Matt (Personal) (gik0geck0@gmail.com) INBOX will be at: 03/21/2014 6:37 PM
I/R2Mail2 ( 3374): Next pushmail RESTART for Matt (School) (mbuland@mymail.mines.edu) INBOX will be at: 03/21/2014 6:37 PM
E/        (  749): ../../accel.c|inv_get_accel_offset|211 returning 19
V/Sensors (  749): enable - sensor Accelerometer (handle 4) dis -> en
E/Sensors (  749): mEnabled = 10
V/Sensors (  749): setDelay - sensor Accelerometer (handle 4), rate 20 ms (50.00 Hz)
V/Sensors (  749): setDelay - sensor Accelerometer (handle 4), rate 20 ms (50.00 Hz)
E/Sensors (  749): activatePendingSensors : mEnabled = 10
E/Sensors (  749): requested_sensors(0) from kernel
V/Sensors (  749): calling inv_set_mpu_sensors(000070)
I/MPL-fifo(  749): Actual ODR: 50000 mHz
E/Sensors (  749): set fifo rate - divider : 3, delay : 20 ms (50.00 Hz)
I/MPL-fifo(  749): Actual ODR: 50000 mHz
V/Sensors (  749): Starting DMP
W/MPL-9_sup(  749): 9 axis sensor fusion not available - No compass detected.
I/MPL-mldl_cfg_mpu:(  749): inv_mpu_resume(,,,,0070) -> 0070
E/Sensors (  749): accelHandler 8.229287 -12.776232 -8.114326
I/wpa_supplicant(28013): wlan0: Associated with 20:37:06:f7:05:de
I/wpa_supplicant(28013): wlan0: CTRL-EVENT-CONNECTED - Connection to 20:37:06:f7:05:de completed (auth) [id=5 id_str=]
E/Sensors (  749): accelHandler -0.840652 -4.231999 -0.547262
E/Sensors (  749): accelHandler 1.629811 -12.785811 -0.698148
E/Sensors (  749): accelHandler 2.966232 -10.922486 0.067061
V/Sensors (  749): enable - sensor Accelerometer (handle 4) en -> dis
E/Sensors (  749): mEnabled = 0
E/Sensors (  749): activatePendingSensors : mEnabled = 0
E/Sensors (  749): requested_sensors(70) from kernel
I/MPL-mldl_cfg_mpu:(  749): inv_mpu_suspend(,,,,7fff) -> 0000
V/Sensors (  749): calling inv_set_mpu_sensors(000000)
V/Sensors (  749): Starting DMP
W/MPL-9_sup(  749): 9 axis sensor fusion not available - No compass detected.
I/MPL-mldl_cfg_mpu:(  749): inv_mpu_resume(,,,,0000) -> 0000
V/Sensors (  749): Stopping DMP
I/MPL-mldl_cfg_mpu:(  749): inv_mpu_suspend(,,,,7fff) -> 0000
I/rmt_storage(  336): rmt_storage_rw_iovec_cb: /boot/modem_fs1: clnt_h=0x1: req_h=0x13a msg_id=3: R/W request received
I/rmt_storage(  336): wakelock acquired: 1, error no: 42
I/rmt_storage(  336): rmt_storage_client_thread: /boot/modem_fs1: clnt_h=0x1 Unblock worker thread (th_id: -1214385912)
D/QMI_FW  (  336): QCSI: QMI_CSI_RX: cntl_flag - 00, txn_id - 009c, msg_id - 0003, msg_len - 002b
D/QMI_FW  (  336): QCSI: xport_handle_event[17]
I/rmt_storage(  336): rmt_storage_client_thread: /boot/modem_fs1: clnt_h=0x1: req_h=0x13a msg_id=3: Bytes written = 3145216
I/rmt_storage(  336): rmt_storage_client_thread: /boot/modem_fs1: clnt_h=0x1: req_h=0x13a msg_id=3: Bytes written = 512
I/rmt_storage(  336): rmt_storage_client_thread: /boot/modem_fs1: clnt_h=0x1: req_h=0x13a msg_id=3: Send response: res=0 err=0
I/rmt_storage(  336): rmt_storage_client_thread: /boot/modem_fs1: clnt_h=0x1 About to block rmt_storage client thread (th_id: -1214385912) wakelock released: 1, error no: 0
I/rmt_storage(  336): 
D/QMI_FW  (  336): QCSI: QMI_CSI_TX: cntl_flag - 02, txn_id - 009c, msg_id - 0003, msg_len - 0007
D/QMI_FW  (  336): QCSI: Sent[17]: 14 bytes to port 1024
V/BufferedAnalyticsState( 1190): Not ready for upload, 417 seconds left.
D/QMI_FW  (  749): QCCI: QMI_CCI_TX: cntl_flag - 00, txn_id - 0444, msg_id - 0039, msg_len - 0021
D/QMI_FW  (  749): QCCI: Sent[202]: 40 bytes to port 3072
D/QMI_FW  (  749): QCCI: reader_thread: Received 14 bytes from 202
D/QMI_FW  (  749): QCCI: QMI_CCI_RX: cntl_flag - 02, txn_id - 0444, msg_id - 0039, msg_len - 0007
D/QMI_FW  (  749): QCCI: reader_thread: Received 14 bytes from 202
D/QMI_FW  (  749): QCCI: QMI_CCI_RX: cntl_flag - 04, txn_id - 0000, msg_id - 0039, msg_len - 0007
I/GCoreUlr( 1190): Successfully inserted location
I/GCoreUlr( 1190): Not calling LocationReportingService, hasMoved: false, elapsed millis: 3575852, request: Phone
E/WifiStateMachine(  749): Unexpected BatchedScanResults :OK
D/WifiStateMachine(  749): VerifyingLinkState enter
D/WifiStateMachine(  749): VerifyingLinkState GOOD_LINK_DETECTED: transition to captive portal check
D/WifiStateMachine(  749): CaptivePortalCheckState enter
D/WifiStateMachine(  749): CaptivePortalCheckState CMD_CAPTIVE_CHECK_COMPLETE
D/ConnectivityService(  749): Captive portal check NetworkInfo: type: WIFI[], state: CONNECTING/CAPTIVE_PORTAL_CHECK, reason: (unspecified), extra: "CSMwireless", roaming: false, failover: false, isAvailable: true, isConnectedToProvisioningNetwork: false
D/ConnectivityService(  749): handleCaptivePortalTrackerCheck: call captivePortalCheckComplete ni=NetworkInfo: type: WIFI[], state: CONNECTING/CAPTIVE_PORTAL_CHECK, reason: (unspecified), extra: "CSMwireless", roaming: false, failover: false, isAvailable: true, isConnectedToProvisioningNetwork: false
D/ConnectivityService(  749): Captive portal check NetworkInfo: type: WIFI[], state: CONNECTING/CAPTIVE_PORTAL_CHECK, reason: (unspecified), extra: "CSMwireless", roaming: false, failover: false, isAvailable: true, isConnectedToProvisioningNetwork: false
D/ConnectivityService(  749): handleCaptivePortalTrackerCheck: call captivePortalCheckComplete ni=NetworkInfo: type: WIFI[], state: CONNECTING/CAPTIVE_PORTAL_CHECK, reason: (unspecified), extra: "CSMwireless", roaming: false, failover: false, isAvailable: true, isConnectedToProvisioningNetwork: false
D/ConnectivityService(  749): ConnectivityChange for WIFI: CONNECTED/CONNECTED
E/ConnectivityService(  749): Unexpected mtu value: android.net.wifi.WifiStateTracker@41e30d98
D/ConnectivityService(  749): handleConnectivityChange: address are the same reset per doReset linkProperty[1]: resetMask=0
D/Nat464Xlat(  749): requiresClat: netType=1, hasIPv4Address=true
D/ConnectivityService(  749): ConnectivityChange for WIFI: CONNECTED/CONNECTED
E/ConnectivityService(  749): Unexpected mtu value: android.net.wifi.WifiStateTracker@41e30d98
D/ConnectivityService(  749): handleConnectivityChange: address are the same reset per doReset linkProperty[1]: resetMask=0
D/Nat464Xlat(  749): requiresClat: netType=1, hasIPv4Address=true
D/MobileDataStateTracker(  749): default: setPolicyDataEnable(enabled=true)
D/MobileDataStateTracker(  749): default: setPolicyDataEnable(enabled=true)
D/MobileDataStateTracker(  749): default: setPolicyDataEnable(enabled=true)
D/MobileDataStateTracker(  749): default: setPolicyDataEnable(enabled=true)
D/ConnectivityService(  749): NetTransition Wakelock for ConnectedState released by timeout
D/Tethering(  749): MasterInitialState.processMessage what=3
D/GetJar SDK [com.jb.gosms]( 2867): COMM: NetworkStateReceiver: onReceive(): START
I/GetJar SDK [com.jb.gosms]( 2867): AUTH|COMM|TRANSACTION: NetworkStateReceiver: onReceive() network connection restored
V/GetJar SDK [com.jb.gosms]( 2867): STORAGE: ApplicationKeyDatabase: getApplicationKey()
V/GetJar SDK [com.jb.gosms]( 2867): STORAGE: ApplicationKeyDatabase: setApplicationKey()
V/GetJar SDK [com.jb.gosms]( 2867): COMM: CommManager: createContextInternal() [thread:4893] Calling configureAppenders()
V/GetJar SDK [com.jb.gosms]( 2867): LOGGING: LogCatAppender: configureAppender() START
V/GetJar SDK [com.jb.gosms]( 2867): LOGGING: LogCatAppender: configureAppender() GetJarConfig.getInstance() start
D/GetJar SDK [com.jb.gosms]( 2867): CONFIG: GetJarConfig()::getInstance() -- re-using existing GetJarConfig instance
V/GetJar SDK [com.jb.gosms]( 2867): LOGGING: LogCatAppender: configureAppender() GetJarConfig.getInstance() finished
V/GetJar SDK [com.jb.gosms]( 2867): CONFIG: GetJarConfig getDirectiveValue() START [key='logging.logcat.enabled']
V/GetJar SDK [com.jb.gosms]( 2867): CONFIG: GetJarConfig getDirectiveValue() Using SERVER defined value: 'logging.logcat.enabled' = 'true'
V/GetJar SDK [com.jb.gosms]( 2867): CONFIG: GetJarConfig getDirectiveValue() FINISHED [key='logging.logcat.enabled']
V/GetJar SDK [com.jb.gosms]( 2867): LOGGING: LogCatAppender: configureAppender() got enabled = true
V/GetJar SDK [com.jb.gosms]( 2867): CONFIG: GetJarConfig getDirectiveValue() START [key='logging.logcat.level']
V/GetJar SDK [com.jb.gosms]( 2867): CONFIG: GetJarConfig getDirectiveValue() Using SERVER defined value: 'logging.logcat.level' = 'VERBOSE'
V/GetJar SDK [com.jb.gosms]( 2867): CONFIG: GetJarConfig getDirectiveValue() FINISHED [key='logging.logcat.level']
V/GetJar SDK [com.jb.gosms]( 2867): LOGGING: LogCatAppender: configureAppender() got levelStr = VERBOSE
V/GetJar SDK [com.jb.gosms]( 2867): CONFIG: GetJarConfig getDirectiveValue() START [key='logging.logcat.areas']
V/GetJar SDK [com.jb.gosms]( 2867): CONFIG: GetJarConfig getDirectiveValue() Using CONFIG value: 'logging.logcat.areas' = 'ALL'
V/GetJar SDK [com.jb.gosms]( 2867): CONFIG: GetJarConfig getDirectiveValue() FINISHED [key='logging.logcat.areas']
V/GetJar SDK [com.jb.gosms]( 2867): LOGGING: LogCatAppender: configureAppender() got areasStr = ALL
V/GetJar SDK [com.jb.gosms]( 2867): LOGGING: LogCatAppender: configureAppender() calling AppenderBase.configureAppender()
D/GetJar SDK [com.jb.gosms]( 2867): LOGGING|CONFIG: AppenderBase: configureAppender() Appender com.getjar.sdk.logging.LogCatAppender configured [enabled=true level=VERBOSE areas=ALL]
V/GetJar SDK [com.jb.gosms]( 2867): LOGGING: LogCatAppender: configureAppender() FINISHED
V/GetJar SDK [com.jb.gosms]( 2867): LOGGING: BufferingAppender: configureAppender() START
V/GetJar SDK [com.jb.gosms]( 2867): LOGGING: BufferingAppender: configureAppender() FINISHED
D/GetJar SDK [com.jb.gosms]( 2867): CONFIG: GetJarConfig()::getInstance() -- re-using existing GetJarConfig instance
V/GetJar SDK [com.jb.gosms]( 2867): CONFIG: GetJarConfig getDirectiveValue() START [key='service.logging.endpoint']
V/GetJar SDK [com.jb.gosms]( 2867): CONFIG: GetJarConfig getDirectiveValue() Using CONFIG value: 'service.logging.endpoint' = 'http://v3clientlogging20130115.getjar.com'
V/GetJar SDK [com.jb.gosms]( 2867): CONFIG: GetJarConfig getDirectiveValue() FINISHED [key='service.logging.endpoint']
D/GetJar SDK [com.jb.gosms]( 2867): CONFIG: GetJarConfig()::getInstance() -- re-using existing GetJarConfig instance
V/GetJar SDK [com.jb.gosms]( 2867): CONFIG: GetJarConfig getDirectiveValue() START [key='logging.remote.enabled']
V/GetJar SDK [com.jb.gosms]( 2867): CONFIG: GetJarConfig getDirectiveValue() Using CONFIG value: 'logging.remote.enabled' = 'false'
V/GetJar SDK [com.jb.gosms]( 2867): CONFIG: GetJarConfig getDirectiveValue() FINISHED [key='logging.remote.enabled']
V/GetJar SDK [com.jb.gosms]( 2867): CONFIG: GetJarConfig getDirectiveValue() START [key='logging.remote.level']
V/GetJar SDK [com.jb.gosms]( 2867): CONFIG: GetJarConfig getDirectiveValue() Using CONFIG value: 'logging.remote.level' = 'WARN'
V/GetJar SDK [com.jb.gosms]( 2867): CONFIG: GetJarConfig getDirectiveValue() FINISHED [key='logging.remote.level']
V/GetJar SDK [com.jb.gosms]( 2867): CONFIG: GetJarConfig getDirectiveValue() START [key='logging.remote.areas']
V/GetJar SDK [com.jb.gosms]( 2867): CONFIG: GetJarConfig getDirectiveValue() Using CONFIG value: 'logging.remote.areas' = 'ALL'
V/GetJar SDK [com.jb.gosms]( 2867): CONFIG: GetJarConfig getDirectiveValue() FINISHED [key='logging.remote.areas']
D/GetJar SDK [com.jb.gosms]( 2867): LOGGING|CONFIG: AppenderBase: configureAppender() Appender com.getjar.sdk.logging.RemoteAppender configured [enabled=false level=WARN areas=ALL]
V/GetJar SDK [com.jb.gosms]( 2867): CONFIG: GetJarConfig getDirectiveValue() START [key='logging.remote.max_batch_count']
V/GetJar SDK [com.jb.gosms]( 2867): CONFIG: GetJarConfig getDirectiveValue() Using CONFIG value: 'logging.remote.max_batch_count' = '100'
V/GetJar SDK [com.jb.gosms]( 2867): CONFIG: GetJarConfig getDirectiveValue() FINISHED [key='logging.remote.max_batch_count']
V/GetJar SDK [com.jb.gosms]( 2867): CONFIG: GetJarConfig getDirectiveValue() START [key='logging.remote.max_wait_interval']
V/GetJar SDK [com.jb.gosms]( 2867): CONFIG: GetJarConfig getDirectiveValue() Using CONFIG value: 'logging.remote.max_wait_interval' = '60'
V/GetJar SDK [com.jb.gosms]( 2867): CONFIG: GetJarConfig getDirectiveValue() FINISHED [key='logging.remote.max_wait_interval']
V/GetJar SDK [com.jb.gosms]( 2867): COMM: CommManager: createContextInternal() [thread:4893] Creating CommContext instance
V/GetJar SDK [com.jb.gosms]( 2867): COMM: CommContext: creating DeviceMetadata instance
I/UpdateCheckReceiver( 6790): Got connectivity change, has connection: true
I/UpdateCheckReceiver( 6790): Scheduling future, repeating update checks.
D/Tethering(  749): MasterInitialState.processMessage what=3
V/GetJar SDK [com.jb.gosms]( 2867): COMM: UserAgentValuesManager: getWebKitUserAgent() START
V/GetJar SDK [com.jb.gosms]( 2867): COMM: UserAgentValuesManager: getWebKitUserAgent() FINISHED
D/GetJar SDK [com.jb.gosms]( 2867): COMM: NetworkStateReceiver: onReceive(): START
V/GetJar SDK [com.jb.gosms]( 2867): COMM: UserAgentValuesManager: getWebKitUserAgent() START
V/GetJar SDK [com.jb.gosms]( 2867): COMM: UserAgentValuesManager: getWebKitUserAgent() FINISHED
V/GetJar SDK [com.jb.gosms]( 2867): COMM: CommContext: calling UserAgentValuesManager.getSdkUserAgent()
I/GetJar SDK [com.jb.gosms]( 2867): COMM: CommManager: createContextInternal() [thread:4893] Created a NEW CommContext from com.getjar.sdk.comm.CommManager.createContext() [PID:2867] [AppToken:aee489e3-da34-4327-b1b7-ca786d1d7a87] [CommContext.Id:7881ccc4-bf83-4948-ad31-01e4658b2c0c]
D/GetJar SDK [com.jb.gosms]( 2867): AUTH: AuthFlow: ensureAuthInternal() START [state:AUTHED]
V/GetJar SDK [com.jb.gosms]( 2867): STORAGE: BasicCache: getCacheEntry() Found a cache entry for authCache.authenticationToken
V/GetJar SDK [com.jb.gosms]( 2867): STORAGE: BasicCache: getCacheEntry() Found a cache entry for authCache.authenticationToken
I/GetJar SDK [com.jb.gosms]( 2867): AUTH: AuthFlow: ensureAuthInternal() finishing with state:AUTHED
V/GetJar SDK [com.jb.gosms]( 2867): AUTH: AuthFlow: waitOnAuth() START [stack::VMStack.java.-2:Thread.java.579:Logger.java.135:AuthManager.java.875:NetworkStateReceiver.java.107:NetworkStateReceiver.java.50:Thread.java.841]
V/GetJar SDK [com.jb.gosms]( 2867): AUTH: AuthFlow: waitOnAuth() FINISHED [stack::VMStack.java.-2:Thread.java.579:Logger.java.135:AuthManager.java.893:NetworkStateReceiver.java.107:NetworkStateReceiver.java.50:Thread.java.841]
V/GetJar SDK [com.jb.gosms]( 2867): TRANSACTION: TransactionManager: recoverOrphanedTransactions() [thread: 4893]
I/GetJar SDK [com.jb.gosms]( 2867): AUTH|COMM|TRANSACTION: NetworkStateReceiver: onReceive() network connection restored
V/GetJar SDK [com.jb.gosms]( 2867): STORAGE: ApplicationKeyDatabase: getApplicationKey()
I/GetJar SDK [com.jb.gosms]( 2867): TRANSACTION|STORAGE: DBTransactions: waitForUserAccess() START [:VMStack.java.-2:Thread.java.579:Logger.java.135:DBTransactions.java.116:TransactionManager.java.663:NetworkStateReceiver.java.111:NetworkStateReceiver.java.50:Thread.java.841]
V/GetJar SDK [com.jb.gosms]( 2867): AUTH: AuthFlow: waitOnAuth() START [stack::VMStack.java.-2:Thread.java.579:Logger.java.135:AuthManager.java.875:DBTransactions.java.118:TransactionManager.java.663:NetworkStateReceiver.java.111:NetworkStateReceiver.java.50:Thread.java.841]
V/GetJar SDK [com.jb.gosms]( 2867): AUTH: AuthFlow: waitOnAuth() FINISHED [stack::VMStack.java.-2:Thread.java.579:Logger.java.135:AuthManager.java.893:DBTransactions.java.118:TransactionManager.java.663:NetworkStateReceiver.java.111:NetworkStateReceiver.java.50:Thread.java.841]
I/GetJar SDK [com.jb.gosms]( 2867): TRANSACTION|STORAGE: DBTransactions: waitForUserAccess() DONE
D/GetJar SDK [com.jb.gosms]( 2867): TRANSACTION|STORAGE: TransactionManager: Found 0 total transactions and 0 orphaned purchase transactions
D/YouTube ( 5540): apps.youtube.common.e.d.a:25 Executing ConditionTask com.google.android.apps.youtube.datalib.offline.h
D/YouTube ( 5540): apps.youtube.datalib.offline.h.a:34 Network change detected, dispatch offline http requests.
V/GetJar SDK [com.jb.gosms]( 2867): STORAGE: ApplicationKeyDatabase: setApplicationKey()
V/GetJar SDK [com.jb.gosms]( 2867): COMM: CommManager: createContextInternal() [thread:4894] Calling configureAppenders()
V/GetJar SDK [com.jb.gosms]( 2867): LOGGING: LogCatAppender: configureAppender() START
V/GetJar SDK [com.jb.gosms]( 2867): LOGGING: LogCatAppender: configureAppender() GetJarConfig.getInstance() start
D/GetJar SDK [com.jb.gosms]( 2867): CONFIG: GetJarConfig()::getInstance() -- re-using existing GetJarConfig instance
V/GetJar SDK [com.jb.gosms]( 2867): LOGGING: LogCatAppender: configureAppender() GetJarConfig.getInstance() finished
V/GetJar SDK [com.jb.gosms]( 2867): CONFIG: GetJarConfig getDirectiveValue() START [key='logging.logcat.enabled']
V/GetJar SDK [com.jb.gosms]( 2867): CONFIG: GetJarConfig getDirectiveValue() Using SERVER defined value: 'logging.logcat.enabled' = 'true'
V/GetJar SDK [com.jb.gosms]( 2867): CONFIG: GetJarConfig getDirectiveValue() FINISHED [key='logging.logcat.enabled']
V/GetJar SDK [com.jb.gosms]( 2867): LOGGING: LogCatAppender: configureAppender() got enabled = true
V/GetJar SDK [com.jb.gosms]( 2867): CONFIG: GetJarConfig getDirectiveValue() START [key='logging.logcat.level']
V/GetJar SDK [com.jb.gosms]( 2867): CONFIG: GetJarConfig getDirectiveValue() Using SERVER defined value: 'logging.logcat.level' = 'VERBOSE'
V/GetJar SDK [com.jb.gosms]( 2867): CONFIG: GetJarConfig getDirectiveValue() FINISHED [key='logging.logcat.level']
V/GetJar SDK [com.jb.gosms]( 2867): LOGGING: LogCatAppender: configureAppender() got levelStr = VERBOSE
V/GetJar SDK [com.jb.gosms]( 2867): CONFIG: GetJarConfig getDirectiveValue() START [key='logging.logcat.areas']
V/GetJar SDK [com.jb.gosms]( 2867): CONFIG: GetJarConfig getDirectiveValue() Using CONFIG value: 'logging.logcat.areas' = 'ALL'
V/GetJar SDK [com.jb.gosms]( 2867): CONFIG: GetJarConfig getDirectiveValue() FINISHED [key='logging.logcat.areas']
V/GetJar SDK [com.jb.gosms]( 2867): LOGGING: LogCatAppender: configureAppender() got areasStr = ALL
V/GetJar SDK [com.jb.gosms]( 2867): LOGGING: LogCatAppender: configureAppender() calling AppenderBase.configureAppender()
D/GetJar SDK [com.jb.gosms]( 2867): LOGGING|CONFIG: AppenderBase: configureAppender() Appender com.getjar.sdk.logging.LogCatAppender configured [enabled=true level=VERBOSE areas=ALL]
V/GetJar SDK [com.jb.gosms]( 2867): LOGGING: LogCatAppender: configureAppender() FINISHED
V/GetJar SDK [com.jb.gosms]( 2867): LOGGING: BufferingAppender: configureAppender() START
V/GetJar SDK [com.jb.gosms]( 2867): LOGGING: BufferingAppender: configureAppender() FINISHED
D/GetJar SDK [com.jb.gosms]( 2867): CONFIG: GetJarConfig()::getInstance() -- re-using existing GetJarConfig instance
V/GetJar SDK [com.jb.gosms]( 2867): CONFIG: GetJarConfig getDirectiveValue() START [key='service.logging.endpoint']
V/GetJar SDK [com.jb.gosms]( 2867): CONFIG: GetJarConfig getDirectiveValue() Using CONFIG value: 'service.logging.endpoint' = 'http://v3clientlogging20130115.getjar.com'
V/GetJar SDK [com.jb.gosms]( 2867): CONFIG: GetJarConfig getDirectiveValue() FINISHED [key='service.logging.endpoint']
D/GetJar SDK [com.jb.gosms]( 2867): CONFIG: GetJarConfig()::getInstance() -- re-using existing GetJarConfig instance
V/GetJar SDK [com.jb.gosms]( 2867): CONFIG: GetJarConfig getDirectiveValue() START [key='logging.remote.enabled']
V/GetJar SDK [com.jb.gosms]( 2867): CONFIG: GetJarConfig getDirectiveValue() Using CONFIG value: 'logging.remote.enabled' = 'false'
V/GetJar SDK [com.jb.gosms]( 2867): CONFIG: GetJarConfig getDirectiveValue() FINISHED [key='logging.remote.enabled']
V/GetJar SDK [com.jb.gosms]( 2867): CONFIG: GetJarConfig getDirectiveValue() START [key='logging.remote.level']
V/GetJar SDK [com.jb.gosms]( 2867): CONFIG: GetJarConfig getDirectiveValue() Using CONFIG value: 'logging.remote.level' = 'WARN'
V/GetJar SDK [com.jb.gosms]( 2867): CONFIG: GetJarConfig getDirectiveValue() FINISHED [key='logging.remote.level']
V/GetJar SDK [com.jb.gosms]( 2867): CONFIG: GetJarConfig getDirectiveValue() START [key='logging.remote.areas']
V/GetJar SDK [com.jb.gosms]( 2867): CONFIG: GetJarConfig getDirectiveValue() Using CONFIG value: 'logging.remote.areas' = 'ALL'
V/GetJar SDK [com.jb.gosms]( 2867): CONFIG: GetJarConfig getDirectiveValue() FINISHED [key='logging.remote.areas']
D/GetJar SDK [com.jb.gosms]( 2867): LOGGING|CONFIG: AppenderBase: configureAppender() Appender com.getjar.sdk.logging.RemoteAppender configured [enabled=false level=WARN areas=ALL]
V/GetJar SDK [com.jb.gosms]( 2867): CONFIG: GetJarConfig getDirectiveValue() START [key='logging.remote.max_batch_count']
V/GetJar SDK [com.jb.gosms]( 2867): CONFIG: GetJarConfig getDirectiveValue() Using CONFIG value: 'logging.remote.max_batch_count' = '100'
V/GetJar SDK [com.jb.gosms]( 2867): CONFIG: GetJarConfig getDirectiveValue() FINISHED [key='logging.remote.max_batch_count']
V/GetJar SDK [com.jb.gosms]( 2867): CONFIG: GetJarConfig getDirectiveValue() START [key='logging.remote.max_wait_interval']
V/GetJar SDK [com.jb.gosms]( 2867): CONFIG: GetJarConfig getDirectiveValue() Using CONFIG value: 'logging.remote.max_wait_interval' = '60'
V/GetJar SDK [com.jb.gosms]( 2867): CONFIG: GetJarConfig getDirectiveValue() FINISHED [key='logging.remote.max_wait_interval']
V/GetJar SDK [com.jb.gosms]( 2867): COMM: CommManager: createContextInternal() [thread:4894] Creating CommContext instance
V/GetJar SDK [com.jb.gosms]( 2867): COMM: CommContext: creating DeviceMetadata instance
V/GetJar SDK [com.jb.gosms]( 2867): COMM: UserAgentValuesManager: getWebKitUserAgent() START
V/GetJar SDK [com.jb.gosms]( 2867): COMM: UserAgentValuesManager: getWebKitUserAgent() FINISHED
V/GetJar SDK [com.jb.gosms]( 2867): COMM: UserAgentValuesManager: getWebKitUserAgent() START
V/GetJar SDK [com.jb.gosms]( 2867): COMM: UserAgentValuesManager: getWebKitUserAgent() FINISHED
V/GetJar SDK [com.jb.gosms]( 2867): COMM: CommContext: calling UserAgentValuesManager.getSdkUserAgent()
I/GetJar SDK [com.jb.gosms]( 2867): COMM: CommManager: createContextInternal() [thread:4894] Created a NEW CommContext from com.getjar.sdk.comm.CommManager.createContext() [PID:2867] [AppToken:aee489e3-da34-4327-b1b7-ca786d1d7a87] [CommContext.Id:de7c49c5-f2c5-4f61-8a88-b1021c5d97e9]
D/GetJar SDK [com.jb.gosms]( 2867): AUTH: AuthFlow: ensureAuthInternal() START [state:AUTHED]
V/GetJar SDK [com.jb.gosms]( 2867): STORAGE: BasicCache: getCacheEntry() Found a cache entry for authCache.authenticationToken
V/GetJar SDK [com.jb.gosms]( 2867): STORAGE: BasicCache: getCacheEntry() Found a cache entry for authCache.authenticationToken
I/GetJar SDK [com.jb.gosms]( 2867): AUTH: AuthFlow: ensureAuthInternal() finishing with state:AUTHED
V/GetJar SDK [com.jb.gosms]( 2867): AUTH: AuthFlow: waitOnAuth() START [stack::VMStack.java.-2:Thread.java.579:Logger.java.135:AuthManager.java.875:NetworkStateReceiver.java.107:NetworkStateReceiver.java.50:Thread.java.841]
V/GetJar SDK [com.jb.gosms]( 2867): AUTH: AuthFlow: waitOnAuth() FINISHED [stack::VMStack.java.-2:Thread.java.579:Logger.java.135:AuthManager.java.893:NetworkStateReceiver.java.107:NetworkStateReceiver.java.50:Thread.java.841]
V/GetJar SDK [com.jb.gosms]( 2867): TRANSACTION: TransactionManager: recoverOrphanedTransactions() [thread: 4894]
I/GetJar SDK [com.jb.gosms]( 2867): TRANSACTION|STORAGE: DBTransactions: waitForUserAccess() START [:VMStack.java.-2:Thread.java.579:Logger.java.135:DBTransactions.java.116:TransactionManager.java.663:NetworkStateReceiver.java.111:NetworkStateReceiver.java.50:Thread.java.841]
V/GetJar SDK [com.jb.gosms]( 2867): AUTH: AuthFlow: waitOnAuth() START [stack::VMStack.java.-2:Thread.java.579:Logger.java.135:AuthManager.java.875:DBTransactions.java.118:TransactionManager.java.663:NetworkStateReceiver.java.111:NetworkStateReceiver.java.50:Thread.java.841]
V/GetJar SDK [com.jb.gosms]( 2867): AUTH: AuthFlow: waitOnAuth() FINISHED [stack::VMStack.java.-2:Thread.java.579:Logger.java.135:AuthManager.java.893:DBTransactions.java.118:TransactionManager.java.663:NetworkStateReceiver.java.111:NetworkStateReceiver.java.50:Thread.java.841]
I/GetJar SDK [com.jb.gosms]( 2867): TRANSACTION|STORAGE: DBTransactions: waitForUserAccess() DONE
D/GetJar SDK [com.jb.gosms]( 2867): TRANSACTION|STORAGE: TransactionManager: Found 0 total transactions and 0 orphaned purchase transactions
D/YouTube ( 5540): apps.youtube.common.e.d.a:25 Executing ConditionTask com.google.android.apps.youtube.datalib.offline.h
D/YouTube ( 5540): apps.youtube.datalib.offline.h.a:34 Network change detected, dispatch offline http requests.
D/CMStats (11294): Waiting for next sync : 4 hours
D/TelephonyProvider(  983): Preferred APN: -1
D/TelephonyProvider(  983): Preferred APN: -1
D/MobileConnectivityChangeReceiver( 6837): onReceive Intent { act=android.net.conn.CONNECTIVITY_CHANGE flg=0x4000010 cmp=com.google.android.setupwizard/.MobileConnectivityChangeReceiver (has extras) }
D/MobileConnectivityChangeReceiver( 6837): onReceive CONNECTIVITY_CHANGE networkType=1
D/WeatherUpdateService( 3967): Service started, but shouldn't update ... stopping
D/GCM     ( 1215): GcmService start Intent { act=android.net.conn.CONNECTIVITY_CHANGE flg=0x4000010 cmp=com.google.android.gms/.gcm.GcmService (has extras) } android.net.conn.CONNECTIVITY_CHANGE
D/NewContentCheckerReceiver( 6737): -----
D/NewContentCheckerReceiver( 6737): onReceive() called
D/NewContentCheckerReceiver( 6737): Action: android.net.conn.CONNECTIVITY_CHANGE
D/NewContentCheckerReceiver( 6737): onReceive() cancelled, duplicate call
D/YouTube ( 5540): apps.youtube.app.prefetch.PrefetchService$DeviceStateReceiver.onReceive:533 Got device state change intent: android.net.conn.CONNECTIVITY_CHANGE
D/YouTube ( 5540): apps.youtube.app.prefetch.PrefetchService.onStartCommand:166 PrefetchService started at 22 Mar 2014 00:23:37 GMT
D/YouTube ( 5540): apps.youtube.app.prefetch.PrefetchService.q_:245 Download snapshot restored
I/UpdateCheckReceiver( 6790): Got connectivity change, has connection: true
