D/MobileDataStateTracker(  749): mms: Received state=DISCONNECTED, old=DISCONNECTED, reason=SinglePdnArbitration
V/Sensors (  749): enable - sensor Accelerometer (handle 4) en -> dis
E/Sensors (  749): mEnabled = 0
E/Sensors (  749): activatePendingSensors : mEnabled = 0
E/Sensors (  749): requested_sensors(70) from kernel
I/MPL-mldl_cfg_mpu:(  749): inv_mpu_suspend(,,,,7fff) -> 0000
V/Sensors (  749): calling inv_set_mpu_sensors(000000)
V/Sensors (  749): Starting DMP
W/MPL-9_sup(  749): 9 axis sensor fusion not available - No compass detected.
I/MPL-mldl_cfg_mpu:(  749): inv_mpu_resume(,,,,0000) -> 0000
V/Sensors (  749): Stopping DMP
I/MPL-mldl_cfg_mpu:(  749): inv_mpu_suspend(,,,,7fff) -> 0000
D/MobileDataStateTracker(  749): default: Broadcast received: android.intent.action.ANY_DATA_STATE apnType=default
D/MobileDataStateTracker(  749): default: Received state=DISCONNECTED, old=CONNECTING, reason=lostDataConnection
D/MobileDataStateTracker(  749): default: setDetailed state, old =CONNECTING and new state=DISCONNECTED
D/ConnectivityService(  749): ConnectivityChange for mobile: DISCONNECTED/DISCONNECTED
D/ConnectivityService(  749): Attempting to switch to WIFI
D/ConnectivityService(  749): Attempting to switch to BLUETOOTH_TETHER
D/Nat464Xlat(  749): requiresClat: netType=0, hasIPv4Address=true
D/MobileDataStateTracker(  749): default: setPolicyDataEnable(enabled=true)
D/MobileDataStateTracker(  749): default: setPolicyDataEnable(enabled=true)
D/MobileDataStateTracker(  749): default: setPolicyDataEnable(enabled=true)
D/MobileDataStateTracker(  749): default: setPolicyDataEnable(enabled=true)
D/MobileDataStateTracker(  749): default: Broadcast received: android.intent.action.ANY_DATA_STATE apnType=default
D/MobileDataStateTracker(  749): default: Received state=DISCONNECTED, old=DISCONNECTED, reason=(unspecified)
D/MobileDataStateTracker(  749): default: Broadcast received: android.intent.action.ANY_DATA_STATE apnType=default
D/MobileDataStateTracker(  749): default: Received state=DISCONNECTED, old=DISCONNECTED, reason=LOST_CONNECTION
E/        (  749): ../../accel.c|inv_get_accel_offset|211 returning 19
V/Sensors (  749): enable - sensor Accelerometer (handle 4) dis -> en
E/Sensors (  749): mEnabled = 10
V/Sensors (  749): setDelay - sensor Accelerometer (handle 4), rate 20 ms (50.00 Hz)
V/Sensors (  749): setDelay - sensor Accelerometer (handle 4), rate 20 ms (50.00 Hz)
E/Sensors (  749): activatePendingSensors : mEnabled = 10
E/Sensors (  749): requested_sensors(0) from kernel
V/Sensors (  749): calling inv_set_mpu_sensors(000070)
I/MPL-fifo(  749): Actual ODR: 50000 mHz
E/Sensors (  749): set fifo rate - divider : 3, delay : 20 ms (50.00 Hz)
I/MPL-fifo(  749): Actual ODR: 50000 mHz
V/Sensors (  749): Starting DMP
W/MPL-9_sup(  749): 9 axis sensor fusion not available - No compass detected.
I/MPL-mldl_cfg_mpu:(  749): inv_mpu_resume(,,,,0070) -> 0070
D/Tethering(  749): MasterInitialState.processMessage what=3
D/GetJar SDK [com.jb.gosms]( 2867): COMM: NetworkStateReceiver: onReceive(): START
I/GetJar SDK [com.jb.gosms]( 2867): AUTH|COMM|TRANSACTION: NetworkStateReceiver: onReceive() network connection restored
V/GetJar SDK [com.jb.gosms]( 2867): STORAGE: ApplicationKeyDatabase: getApplicationKey()
D/Tethering(  749): MasterInitialState.processMessage what=3
D/GetJar SDK [com.jb.gosms]( 2867): COMM: NetworkStateReceiver: onReceive(): START
I/GetJar SDK [com.jb.gosms]( 2867): AUTH|COMM|TRANSACTION: NetworkStateReceiver: onReceive() network connection restored
I/UpdateCheckReceiver( 6790): Got connectivity change, has connection: true
I/UpdateCheckReceiver( 6790): Scheduling future, repeating update checks.
D/YouTube ( 5540): apps.youtube.common.e.d.a:25 Executing ConditionTask com.google.android.apps.youtube.datalib.offline.h
D/YouTube ( 5540): apps.youtube.datalib.offline.h.a:34 Network change detected, dispatch offline http requests.
D/YouTube ( 5540): apps.youtube.common.e.d.a:25 Executing ConditionTask com.google.android.apps.youtube.datalib.offline.h
D/YouTube ( 5540): apps.youtube.datalib.offline.h.a:34 Network change detected, dispatch offline http requests.
V/GetJar SDK [com.jb.gosms]( 2867): STORAGE: ApplicationKeyDatabase: setApplicationKey()
V/GetJar SDK [com.jb.gosms]( 2867): COMM: CommManager: createContextInternal() [thread:4863] Calling configureAppenders()
V/GetJar SDK [com.jb.gosms]( 2867): LOGGING: LogCatAppender: configureAppender() START
V/GetJar SDK [com.jb.gosms]( 2867): LOGGING: LogCatAppender: configureAppender() GetJarConfig.getInstance() start
D/GetJar SDK [com.jb.gosms]( 2867): CONFIG: GetJarConfig()::getInstance() -- re-using existing GetJarConfig instance
V/GetJar SDK [com.jb.gosms]( 2867): LOGGING: LogCatAppender: configureAppender() GetJarConfig.getInstance() finished
V/GetJar SDK [com.jb.gosms]( 2867): CONFIG: GetJarConfig getDirectiveValue() START [key='logging.logcat.enabled']
V/GetJar SDK [com.jb.gosms]( 2867): CONFIG: GetJarConfig getDirectiveValue() Using SERVER defined value: 'logging.logcat.enabled' = 'true'
V/GetJar SDK [com.jb.gosms]( 2867): CONFIG: GetJarConfig getDirectiveValue() FINISHED [key='logging.logcat.enabled']
V/GetJar SDK [com.jb.gosms]( 2867): LOGGING: LogCatAppender: configureAppender() got enabled = true
V/GetJar SDK [com.jb.gosms]( 2867): CONFIG: GetJarConfig getDirectiveValue() START [key='logging.logcat.level']
V/GetJar SDK [com.jb.gosms]( 2867): STORAGE: ApplicationKeyDatabase: getApplicationKey()
V/GetJar SDK [com.jb.gosms]( 2867): CONFIG: GetJarConfig getDirectiveValue() Using SERVER defined value: 'logging.logcat.level' = 'VERBOSE'
V/GetJar SDK [com.jb.gosms]( 2867): CONFIG: GetJarConfig getDirectiveValue() FINISHED [key='logging.logcat.level']
V/GetJar SDK [com.jb.gosms]( 2867): LOGGING: LogCatAppender: configureAppender() got levelStr = VERBOSE
V/GetJar SDK [com.jb.gosms]( 2867): CONFIG: GetJarConfig getDirectiveValue() START [key='logging.logcat.areas']
V/GetJar SDK [com.jb.gosms]( 2867): CONFIG: GetJarConfig getDirectiveValue() Using CONFIG value: 'logging.logcat.areas' = 'ALL'
V/GetJar SDK [com.jb.gosms]( 2867): CONFIG: GetJarConfig getDirectiveValue() FINISHED [key='logging.logcat.areas']
V/GetJar SDK [com.jb.gosms]( 2867): LOGGING: LogCatAppender: configureAppender() got areasStr = ALL
V/GetJar SDK [com.jb.gosms]( 2867): LOGGING: LogCatAppender: configureAppender() calling AppenderBase.configureAppender()
D/GetJar SDK [com.jb.gosms]( 2867): LOGGING|CONFIG: AppenderBase: configureAppender() Appender com.getjar.sdk.logging.LogCatAppender configured [enabled=true level=VERBOSE areas=ALL]
V/GetJar SDK [com.jb.gosms]( 2867): LOGGING: LogCatAppender: configureAppender() FINISHED
V/GetJar SDK [com.jb.gosms]( 2867): LOGGING: BufferingAppender: configureAppender() START
V/GetJar SDK [com.jb.gosms]( 2867): LOGGING: BufferingAppender: configureAppender() FINISHED
D/GetJar SDK [com.jb.gosms]( 2867): CONFIG: GetJarConfig()::getInstance() -- re-using existing GetJarConfig instance
V/GetJar SDK [com.jb.gosms]( 2867): CONFIG: GetJarConfig getDirectiveValue() START [key='service.logging.endpoint']
V/GetJar SDK [com.jb.gosms]( 2867): CONFIG: GetJarConfig getDirectiveValue() Using CONFIG value: 'service.logging.endpoint' = 'http://v3clientlogging20130115.getjar.com'
V/GetJar SDK [com.jb.gosms]( 2867): CONFIG: GetJarConfig getDirectiveValue() FINISHED [key='service.logging.endpoint']
D/GetJar SDK [com.jb.gosms]( 2867): CONFIG: GetJarConfig()::getInstance() -- re-using existing GetJarConfig instance
V/GetJar SDK [com.jb.gosms]( 2867): CONFIG: GetJarConfig getDirectiveValue() START [key='logging.remote.enabled']
V/GetJar SDK [com.jb.gosms]( 2867): CONFIG: GetJarConfig getDirectiveValue() Using CONFIG value: 'logging.remote.enabled' = 'false'
V/GetJar SDK [com.jb.gosms]( 2867): CONFIG: GetJarConfig getDirectiveValue() FINISHED [key='logging.remote.enabled']
V/GetJar SDK [com.jb.gosms]( 2867): CONFIG: GetJarConfig getDirectiveValue() START [key='logging.remote.level']
V/GetJar SDK [com.jb.gosms]( 2867): CONFIG: GetJarConfig getDirectiveValue() Using CONFIG value: 'logging.remote.level' = 'WARN'
V/GetJar SDK [com.jb.gosms]( 2867): CONFIG: GetJarConfig getDirectiveValue() FINISHED [key='logging.remote.level']
V/GetJar SDK [com.jb.gosms]( 2867): CONFIG: GetJarConfig getDirectiveValue() START [key='logging.remote.areas']
V/GetJar SDK [com.jb.gosms]( 2867): CONFIG: GetJarConfig getDirectiveValue() Using CONFIG value: 'logging.remote.areas' = 'ALL'
V/GetJar SDK [com.jb.gosms]( 2867): CONFIG: GetJarConfig getDirectiveValue() FINISHED [key='logging.remote.areas']
D/GetJar SDK [com.jb.gosms]( 2867): LOGGING|CONFIG: AppenderBase: configureAppender() Appender com.getjar.sdk.logging.RemoteAppender configured [enabled=false level=WARN areas=ALL]
V/GetJar SDK [com.jb.gosms]( 2867): CONFIG: GetJarConfig getDirectiveValue() START [key='logging.remote.max_batch_count']
V/GetJar SDK [com.jb.gosms]( 2867): CONFIG: GetJarConfig getDirectiveValue() Using CONFIG value: 'logging.remote.max_batch_count' = '100'
V/GetJar SDK [com.jb.gosms]( 2867): CONFIG: GetJarConfig getDirectiveValue() FINISHED [key='logging.remote.max_batch_count']
V/GetJar SDK [com.jb.gosms]( 2867): CONFIG: GetJarConfig getDirectiveValue() START [key='logging.remote.max_wait_interval']
V/GetJar SDK [com.jb.gosms]( 2867): CONFIG: GetJarConfig getDirectiveValue() Using CONFIG value: 'logging.remote.max_wait_interval' = '60'
V/GetJar SDK [com.jb.gosms]( 2867): CONFIG: GetJarConfig getDirectiveValue() FINISHED [key='logging.remote.max_wait_interval']
V/GetJar SDK [com.jb.gosms]( 2867): COMM: CommManager: createContextInternal() [thread:4863] Creating CommContext instance
V/GetJar SDK [com.jb.gosms]( 2867): COMM: CommContext: creating DeviceMetadata instance
D/TelephonyProvider(  983): Preferred APN: -1
V/GetJar SDK [com.jb.gosms]( 2867): STORAGE: ApplicationKeyDatabase: setApplicationKey()
V/GetJar SDK [com.jb.gosms]( 2867): COMM: CommManager: createContextInternal() [thread:4864] Calling configureAppenders()
V/GetJar SDK [com.jb.gosms]( 2867): LOGGING: LogCatAppender: configureAppender() START
V/GetJar SDK [com.jb.gosms]( 2867): LOGGING: LogCatAppender: configureAppender() GetJarConfig.getInstance() start
D/GetJar SDK [com.jb.gosms]( 2867): CONFIG: GetJarConfig()::getInstance() -- re-using existing GetJarConfig instance
V/GetJar SDK [com.jb.gosms]( 2867): LOGGING: LogCatAppender: configureAppender() GetJarConfig.getInstance() finished
V/GetJar SDK [com.jb.gosms]( 2867): CONFIG: GetJarConfig getDirectiveValue() START [key='logging.logcat.enabled']
V/GetJar SDK [com.jb.gosms]( 2867): CONFIG: GetJarConfig getDirectiveValue() Using SERVER defined value: 'logging.logcat.enabled' = 'true'
V/GetJar SDK [com.jb.gosms]( 2867): CONFIG: GetJarConfig getDirectiveValue() FINISHED [key='logging.logcat.enabled']
V/GetJar SDK [com.jb.gosms]( 2867): LOGGING: LogCatAppender: configureAppender() got enabled = true
V/GetJar SDK [com.jb.gosms]( 2867): CONFIG: GetJarConfig getDirectiveValue() START [key='logging.logcat.level']
V/GetJar SDK [com.jb.gosms]( 2867): CONFIG: GetJarConfig getDirectiveValue() Using SERVER defined value: 'logging.logcat.level' = 'VERBOSE'
V/GetJar SDK [com.jb.gosms]( 2867): CONFIG: GetJarConfig getDirectiveValue() FINISHED [key='logging.logcat.level']
V/GetJar SDK [com.jb.gosms]( 2867): LOGGING: LogCatAppender: configureAppender() got levelStr = VERBOSE
V/GetJar SDK [com.jb.gosms]( 2867): CONFIG: GetJarConfig getDirectiveValue() START [key='logging.logcat.areas']
V/GetJar SDK [com.jb.gosms]( 2867): CONFIG: GetJarConfig getDirectiveValue() Using CONFIG value: 'logging.logcat.areas' = 'ALL'
V/GetJar SDK [com.jb.gosms]( 2867): CONFIG: GetJarConfig getDirectiveValue() FINISHED [key='logging.logcat.areas']
V/GetJar SDK [com.jb.gosms]( 2867): LOGGING: LogCatAppender: configureAppender() got areasStr = ALL
V/GetJar SDK [com.jb.gosms]( 2867): LOGGING: LogCatAppender: configureAppender() calling AppenderBase.configureAppender()
D/GetJar SDK [com.jb.gosms]( 2867): LOGGING|CONFIG: AppenderBase: configureAppender() Appender com.getjar.sdk.logging.LogCatAppender configured [enabled=true level=VERBOSE areas=ALL]
V/GetJar SDK [com.jb.gosms]( 2867): LOGGING: LogCatAppender: configureAppender() FINISHED
V/GetJar SDK [com.jb.gosms]( 2867): LOGGING: BufferingAppender: configureAppender() START
V/GetJar SDK [com.jb.gosms]( 2867): LOGGING: BufferingAppender: configureAppender() FINISHED
D/GetJar SDK [com.jb.gosms]( 2867): CONFIG: GetJarConfig()::getInstance() -- re-using existing GetJarConfig instance
V/GetJar SDK [com.jb.gosms]( 2867): CONFIG: GetJarConfig getDirectiveValue() START [key='service.logging.endpoint']
V/GetJar SDK [com.jb.gosms]( 2867): CONFIG: GetJarConfig getDirectiveValue() Using CONFIG value: 'service.logging.endpoint' = 'http://v3clientlogging20130115.getjar.com'
V/GetJar SDK [com.jb.gosms]( 2867): CONFIG: GetJarConfig getDirectiveValue() FINISHED [key='service.logging.endpoint']
D/GetJar SDK [com.jb.gosms]( 2867): CONFIG: GetJarConfig()::getInstance() -- re-using existing GetJarConfig instance
V/GetJar SDK [com.jb.gosms]( 2867): CONFIG: GetJarConfig getDirectiveValue() START [key='logging.remote.enabled']
V/GetJar SDK [com.jb.gosms]( 2867): CONFIG: GetJarConfig getDirectiveValue() Using CONFIG value: 'logging.remote.enabled' = 'false'
V/GetJar SDK [com.jb.gosms]( 2867): CONFIG: GetJarConfig getDirectiveValue() FINISHED [key='logging.remote.enabled']
V/GetJar SDK [com.jb.gosms]( 2867): CONFIG: GetJarConfig getDirectiveValue() START [key='logging.remote.level']
V/GetJar SDK [com.jb.gosms]( 2867): CONFIG: GetJarConfig getDirectiveValue() Using CONFIG value: 'logging.remote.level' = 'WARN'
V/GetJar SDK [com.jb.gosms]( 2867): CONFIG: GetJarConfig getDirectiveValue() FINISHED [key='logging.remote.level']
V/GetJar SDK [com.jb.gosms]( 2867): CONFIG: GetJarConfig getDirectiveValue() START [key='logging.remote.areas']
V/GetJar SDK [com.jb.gosms]( 2867): CONFIG: GetJarConfig getDirectiveValue() Using CONFIG value: 'logging.remote.areas' = 'ALL'
V/GetJar SDK [com.jb.gosms]( 2867): CONFIG: GetJarConfig getDirectiveValue() FINISHED [key='logging.remote.areas']
D/GetJar SDK [com.jb.gosms]( 2867): LOGGING|CONFIG: AppenderBase: configureAppender() Appender com.getjar.sdk.logging.RemoteAppender configured [enabled=false level=WARN areas=ALL]
V/GetJar SDK [com.jb.gosms]( 2867): CONFIG: GetJarConfig getDirectiveValue() START [key='logging.remote.max_batch_count']
V/GetJar SDK [com.jb.gosms]( 2867): CONFIG: GetJarConfig getDirectiveValue() Using CONFIG value: 'logging.remote.max_batch_count' = '100'
V/GetJar SDK [com.jb.gosms]( 2867): CONFIG: GetJarConfig getDirectiveValue() FINISHED [key='logging.remote.max_batch_count']
V/GetJar SDK [com.jb.gosms]( 2867): CONFIG: GetJarConfig getDirectiveValue() START [key='logging.remote.max_wait_interval']
V/GetJar SDK [com.jb.gosms]( 2867): CONFIG: GetJarConfig getDirectiveValue() Using CONFIG value: 'logging.remote.max_wait_interval' = '60'
V/GetJar SDK [com.jb.gosms]( 2867): CONFIG: GetJarConfig getDirectiveValue() FINISHED [key='logging.remote.max_wait_interval']
V/GetJar SDK [com.jb.gosms]( 2867): COMM: CommManager: createContextInternal() [thread:4864] Creating CommContext instance
V/GetJar SDK [com.jb.gosms]( 2867): COMM: CommContext: creating DeviceMetadata instance
V/GetJar SDK [com.jb.gosms]( 2867): COMM: UserAgentValuesManager: getWebKitUserAgent() START
V/GetJar SDK [com.jb.gosms]( 2867): COMM: UserAgentValuesManager: getWebKitUserAgent() FINISHED
V/GetJar SDK [com.jb.gosms]( 2867): COMM: UserAgentValuesManager: getWebKitUserAgent() START
V/GetJar SDK [com.jb.gosms]( 2867): COMM: UserAgentValuesManager: getWebKitUserAgent() FINISHED
V/GetJar SDK [com.jb.gosms]( 2867): COMM: CommContext: calling UserAgentValuesManager.getSdkUserAgent()
I/GetJar SDK [com.jb.gosms]( 2867): COMM: CommManager: createContextInternal() [thread:4863] Created a NEW CommContext from com.getjar.sdk.comm.CommManager.createContext() [PID:2867] [AppToken:aee489e3-da34-4327-b1b7-ca786d1d7a87] [CommContext.Id:e26be5e7-77f5-4b88-b343-8e57035223f4]
D/GetJar SDK [com.jb.gosms]( 2867): AUTH: AuthFlow: ensureAuthInternal() START [state:AUTHED]
V/GetJar SDK [com.jb.gosms]( 2867): COMM: UserAgentValuesManager: getWebKitUserAgent() START
V/GetJar SDK [com.jb.gosms]( 2867): COMM: UserAgentValuesManager: getWebKitUserAgent() FINISHED
V/GetJar SDK [com.jb.gosms]( 2867): COMM: UserAgentValuesManager: getWebKitUserAgent() START
V/GetJar SDK [com.jb.gosms]( 2867): COMM: UserAgentValuesManager: getWebKitUserAgent() FINISHED
V/GetJar SDK [com.jb.gosms]( 2867): COMM: CommContext: calling UserAgentValuesManager.getSdkUserAgent()
V/GetJar SDK [com.jb.gosms]( 2867): STORAGE: BasicCache: getCacheEntry() Found a cache entry for authCache.authenticationToken
I/GetJar SDK [com.jb.gosms]( 2867): COMM: CommManager: createContextInternal() [thread:4864] Created a NEW CommContext from com.getjar.sdk.comm.CommManager.createContext() [PID:2867] [AppToken:aee489e3-da34-4327-b1b7-ca786d1d7a87] [CommContext.Id:c1b5ebde-24b6-413e-9f83-6e62ebfe2093]
D/GetJar SDK [com.jb.gosms]( 2867): AUTH: AuthFlow: ensureAuthInternal() START [state:AUTHED]
V/GetJar SDK [com.jb.gosms]( 2867): STORAGE: BasicCache: getCacheEntry() Found a cache entry for authCache.authenticationToken
I/GetJar SDK [com.jb.gosms]( 2867): AUTH: AuthFlow: ensureAuthInternal() finishing with state:AUTHED
V/GetJar SDK [com.jb.gosms]( 2867): STORAGE: BasicCache: getCacheEntry() Found a cache entry for authCache.authenticationToken
V/GetJar SDK [com.jb.gosms]( 2867): STORAGE: BasicCache: getCacheEntry() Found a cache entry for authCache.authenticationToken
I/GetJar SDK [com.jb.gosms]( 2867): AUTH: AuthFlow: ensureAuthInternal() finishing with state:AUTHED
V/GetJar SDK [com.jb.gosms]( 2867): AUTH: AuthFlow: waitOnAuth() START [stack::VMStack.java.-2:Thread.java.579:Logger.java.135:AuthManager.java.875:NetworkStateReceiver.java.107:NetworkStateReceiver.java.50:Thread.java.841]
V/GetJar SDK [com.jb.gosms]( 2867): AUTH: AuthFlow: waitOnAuth() START [stack::VMStack.java.-2:Thread.java.579:Logger.java.135:AuthManager.java.875:NetworkStateReceiver.java.107:NetworkStateReceiver.java.50:Thread.java.841]
V/GetJar SDK [com.jb.gosms]( 2867): AUTH: AuthFlow: waitOnAuth() FINISHED [stack::VMStack.java.-2:Thread.java.579:Logger.java.135:AuthManager.java.893:NetworkStateReceiver.java.107:NetworkStateReceiver.java.50:Thread.java.841]
V/GetJar SDK [com.jb.gosms]( 2867): AUTH: AuthFlow: waitOnAuth() FINISHED [stack::VMStack.java.-2:Thread.java.579:Logger.java.135:AuthManager.java.893:NetworkStateReceiver.java.107:NetworkStateReceiver.java.50:Thread.java.841]
V/GetJar SDK [com.jb.gosms]( 2867): TRANSACTION: TransactionManager: recoverOrphanedTransactions() [thread: 4863]
V/GetJar SDK [com.jb.gosms]( 2867): TRANSACTION: TransactionManager: recoverOrphanedTransactions() [thread: 4864]
I/GetJar SDK [com.jb.gosms]( 2867): TRANSACTION|STORAGE: DBTransactions: waitForUserAccess() START [:VMStack.java.-2:Thread.java.579:Logger.java.135:DBTransactions.java.116:TransactionManager.java.663:NetworkStateReceiver.java.111:NetworkStateReceiver.java.50:Thread.java.841]
V/GetJar SDK [com.jb.gosms]( 2867): AUTH: AuthFlow: waitOnAuth() START [stack::VMStack.java.-2:Thread.java.579:Logger.java.135:AuthManager.java.875:DBTransactions.java.118:TransactionManager.java.663:NetworkStateReceiver.java.111:NetworkStateReceiver.java.50:Thread.java.841]
V/GetJar SDK [com.jb.gosms]( 2867): AUTH: AuthFlow: waitOnAuth() FINISHED [stack::VMStack.java.-2:Thread.java.579:Logger.java.135:AuthManager.java.893:DBTransactions.java.118:TransactionManager.java.663:NetworkStateReceiver.java.111:NetworkStateReceiver.java.50:Thread.java.841]
I/GetJar SDK [com.jb.gosms]( 2867): TRANSACTION|STORAGE: DBTransactions: waitForUserAccess() DONE
D/GetJar SDK [com.jb.gosms]( 2867): TRANSACTION|STORAGE: TransactionManager: Found 0 total transactions and 0 orphaned purchase transactions
I/GetJar SDK [com.jb.gosms]( 2867): TRANSACTION|STORAGE: DBTransactions: waitForUserAccess() START [:VMStack.java.-2:Thread.java.579:Logger.java.135:DBTransactions.java.116:TransactionManager.java.663:NetworkStateReceiver.java.111:NetworkStateReceiver.java.50:Thread.java.841]
V/GetJar SDK [com.jb.gosms]( 2867): AUTH: AuthFlow: waitOnAuth() START [stack::VMStack.java.-2:Thread.java.579:Logger.java.135:AuthManager.java.875:DBTransactions.java.118:TransactionManager.java.663:NetworkStateReceiver.java.111:NetworkStateReceiver.java.50:Thread.java.841]
V/GetJar SDK [com.jb.gosms]( 2867): AUTH: AuthFlow: waitOnAuth() FINISHED [stack::VMStack.java.-2:Thread.java.579:Logger.java.135:AuthManager.java.893:DBTransactions.java.118:TransactionManager.java.663:NetworkStateReceiver.java.111:NetworkStateReceiver.java.50:Thread.java.841]
I/GetJar SDK [com.jb.gosms]( 2867): TRANSACTION|STORAGE: DBTransactions: waitForUserAccess() DONE
D/GetJar SDK [com.jb.gosms]( 2867): TRANSACTION|STORAGE: TransactionManager: Found 0 total transactions and 0 orphaned purchase transactions
D/TelephonyProvider(  983): Preferred APN: -1
D/CMStats (11294): Waiting for next sync : 4 hours
E/Sensors (  749): accelHandler 0.772394 7.085665 6.937174
D/MobileConnectivityChangeReceiver( 6837): onReceive Intent { act=android.net.conn.CONNECTIVITY_CHANGE flg=0x4000010 cmp=com.google.android.setupwizard/.MobileConnectivityChangeReceiver (has extras) }
D/MobileConnectivityChangeReceiver( 6837): onReceive CONNECTIVITY_CHANGE networkType=0
D/MobileConnectivityChangeReceiver( 6837): onReceive CONNECTIVITY_CHANGE: not connected|connecting, ignore
D/WeatherUpdateService( 3967): Service started, but shouldn't update ... stopping
D/NewContentCheckerReceiver( 6737): -----
D/NewContentCheckerReceiver( 6737): onReceive() called
D/NewContentCheckerReceiver( 6737): Action: android.net.conn.CONNECTIVITY_CHANGE
D/GCM     ( 1215): GcmService start Intent { act=android.net.conn.CONNECTIVITY_CHANGE flg=0x4000010 cmp=com.google.android.gms/.gcm.GcmService (has extras) } android.net.conn.CONNECTIVITY_CHANGE
D/NewContentCheckerReceiver( 6737): onReceive() cancelled, duplicate call
D/YouTube ( 5540): apps.youtube.app.prefetch.PrefetchService$DeviceStateReceiver.onReceive:533 Got device state change intent: android.net.conn.CONNECTIVITY_CHANGE
D/YouTube ( 5540): apps.youtube.app.prefetch.PrefetchService.onStartCommand:166 PrefetchService started at 22 Mar 2014 00:21:18 GMT
D/YouTube ( 5540): apps.youtube.app.prefetch.PrefetchService.q_:245 Download snapshot restored
I/UpdateCheckReceiver( 6790): Got connectivity change, has connection: true
I/UpdateCheckReceiver( 6790): Scheduling future, repeating update checks.
D/YouTube ( 5540): apps.youtube.app.prefetch.PrefetchService.onDestroy:215 PrefetchService destroyed at 22 Mar 2014 00:21:18 GMT
D/CMStats (11294): Waiting for next sync : 4 hours
D/MobileConnectivityChangeReceiver( 6837): onReceive Intent { act=android.net.conn.CONNECTIVITY_CHANGE flg=0x4000010 cmp=com.google.android.setupwizard/.MobileConnectivityChangeReceiver (has extras) }
D/MobileConnectivityChangeReceiver( 6837): onReceive CONNECTIVITY_CHANGE networkType=1
D/WeatherUpdateService( 3967): Service started, but shouldn't update ... stopping
D/GCM     ( 1215): GcmService start Intent { act=android.net.conn.CONNECTIVITY_CHANGE flg=0x4000010 cmp=com.google.android.gms/.gcm.GcmService (has extras) } android.net.conn.CONNECTIVITY_CHANGE
D/NewContentCheckerReceiver( 6737): -----
D/NewContentCheckerReceiver( 6737): onReceive() called
D/NewContentCheckerReceiver( 6737): Action: android.net.conn.CONNECTIVITY_CHANGE
D/NewContentCheckerReceiver( 6737): onReceive() cancelled, duplicate call
D/YouTube ( 5540): apps.youtube.app.prefetch.PrefetchService$DeviceStateReceiver.onReceive:533 Got device state change intent: android.net.conn.CONNECTIVITY_CHANGE
D/YouTube ( 5540): apps.youtube.app.prefetch.PrefetchService.onStartCommand:166 PrefetchService started at 22 Mar 2014 00:21:18 GMT
D/YouTube ( 5540): apps.youtube.app.prefetch.PrefetchService.q_:245 Download snapshot restored
D/YouTube ( 5540): apps.youtube.app.prefetch.PrefetchService.onDestroy:215 PrefetchService destroyed at 22 Mar 2014 00:21:18 GMT
D/ConnectivityService(  749): handleInetConditionHoldEnd: net=1, condition=100, published condition=100
E/Sensors (  749): accelHandler 1.013093 6.932384 6.769523
E/Sensors (  749): accelHandler 3.972140 6.231841 4.002078
E/Sensors (  749): accelHandler -0.784369 6.576724 9.947714
V/Sensors (  749): enable - sensor Accelerometer (handle 4) en -> dis
E/Sensors (  749): mEnabled = 0
E/Sensors (  749): activatePendingSensors : mEnabled = 0
E/Sensors (  749): requested_sensors(70) from kernel
I/MPL-mldl_cfg_mpu:(  749): inv_mpu_suspend(,,,,7fff) -> 0000
V/Sensors (  749): calling inv_set_mpu_sensors(000000)
V/Sensors (  749): Starting DMP
W/MPL-9_sup(  749): 9 axis sensor fusion not available - No compass detected.
I/MPL-mldl_cfg_mpu:(  749): inv_mpu_resume(,,,,0000) -> 0000
V/Sensors (  749): Stopping DMP
I/MPL-mldl_cfg_mpu:(  749): inv_mpu_suspend(,,,,7fff) -> 0000
I/PowerManagerService(  749): Going to sleep by user request...
D/LightsService(  749): Excessive delay setting light: 110ms
D/SurfaceFlinger(  308): Screen released, type=0 flinger=0xb7ece450
D/qdhwcomposer(  308): hwc_blank: Blanking display: 0
D/qdhwcomposer(  308): hwc_blank: Done blanking display: 0
D/SurfaceControl(  749): Excessive delay in blankDisplay() while turning screen off: 183ms
E/Sensors (  749): Sleep Event : mEnabled = 0
D/PhoneStatusBar(  857): disable: < expand icons alerts ticker system_info BACK* HOME* RECENT* CLOCK* search >
D/GetJar SDK [com.jb.gosms]( 2867): OS_ENTRY_POINT: UsageScreenReceiver onReceive start()
I/GetJar SDK [com.jb.gosms]( 2867): TRANSACTION|EARN: Earning: EarningScreenReceiver: screen off
I/GetJar SDK [com.jb.gosms]( 2867): USAGE: Usage: UsageScreenReceiver: screen off
V/GetJar SDK [com.jb.gosms]( 2867): TRANSACTION|EARN: Earning: EarningMonitor: earning monitoring thread stopped [thread id: null]
D/MoPub   (12078): Screen sleep but ad in background; refresh should already be disabled
D/YouTube ( 5540): apps.youtube.app.prefetch.f.onReceive:366 Received: android.intent.action.SCREEN_OFF
D/YouTube MDX( 5540): Recieved intent android.intent.action.SCREEN_OFF
D/GetJar SDK [com.jb.gosms]( 2867): USAGE: UsageMonitor: UsageMonitoringThread: exiting [thread:4837]
V/GetJar SDK [com.jb.gosms]( 2867): USAGE: UsageMonitor: usage monitoring thread stopped [thread id: 4837]
D/GetJar SDK [com.jb.gosms]( 2867): CONFIG: GetJarConfig()::getInstance() -- re-using existing GetJarConfig instance
V/GetJar SDK [com.jb.gosms]( 2867): CONFIG: GetJarConfig getDirectiveValue() START [key='usage.background.send.enabled']
V/GetJar SDK [com.jb.gosms]( 2867): CONFIG: GetJarConfig getDirectiveValue() Using SERVER defined value: 'usage.background.send.enabled' = 'true'
V/GetJar SDK [com.jb.gosms]( 2867): CONFIG: GetJarConfig getDirectiveValue() FINISHED [key='usage.background.send.enabled']
D/GetJar SDK [com.jb.gosms]( 2867): USAGE|CONFIG: UsageManager getBackgroundSendEnabled: true
D/GetJar SDK [com.jb.gosms]( 2867): CONFIG: GetJarConfig()::getInstance() -- re-using existing GetJarConfig instance
V/GetJar SDK [com.jb.gosms]( 2867): CONFIG: GetJarConfig getDirectiveValue() START [key='usage.monitoring.enabled']
V/GetJar SDK [com.jb.gosms]( 2867): CONFIG: GetJarConfig getDirectiveValue() Using SERVER defined value: 'usage.monitoring.enabled' = 'true'
V/GetJar SDK [com.jb.gosms]( 2867): CONFIG: GetJarConfig getDirectiveValue() FINISHED [key='usage.monitoring.enabled']
D/GetJar SDK [com.jb.gosms]( 2867): USAGE|CONFIG: UsageManager isMonitoringEnabled: true
D/GetJar SDK [com.jb.gosms]( 2867): CONFIG: GetJarConfig()::getInstance() -- re-using existing GetJarConfig instance
V/GetJar SDK [com.jb.gosms]( 2867): CONFIG: GetJarConfig getDirectiveValue() START [key='usage.background.send.interval']
V/GetJar SDK [com.jb.gosms]( 2867): CONFIG: GetJarConfig getDirectiveValue() Using SERVER defined value: 'usage.background.send.interval' = '3600'
V/GetJar SDK [com.jb.gosms]( 2867): CONFIG: GetJarConfig getDirectiveValue() FINISHED [key='usage.background.send.interval']
D/GetJar SDK [com.jb.gosms]( 2867): USAGE|CONFIG: UsageManager getBackgroundSendIntervalMilliseconds: 3600000
V/GetJar SDK [com.jb.gosms]( 2867): USAGE: UsageReporter: Exiting sendUnsyncedData bacause last send occured less than '3600' seconds ago.
D/GetJar SDK [com.jb.gosms]( 2867): CONFIG: GetJarConfig()::getInstance() -- re-using existing GetJarConfig instance
V/GetJar SDK [com.jb.gosms]( 2867): CONFIG: GetJarConfig getDirectiveValue() START [key='usage.request.time_window']
V/GetJar SDK [com.jb.gosms]( 2867): CONFIG: GetJarConfig getDirectiveValue() Using SERVER defined value: 'usage.request.time_window' = '86400'
V/GetJar SDK [com.jb.gosms]( 2867): CONFIG: GetJarConfig getDirectiveValue() FINISHED [key='usage.request.time_window']
D/GetJar SDK [com.jb.gosms]( 2867): USAGE|CONFIG: UsageManager getRequestTimeWindowMilliseconds: 86400000
D/GetJar SDK [com.jb.gosms]( 2867): CONFIG: GetJarConfig()::getInstance() -- re-using existing GetJarConfig instance
V/GetJar SDK [com.jb.gosms]( 2867): CONFIG: GetJarConfig getDirectiveValue() START [key='usage.request.time_window_count']
V/GetJar SDK [com.jb.gosms]( 2867): CONFIG: GetJarConfig getDirectiveValue() Using SERVER defined value: 'usage.request.time_window_count' = '7'
V/GetJar SDK [com.jb.gosms]( 2867): CONFIG: GetJarConfig getDirectiveValue() FINISHED [key='usage.request.time_window_count']
D/GetJar SDK [com.jb.gosms]( 2867): USAGE|CONFIG: UsageManager getRequestTimeWindowCount: 7
I/wpa_supplicant(28013): wlan0: Associated with d0:c2:82:2d:09:71
I/wpa_supplicant(28013): wlan0: CTRL-EVENT-CONNECTED - Connection to d0:c2:82:2d:09:71 completed (auth) [id=5 id_str=]
I/R2Mail2 PushMailService( 3374): PushMailService received start id 41 and flag 0: Intent { act=at.rundquadrat.android.r2mail2.intent.action.ACTION_RESTART_PUSHMAIL cmp=at.rundquadrat.android.r2mail2/.service.PushMailService (has extras) }
I/R2Mail2 PushMailService( 3374): PushMailService received start id 42 and flag 0: Intent { act=at.rundquadrat.android.r2mail2.intent.action.ACTION_RESTART_PUSHMAIL cmp=at.rundquadrat.android.r2mail2/.service.PushMailService (has extras) }
I/R2Mail2 MailService( 3374): Received start id 1 and flag 0: Intent { act=at.rundquadrat.android.r2mail2.intent.action.ACTION_UPLOAD_SEND_MSGS cmp=at.rundquadrat.android.r2mail2/.service.MailService (has extras) }
I/Transport Matt (Personal)( 3374): trying to get folder: INBOX
I/Transport Matt (Personal)( 3374): opened folder to refresh: INBOX
I/Transport Matt (School)( 3374): trying to get folder: INBOX
I/Transport Matt (School)( 3374): opened folder to refresh: INBOX
I/R2Mail2 ( 3374): Next pushmail RESTART for Matt (Personal) (gik0geck0@gmail.com) INBOX will be at: 03/21/2014 6:36 PM
D/MobileDataStateTracker(  749): default: Broadcast received: android.intent.action.ANY_DATA_STATE apnType=default
D/MobileDataStateTracker(  749): default: Received state=CONNECTING, old=DISCONNECTED, reason=LOST_CONNECTION
D/MobileDataStateTracker(  749): default: setDetailed state, old =DISCONNECTED and new state=CONNECTING
D/MobileDataStateTracker(  749): dun: Broadcast received: android.intent.action.ANY_DATA_STATE apnType=dun
D/MobileDataStateTracker(  749): dun: Received state=DISCONNECTED, old=DISCONNECTED, reason=LOST_CONNECTION
D/MobileDataStateTracker(  749): supl: Broadcast received: android.intent.action.ANY_DATA_STATE apnType=supl
D/MobileDataStateTracker(  749): supl: Received state=DISCONNECTED, old=DISCONNECTED, reason=LOST_CONNECTION
D/MobileDataStateTracker(  749): hipri: Broadcast received: android.intent.action.ANY_DATA_STATE apnType=hipri
D/MobileDataStateTracker(  749): hipri: Received state=DISCONNECTED, old=DISCONNECTED, reason=LOST_CONNECTION
D/GCM     ( 1215): Message class hwb
D/MobileDataStateTracker(  749): mms: Broadcast received: android.intent.action.ANY_DATA_STATE apnType=mms
D/MobileDataStateTracker(  749): mms: Received state=DISCONNECTED, old=DISCONNECTED, reason=LOST_CONNECTION
D/ConnectivityService(  749): handleInetConditionHoldEnd: net=1, condition=100, published condition=100
I/R2Mail2 ( 3374): Next pushmail RESTART for Matt (School) (mbuland@mymail.mines.edu) INBOX will be at: 03/21/2014 6:36 PM
V/BufferedAnalyticsState( 1190): Not ready for upload, 478 seconds left.
D/QMI_FW  (  749): QCCI: QMI_CCI_TX: cntl_flag - 00, txn_id - 0443, msg_id - 0039, msg_len - 0021
D/QMI_FW  (  749): QCCI: Sent[202]: 40 bytes to port 3072
D/QMI_FW  (  749): QCCI: reader_thread: Received 14 bytes from 202
D/QMI_FW  (  749): QCCI: QMI_CCI_RX: cntl_flag - 02, txn_id - 0443, msg_id - 0039, msg_len - 0007
D/QMI_FW  (  749): QCCI: reader_thread: Received 14 bytes from 202
D/QMI_FW  (  749): QCCI: QMI_CCI_RX: cntl_flag - 04, txn_id - 0000, msg_id - 0039, msg_len - 0007
I/GCoreUlr( 1190): Successfully inserted location
I/GCoreUlr( 1190): Not calling LocationReportingService, hasMoved: false, elapsed millis: 3515226, request: Phone
D/MobileDataStateTracker(  749): default: Broadcast received: android.intent.action.ANY_DATA_STATE apnType=default
D/MobileDataStateTracker(  749): default: Received state=CONNECTING, old=CONNECTING, reason=(unspecified)
D/MobileDataStateTracker(  749): default: Broadcast received: android.intent.action.ANY_DATA_STATE apnType=default
D/MobileDataStateTracker(  749): default: Received state=CONNECTING, old=CONNECTING, reason=dataDetached
D/MobileDataStateTracker(  749): dun: Broadcast received: android.intent.action.ANY_DATA_STATE apnType=dun
D/MobileDataStateTracker(  749): dun: Received state=DISCONNECTED, old=DISCONNECTED, reason=dataDetached
D/MobileDataStateTracker(  749): supl: Broadcast received: android.intent.action.ANY_DATA_STATE apnType=supl
D/MobileDataStateTracker(  749): supl: Received state=DISCONNECTED, old=DISCONNECTED, reason=dataDetached
D/MobileDataStateTracker(  749): hipri: Broadcast received: android.intent.action.ANY_DATA_STATE apnType=hipri
D/MobileDataStateTracker(  749): hipri: Received state=DISCONNECTED, old=DISCONNECTED, reason=dataDetached
D/MobileDataStateTracker(  749): mms: Broadcast received: android.intent.action.ANY_DATA_STATE apnType=mms
D/MobileDataStateTracker(  749): mms: Received state=DISCONNECTED, old=DISCONNECTED, reason=dataDetached
E/        (  749): ../../accel.c|inv_get_accel_offset|211 returning 19
V/Sensors (  749): enable - sensor Accelerometer (handle 4) dis -> en
E/Sensors (  749): mEnabled = 10
V/Sensors (  749): setDelay - sensor Accelerometer (handle 4), rate 20 ms (50.00 Hz)
V/Sensors (  749): setDelay - sensor Accelerometer (handle 4), rate 20 ms (50.00 Hz)
E/Sensors (  749): activatePendingSensors : mEnabled = 10
E/Sensors (  749): requested_sensors(0) from kernel
V/Sensors (  749): calling inv_set_mpu_sensors(000070)
I/MPL-fifo(  749): Actual ODR: 50000 mHz
E/Sensors (  749): set fifo rate - divider : 3, delay : 20 ms (50.00 Hz)
I/MPL-fifo(  749): Actual ODR: 50000 mHz
V/Sensors (  749): Starting DMP
W/MPL-9_sup(  749): 9 axis sensor fusion not available - No compass detected.
I/MPL-mldl_cfg_mpu:(  749): inv_mpu_resume(,,,,0070) -> 0070
E/Sensors (  749): accelHandler 0.938848 -9.641151 -1.405877
E/Sensors (  749): accelHandler 2.572251 -9.226812 1.689686
E/Sensors (  749): accelHandler 2.925516 -7.370673 -5.222340
D/MobileDataStateTracker(  749): default: Broadcast received: android.intent.action.ANY_DATA_STATE apnType=default
D/MobileDataStateTracker(  749): default: Received state=DISCONNECTED, old=CONNECTING, reason=lostDataConnection
D/MobileDataStateTracker(  749): default: setDetailed state, old =CONNECTING and new state=DISCONNECTED
D/ConnectivityService(  749): ConnectivityChange for mobile: DISCONNECTED/DISCONNECTED
D/ConnectivityService(  749): Attempting to switch to WIFI
D/ConnectivityService(  749): Attempting to switch to BLUETOOTH_TETHER
D/Nat464Xlat(  749): requiresClat: netType=0, hasIPv4Address=true
D/MobileDataStateTracker(  749): default: setPolicyDataEnable(enabled=true)
D/MobileDataStateTracker(  749): default: Broadcast received: android.intent.action.ANY_DATA_STATE apnType=default
D/MobileDataStateTracker(  749): default: Received state=DISCONNECTED, old=DISCONNECTED, reason=LOST_CONNECTION
D/MobileDataStateTracker(  749): default: setPolicyDataEnable(enabled=true)
D/MobileDataStateTracker(  749): default: setPolicyDataEnable(enabled=true)
D/MobileDataStateTracker(  749): default: setPolicyDataEnable(enabled=true)
E/Sensors (  749): accelHandler 2.654879 -9.152567 -0.809517
V/Sensors (  749): enable - sensor Accelerometer (handle 4) en -> dis
E/Sensors (  749): mEnabled = 0
E/Sensors (  749): activatePendingSensors : mEnabled = 0
E/Sensors (  749): requested_sensors(70) from kernel
I/MPL-mldl_cfg_mpu:(  749): inv_mpu_suspend(,,,,7fff) -> 0000
V/Sensors (  749): calling inv_set_mpu_sensors(000000)
V/Sensors (  749): Starting DMP
W/MPL-9_sup(  749): 9 axis sensor fusion not available - No compass detected.
I/MPL-mldl_cfg_mpu:(  749): inv_mpu_resume(,,,,0000) -> 0000
V/Sensors (  749): Stopping DMP
I/MPL-mldl_cfg_mpu:(  749): inv_mpu_suspend(,,,,7fff) -> 0000
D/Tethering(  749): MasterInitialState.processMessage what=3
D/Tethering(  749): MasterInitialState.processMessage what=3
D/GetJar SDK [com.jb.gosms]( 2867): COMM: NetworkStateReceiver: onReceive(): START
D/GetJar SDK [com.jb.gosms]( 2867): COMM: NetworkStateReceiver: onReceive(): START
I/GetJar SDK [com.jb.gosms]( 2867): AUTH|COMM|TRANSACTION: NetworkStateReceiver: onReceive() network connection restored
V/GetJar SDK [com.jb.gosms]( 2867): STORAGE: ApplicationKeyDatabase: getApplicationKey()
I/GetJar SDK [com.jb.gosms]( 2867): AUTH|COMM|TRANSACTION: NetworkStateReceiver: onReceive() network connection restored
D/YouTube ( 5540): apps.youtube.common.e.d.a:25 Executing ConditionTask com.google.android.apps.youtube.datalib.offline.h
D/YouTube ( 5540): apps.youtube.datalib.offline.h.a:34 Network change detected, dispatch offline http requests.
I/UpdateCheckReceiver( 6790): Got connectivity change, has connection: true
I/UpdateCheckReceiver( 6790): Scheduling future, repeating update checks.
D/CMStats (11294): Waiting for next sync : 4 hours
E/        (  749): ../../accel.c|inv_get_accel_offset|211 returning 19
V/Sensors (  749): enable - sensor Accelerometer (handle 4) dis -> en
E/Sensors (  749): mEnabled = 10
V/Sensors (  749): setDelay - sensor Accelerometer (handle 4), rate 20 ms (50.00 Hz)
V/Sensors (  749): setDelay - sensor Accelerometer (handle 4), rate 20 ms (50.00 Hz)
V/GetJar SDK [com.jb.gosms]( 2867): STORAGE: ApplicationKeyDatabase: setApplicationKey()
V/GetJar SDK [com.jb.gosms]( 2867): COMM: CommManager: createContextInternal() [thread:4876] Calling configureAppenders()
V/GetJar SDK [com.jb.gosms]( 2867): LOGGING: LogCatAppender: configureAppender() START
V/GetJar SDK [com.jb.gosms]( 2867): LOGGING: LogCatAppender: configureAppender() GetJarConfig.getInstance() start
D/GetJar SDK [com.jb.gosms]( 2867): CONFIG: GetJarConfig()::getInstance() -- re-using existing GetJarConfig instance
V/GetJar SDK [com.jb.gosms]( 2867): LOGGING: LogCatAppender: configureAppender() GetJarConfig.getInstance() finished
V/GetJar SDK [com.jb.gosms]( 2867): CONFIG: GetJarConfig getDirectiveValue() START [key='logging.logcat.enabled']
V/GetJar SDK [com.jb.gosms]( 2867): CONFIG: GetJarConfig getDirectiveValue() Using SERVER defined value: 'logging.logcat.enabled' = 'true'
V/GetJar SDK [com.jb.gosms]( 2867): STORAGE: ApplicationKeyDatabase: getApplicationKey()
V/GetJar SDK [com.jb.gosms]( 2867): CONFIG: GetJarConfig getDirectiveValue() FINISHED [key='logging.logcat.enabled']
V/GetJar SDK [com.jb.gosms]( 2867): LOGGING: LogCatAppender: configureAppender() got enabled = true
V/GetJar SDK [com.jb.gosms]( 2867): CONFIG: GetJarConfig getDirectiveValue() START [key='logging.logcat.level']
V/GetJar SDK [com.jb.gosms]( 2867): CONFIG: GetJarConfig getDirectiveValue() Using SERVER defined value: 'logging.logcat.level' = 'VERBOSE'
V/GetJar SDK [com.jb.gosms]( 2867): CONFIG: GetJarConfig getDirectiveValue() FINISHED [key='logging.logcat.level']
V/GetJar SDK [com.jb.gosms]( 2867): LOGGING: LogCatAppender: configureAppender() got levelStr = VERBOSE
V/GetJar SDK [com.jb.gosms]( 2867): CONFIG: GetJarConfig getDirectiveValue() START [key='logging.logcat.areas']
V/GetJar SDK [com.jb.gosms]( 2867): CONFIG: GetJarConfig getDirectiveValue() Using CONFIG value: 'logging.logcat.areas' = 'ALL'
V/GetJar SDK [com.jb.gosms]( 2867): CONFIG: GetJarConfig getDirectiveValue() FINISHED [key='logging.logcat.areas']
V/GetJar SDK [com.jb.gosms]( 2867): LOGGING: LogCatAppender: configureAppender() got areasStr = ALL
E/Sensors (  749): activatePendingSensors : mEnabled = 10
E/Sensors (  749): requested_sensors(0) from kernel
V/Sensors (  749): calling inv_set_mpu_sensors(000070)
I/MPL-fifo(  749): Actual ODR: 50000 mHz
E/Sensors (  749): set fifo rate - divider : 3, delay : 20 ms (50.00 Hz)
V/GetJar SDK [com.jb.gosms]( 2867): LOGGING: LogCatAppender: configureAppender() calling AppenderBase.configureAppender()
I/MPL-fifo(  749): Actual ODR: 50000 mHz
V/Sensors (  749): Starting DMP
W/MPL-9_sup(  749): 9 axis sensor fusion not available - No compass detected.
D/GetJar SDK [com.jb.gosms]( 2867): LOGGING|CONFIG: AppenderBase: configureAppender() Appender com.getjar.sdk.logging.LogCatAppender configured [enabled=true level=VERBOSE areas=ALL]
V/GetJar SDK [com.jb.gosms]( 2867): LOGGING: LogCatAppender: configureAppender() FINISHED
V/GetJar SDK [com.jb.gosms]( 2867): LOGGING: BufferingAppender: configureAppender() START
V/GetJar SDK [com.jb.gosms]( 2867): LOGGING: BufferingAppender: configureAppender() FINISHED
D/GetJar SDK [com.jb.gosms]( 2867): CONFIG: GetJarConfig()::getInstance() -- re-using existing GetJarConfig instance
V/GetJar SDK [com.jb.gosms]( 2867): CONFIG: GetJarConfig getDirectiveValue() START [key='service.logging.endpoint']
V/GetJar SDK [com.jb.gosms]( 2867): CONFIG: GetJarConfig getDirectiveValue() Using CONFIG value: 'service.logging.endpoint' = 'http://v3clientlogging20130115.getjar.com'
V/GetJar SDK [com.jb.gosms]( 2867): CONFIG: GetJarConfig getDirectiveValue() FINISHED [key='service.logging.endpoint']
D/GetJar SDK [com.jb.gosms]( 2867): CONFIG: GetJarConfig()::getInstance() -- re-using existing GetJarConfig instance
V/GetJar SDK [com.jb.gosms]( 2867): CONFIG: GetJarConfig getDirectiveValue() START [key='logging.remote.enabled']
V/GetJar SDK [com.jb.gosms]( 2867): CONFIG: GetJarConfig getDirectiveValue() Using CONFIG value: 'logging.remote.enabled' = 'false'
V/GetJar SDK [com.jb.gosms]( 2867): CONFIG: GetJarConfig getDirectiveValue() FINISHED [key='logging.remote.enabled']
V/GetJar SDK [com.jb.gosms]( 2867): CONFIG: GetJarConfig getDirectiveValue() START [key='logging.remote.level']
V/GetJar SDK [com.jb.gosms]( 2867): CONFIG: GetJarConfig getDirectiveValue() Using CONFIG value: 'logging.remote.level' = 'WARN'
V/GetJar SDK [com.jb.gosms]( 2867): CONFIG: GetJarConfig getDirectiveValue() FINISHED [key='logging.remote.level']
V/GetJar SDK [com.jb.gosms]( 2867): CONFIG: GetJarConfig getDirectiveValue() START [key='logging.remote.areas']
V/GetJar SDK [com.jb.gosms]( 2867): CONFIG: GetJarConfig getDirectiveValue() Using CONFIG value: 'logging.remote.areas' = 'ALL'
V/GetJar SDK [com.jb.gosms]( 2867): CONFIG: GetJarConfig getDirectiveValue() FINISHED [key='logging.remote.areas']
I/MPL-mldl_cfg_mpu:(  749): inv_mpu_resume(,,,,0070) -> 0070
D/GetJar SDK [com.jb.gosms]( 2867): LOGGING|CONFIG: AppenderBase: configureAppender() Appender com.getjar.sdk.logging.RemoteAppender configured [enabled=false level=WARN areas=ALL]
V/GetJar SDK [com.jb.gosms]( 2867): CONFIG: GetJarConfig getDirectiveValue() START [key='logging.remote.max_batch_count']
V/GetJar SDK [com.jb.gosms]( 2867): CONFIG: GetJarConfig getDirectiveValue() Using CONFIG value: 'logging.remote.max_batch_count' = '100'
V/GetJar SDK [com.jb.gosms]( 2867): CONFIG: GetJarConfig getDirectiveValue() FINISHED [key='logging.remote.max_batch_count']
V/GetJar SDK [com.jb.gosms]( 2867): CONFIG: GetJarConfig getDirectiveValue() START [key='logging.remote.max_wait_interval']
V/GetJar SDK [com.jb.gosms]( 2867): CONFIG: GetJarConfig getDirectiveValue() Using CONFIG value: 'logging.remote.max_wait_interval' = '60'
V/GetJar SDK [com.jb.gosms]( 2867): CONFIG: GetJarConfig getDirectiveValue() FINISHED [key='logging.remote.max_wait_interval']
V/GetJar SDK [com.jb.gosms]( 2867): COMM: CommManager: createContextInternal() [thread:4876] Creating CommContext instance
V/GetJar SDK [com.jb.gosms]( 2867): COMM: CommContext: creating DeviceMetadata instance
D/YouTube ( 5540): apps.youtube.common.e.d.a:25 Executing ConditionTask com.google.android.apps.youtube.datalib.offline.h
D/YouTube ( 5540): apps.youtube.datalib.offline.h.a:34 Network change detected, dispatch offline http requests.
V/GetJar SDK [com.jb.gosms]( 2867): COMM: UserAgentValuesManager: getWebKitUserAgent() START
V/GetJar SDK [com.jb.gosms]( 2867): COMM: UserAgentValuesManager: getWebKitUserAgent() FINISHED
V/GetJar SDK [com.jb.gosms]( 2867): COMM: UserAgentValuesManager: getWebKitUserAgent() START
V/GetJar SDK [com.jb.gosms]( 2867): COMM: UserAgentValuesManager: getWebKitUserAgent() FINISHED
V/GetJar SDK [com.jb.gosms]( 2867): COMM: CommContext: calling UserAgentValuesManager.getSdkUserAgent()
I/GetJar SDK [com.jb.gosms]( 2867): COMM: CommManager: createContextInternal() [thread:4876] Created a NEW CommContext from com.getjar.sdk.comm.CommManager.createContext() [PID:2867] [AppToken:aee489e3-da34-4327-b1b7-ca786d1d7a87] [CommContext.Id:3989816c-3adf-46a7-a9e8-0331be0fb43c]
D/GetJar SDK [com.jb.gosms]( 2867): AUTH: AuthFlow: ensureAuthInternal() START [state:AUTHED]
V/GetJar SDK [com.jb.gosms]( 2867): STORAGE: BasicCache: getCacheEntry() Found a cache entry for authCache.authenticationToken
V/GetJar SDK [com.jb.gosms]( 2867): STORAGE: ApplicationKeyDatabase: setApplicationKey()
V/GetJar SDK [com.jb.gosms]( 2867): COMM: CommManager: createContextInternal() [thread:4877] Calling configureAppenders()
V/GetJar SDK [com.jb.gosms]( 2867): LOGGING: LogCatAppender: configureAppender() START
V/GetJar SDK [com.jb.gosms]( 2867): LOGGING: LogCatAppender: configureAppender() GetJarConfig.getInstance() start
D/GetJar SDK [com.jb.gosms]( 2867): CONFIG: GetJarConfig()::getInstance() -- re-using existing GetJarConfig instance
V/GetJar SDK [com.jb.gosms]( 2867): LOGGING: LogCatAppender: configureAppender() GetJarConfig.getInstance() finished
V/GetJar SDK [com.jb.gosms]( 2867): CONFIG: GetJarConfig getDirectiveValue() START [key='logging.logcat.enabled']
V/GetJar SDK [com.jb.gosms]( 2867): CONFIG: GetJarConfig getDirectiveValue() Using SERVER defined value: 'logging.logcat.enabled' = 'true'
V/GetJar SDK [com.jb.gosms]( 2867): CONFIG: GetJarConfig getDirectiveValue() FINISHED [key='logging.logcat.enabled']
V/GetJar SDK [com.jb.gosms]( 2867): LOGGING: LogCatAppender: configureAppender() got enabled = true
V/GetJar SDK [com.jb.gosms]( 2867): CONFIG: GetJarConfig getDirectiveValue() START [key='logging.logcat.level']
V/GetJar SDK [com.jb.gosms]( 2867): CONFIG: GetJarConfig getDirectiveValue() Using SERVER defined value: 'logging.logcat.level' = 'VERBOSE'
V/GetJar SDK [com.jb.gosms]( 2867): CONFIG: GetJarConfig getDirectiveValue() FINISHED [key='logging.logcat.level']
V/GetJar SDK [com.jb.gosms]( 2867): LOGGING: LogCatAppender: configureAppender() got levelStr = VERBOSE
V/GetJar SDK [com.jb.gosms]( 2867): CONFIG: GetJarConfig getDirectiveValue() START [key='logging.logcat.areas']
V/GetJar SDK [com.jb.gosms]( 2867): CONFIG: GetJarConfig getDirectiveValue() Using CONFIG value: 'logging.logcat.areas' = 'ALL'
V/GetJar SDK [com.jb.gosms]( 2867): CONFIG: GetJarConfig getDirectiveValue() FINISHED [key='logging.logcat.areas']
V/GetJar SDK [com.jb.gosms]( 2867): LOGGING: LogCatAppender: configureAppender() got areasStr = ALL
V/GetJar SDK [com.jb.gosms]( 2867): LOGGING: LogCatAppender: configureAppender() calling AppenderBase.configureAppender()
D/GetJar SDK [com.jb.gosms]( 2867): LOGGING|CONFIG: AppenderBase: configureAppender() Appender com.getjar.sdk.logging.LogCatAppender configured [enabled=true level=VERBOSE areas=ALL]
V/GetJar SDK [com.jb.gosms]( 2867): LOGGING: LogCatAppender: configureAppender() FINISHED
V/GetJar SDK [com.jb.gosms]( 2867): LOGGING: BufferingAppender: configureAppender() START
V/GetJar SDK [com.jb.gosms]( 2867): LOGGING: BufferingAppender: configureAppender() FINISHED
D/GetJar SDK [com.jb.gosms]( 2867): CONFIG: GetJarConfig()::getInstance() -- re-using existing GetJarConfig instance
V/GetJar SDK [com.jb.gosms]( 2867): CONFIG: GetJarConfig getDirectiveValue() START [key='service.logging.endpoint']
V/GetJar SDK [com.jb.gosms]( 2867): CONFIG: GetJarConfig getDirectiveValue() Using CONFIG value: 'service.logging.endpoint' = 'http://v3clientlogging20130115.getjar.com'
V/GetJar SDK [com.jb.gosms]( 2867): CONFIG: GetJarConfig getDirectiveValue() FINISHED [key='service.logging.endpoint']
D/GetJar SDK [com.jb.gosms]( 2867): CONFIG: GetJarConfig()::getInstance() -- re-using existing GetJarConfig instance
V/GetJar SDK [com.jb.gosms]( 2867): CONFIG: GetJarConfig getDirectiveValue() START [key='logging.remote.enabled']
V/GetJar SDK [com.jb.gosms]( 2867): CONFIG: GetJarConfig getDirectiveValue() Using CONFIG value: 'logging.remote.enabled' = 'false'
V/GetJar SDK [com.jb.gosms]( 2867): CONFIG: GetJarConfig getDirectiveValue() FINISHED [key='logging.remote.enabled']
V/GetJar SDK [com.jb.gosms]( 2867): CONFIG: GetJarConfig getDirectiveValue() START [key='logging.remote.level']
V/GetJar SDK [com.jb.gosms]( 2867): CONFIG: GetJarConfig getDirectiveValue() Using CONFIG value: 'logging.remote.level' = 'WARN'
V/GetJar SDK [com.jb.gosms]( 2867): CONFIG: GetJarConfig getDirectiveValue() FINISHED [key='logging.remote.level']
V/GetJar SDK [com.jb.gosms]( 2867): CONFIG: GetJarConfig getDirectiveValue() START [key='logging.remote.areas']
