V/GetJar SDK [com.jb.gosms]( 2867): CONFIG: GetJarConfig getDirectiveValue() START [key='usage.monitoring.enabled']
V/GetJar SDK [com.jb.gosms]( 2867): CONFIG: GetJarConfig getDirectiveValue() Using SERVER defined value: 'usage.monitoring.enabled' = 'true'
V/GetJar SDK [com.jb.gosms]( 2867): CONFIG: GetJarConfig getDirectiveValue() FINISHED [key='usage.monitoring.enabled']
D/GetJar SDK [com.jb.gosms]( 2867): USAGE|CONFIG: UsageManager isMonitoringEnabled: true
D/GetJar SDK [com.jb.gosms]( 2867): CONFIG: GetJarConfig()::getInstance() -- re-using existing GetJarConfig instance
V/GetJar SDK [com.jb.gosms]( 2867): CONFIG: GetJarConfig getDirectiveValue() START [key='usage.background.send.interval']
V/GetJar SDK [com.jb.gosms]( 2867): CONFIG: GetJarConfig getDirectiveValue() Using SERVER defined value: 'usage.background.send.interval' = '3600'
V/GetJar SDK [com.jb.gosms]( 2867): CONFIG: GetJarConfig getDirectiveValue() FINISHED [key='usage.background.send.interval']
D/GetJar SDK [com.jb.gosms]( 2867): USAGE|CONFIG: UsageManager getBackgroundSendIntervalMilliseconds: 3600000
V/GetJar SDK [com.jb.gosms]( 2867): USAGE: UsageReporter: Exiting sendUnsyncedData bacause last send occured less than '3600' seconds ago.
D/GetJar SDK [com.jb.gosms]( 2867): CONFIG: GetJarConfig()::getInstance() -- re-using existing GetJarConfig instance
V/GetJar SDK [com.jb.gosms]( 2867): CONFIG: GetJarConfig getDirectiveValue() START [key='usage.request.time_window']
V/GetJar SDK [com.jb.gosms]( 2867): CONFIG: GetJarConfig getDirectiveValue() Using SERVER defined value: 'usage.request.time_window' = '86400'
V/GetJar SDK [com.jb.gosms]( 2867): CONFIG: GetJarConfig getDirectiveValue() FINISHED [key='usage.request.time_window']
D/GetJar SDK [com.jb.gosms]( 2867): USAGE|CONFIG: UsageManager getRequestTimeWindowMilliseconds: 86400000
D/GetJar SDK [com.jb.gosms]( 2867): CONFIG: GetJarConfig()::getInstance() -- re-using existing GetJarConfig instance
V/GetJar SDK [com.jb.gosms]( 2867): CONFIG: GetJarConfig getDirectiveValue() START [key='usage.request.time_window_count']
V/GetJar SDK [com.jb.gosms]( 2867): CONFIG: GetJarConfig getDirectiveValue() Using SERVER defined value: 'usage.request.time_window_count' = '7'
V/GetJar SDK [com.jb.gosms]( 2867): CONFIG: GetJarConfig getDirectiveValue() FINISHED [key='usage.request.time_window_count']
D/GetJar SDK [com.jb.gosms]( 2867): USAGE|CONFIG: UsageManager getRequestTimeWindowCount: 7
E/Sensors (  749): Sleep Event : mEnabled = 0
I/Choreographer(  857): Skipped 33 frames!  The application may be doing too much work on its main thread.
D/PhoneStatusBar(  857): disable: < expand icons alerts ticker system_info BACK* HOME* RECENT* CLOCK* search >
D/        (  983): Setting time of day to sec=1395447430
D/MobileDataStateTracker(  749): dun: Broadcast received: android.intent.action.ANY_DATA_STATE apnType=dun
D/MobileDataStateTracker(  749): dun: Received state=DISCONNECTED, old=DISCONNECTED, reason=dataEnabled
D/MobileDataStateTracker(  749): supl: Broadcast received: android.intent.action.ANY_DATA_STATE apnType=supl
D/MobileDataStateTracker(  749): supl: Received state=DISCONNECTED, old=DISCONNECTED, reason=dataEnabled
D/MobileDataStateTracker(  749): hipri: Broadcast received: android.intent.action.ANY_DATA_STATE apnType=hipri
D/MobileDataStateTracker(  749): hipri: Received state=DISCONNECTED, old=DISCONNECTED, reason=dataEnabled
D/MobileDataStateTracker(  749): default: Broadcast received: android.intent.action.ANY_DATA_STATE apnType=default
D/MobileDataStateTracker(  749): default: Received state=DISCONNECTED, old=DISCONNECTED, reason=dataEnabled
D/MobileDataStateTracker(  749): mms: Broadcast received: android.intent.action.ANY_DATA_STATE apnType=mms
D/MobileDataStateTracker(  749): mms: Received state=DISCONNECTED, old=DISCONNECTED, reason=dataEnabled
D/MobileDataStateTracker(  749): dun: Broadcast received: android.intent.action.ANY_DATA_STATE apnType=dun
D/MobileDataStateTracker(  749): dun: Received state=DISCONNECTED, old=DISCONNECTED, reason=dataDetached
D/MobileDataStateTracker(  749): supl: Broadcast received: android.intent.action.ANY_DATA_STATE apnType=supl
D/MobileDataStateTracker(  749): supl: Received state=DISCONNECTED, old=DISCONNECTED, reason=dataDetached
D/MobileDataStateTracker(  749): hipri: Broadcast received: android.intent.action.ANY_DATA_STATE apnType=hipri
D/MobileDataStateTracker(  749): hipri: Received state=DISCONNECTED, old=DISCONNECTED, reason=dataDetached
D/MobileDataStateTracker(  749): default: Broadcast received: android.intent.action.ANY_DATA_STATE apnType=default
D/MobileDataStateTracker(  749): default: Received state=DISCONNECTED, old=DISCONNECTED, reason=dataDetached
D/MobileDataStateTracker(  749): mms: Broadcast received: android.intent.action.ANY_DATA_STATE apnType=mms
D/MobileDataStateTracker(  749): mms: Received state=DISCONNECTED, old=DISCONNECTED, reason=dataDetached
D/MobileDataStateTracker(  749): dun: Broadcast received: android.intent.action.ANY_DATA_STATE apnType=dun
D/MobileDataStateTracker(  749): dun: Received state=DISCONNECTED, old=DISCONNECTED, reason=roamingOff
D/MobileDataStateTracker(  749): supl: Broadcast received: android.intent.action.ANY_DATA_STATE apnType=supl
D/MobileDataStateTracker(  749): supl: Received state=DISCONNECTED, old=DISCONNECTED, reason=roamingOff
D/MobileDataStateTracker(  749): hipri: Broadcast received: android.intent.action.ANY_DATA_STATE apnType=hipri
D/MobileDataStateTracker(  749): hipri: Received state=DISCONNECTED, old=DISCONNECTED, reason=roamingOff
D/MobileDataStateTracker(  749): default: Broadcast received: android.intent.action.ANY_DATA_STATE apnType=default
D/MobileDataStateTracker(  749): default: Received state=DISCONNECTED, old=DISCONNECTED, reason=roamingOff
D/MobileDataStateTracker(  749): mms: Broadcast received: android.intent.action.ANY_DATA_STATE apnType=mms
D/MobileDataStateTracker(  749): mms: Received state=DISCONNECTED, old=DISCONNECTED, reason=roamingOff
D/MobileDataStateTracker(  749): dun: Broadcast received: android.intent.action.ANY_DATA_STATE apnType=dun
D/MobileDataStateTracker(  749): dun: Received state=DISCONNECTED, old=DISCONNECTED, reason=roamingOff
D/MobileDataStateTracker(  749): supl: Broadcast received: android.intent.action.ANY_DATA_STATE apnType=supl
D/MobileDataStateTracker(  749): supl: Received state=DISCONNECTED, old=DISCONNECTED, reason=roamingOff
D/MobileDataStateTracker(  749): hipri: Broadcast received: android.intent.action.ANY_DATA_STATE apnType=hipri
D/PhoneApp(  983): Radio technology switched. Now CDMA is active.
D/CallNotifier(  983): mSignalInfoToneGenerator created already, hence skipping
D/MobileDataStateTracker(  749): hipri: Received state=DISCONNECTED, old=DISCONNECTED, reason=roamingOff
D/MobileDataStateTracker(  749): default: Broadcast received: android.intent.action.ANY_DATA_STATE apnType=default
D/MobileDataStateTracker(  749): default: Received state=DISCONNECTED, old=DISCONNECTED, reason=roamingOff
D/MobileDataStateTracker(  749): mms: Broadcast received: android.intent.action.ANY_DATA_STATE apnType=mms
D/MobileDataStateTracker(  749): mms: Received state=DISCONNECTED, old=DISCONNECTED, reason=roamingOff
I/ActivityManager(  749): Start proc com.android.calendar for broadcast com.android.calendar/.widget.CalendarAppWidgetService$CalendarFactory: pid=7067 uid=10034 gids={50034, 3003}
E/PhoneMonitor( 6837): onOtaspChanged old =3, new =3
D/TelephonyProvider(  983): Preferred APN: -1
D/MobileDataStateTracker(  749): dun: Broadcast received: android.intent.action.ANY_DATA_STATE apnType=dun
D/MobileDataStateTracker(  749): dun: Received state=DISCONNECTED, old=DISCONNECTED, reason=simLoaded
D/MobileDataStateTracker(  749): supl: Broadcast received: android.intent.action.ANY_DATA_STATE apnType=supl
D/MobileDataStateTracker(  749): supl: Received state=DISCONNECTED, old=DISCONNECTED, reason=simLoaded
D/MobileDataStateTracker(  749): hipri: Broadcast received: android.intent.action.ANY_DATA_STATE apnType=hipri
D/MobileDataStateTracker(  749): hipri: Received state=DISCONNECTED, old=DISCONNECTED, reason=simLoaded
D/MobileDataStateTracker(  749): default: Broadcast received: android.intent.action.ANY_DATA_STATE apnType=default
D/MobileDataStateTracker(  749): default: Received state=DISCONNECTED, old=DISCONNECTED, reason=simLoaded
D/MobileDataStateTracker(  749): mms: Broadcast received: android.intent.action.ANY_DATA_STATE apnType=mms
D/MobileDataStateTracker(  749): mms: Received state=DISCONNECTED, old=DISCONNECTED, reason=simLoaded
D/MobileDataStateTracker(  749): dun: Broadcast received: android.intent.action.ANY_DATA_STATE apnType=dun
D/MobileDataStateTracker(  749): dun: Received state=DISCONNECTED, old=DISCONNECTED, reason=simLoaded
D/MobileDataStateTracker(  749): supl: Broadcast received: android.intent.action.ANY_DATA_STATE apnType=supl
D/MobileDataStateTracker(  749): supl: Received state=DISCONNECTED, old=DISCONNECTED, reason=simLoaded
D/MobileDataStateTracker(  749): hipri: Broadcast received: android.intent.action.ANY_DATA_STATE apnType=hipri
D/MobileDataStateTracker(  749): hipri: Received state=DISCONNECTED, old=DISCONNECTED, reason=simLoaded
D/MobileDataStateTracker(  749): default: Broadcast received: android.intent.action.ANY_DATA_STATE apnType=default
D/MobileDataStateTracker(  749): default: Received state=DISCONNECTED, old=DISCONNECTED, reason=simLoaded
D/MobileDataStateTracker(  749): mms: Broadcast received: android.intent.action.ANY_DATA_STATE apnType=mms
D/MobileDataStateTracker(  749): mms: Received state=DISCONNECTED, old=DISCONNECTED, reason=simLoaded
V/OtaStartupReceiver(  983): onOtaspChanged: mOtaspMode=3
D/ExtensionsFactory( 7067): No custom extensions.
I/ActivityManager(  749): Start proc com.android.deskclock for broadcast com.android.deskclock/.AlarmInitReceiver: pid=7094 uid=10039 gids={50039, 1028, 3003}
I/ActivityManager(  749): Killing 6153:com.android.voicedialer/u0a15 (adj 15): empty #17
I/ActivityManager(  749): Start proc com.android.providers.calendar for content provider com.android.providers.calendar/.CalendarProvider2: pid=7102 uid=10002 gids={50002, 3003, 1028, 1015}
I/ActivityManager(  749): Killing 6166:com.google.android.partnersetup/u0a25 (adj 15): empty #17
V/AlarmClock( 7094): AlarmInitReceiver android.intent.action.TIME_SET
I/CalendarProvider2( 7102): Created com.android.providers.calendar.CalendarAlarmManager@4184b810(com.android.providers.calendar.CalendarProvider2@41841ba0)
V/AlarmClock( 7094): Setting silent state to instance 6
V/AlarmClock( 7094): Clearing notifications for alarm instance: 6
V/AlarmClock( 7094): Scheduling state change 1 to instance 6 at Mon 6:00 AM (1395662400000)
W/AlarmManager(  749): Clear alarm type=4,alarmSeconds=1395669600
I/AlarmClock( 7094): Displaying next alarm time: 'Mon 8:00 AM'
V/AlarmClock( 7094): AlarmInitReceiver finished
D/MobileDataStateTracker(  749): dun: Broadcast received: android.intent.action.ANY_DATA_STATE apnType=dun
D/MobileDataStateTracker(  749): dun: Received state=DISCONNECTED, old=DISCONNECTED, reason=dataAttached
D/MobileDataStateTracker(  749): supl: Broadcast received: android.intent.action.ANY_DATA_STATE apnType=supl
D/MobileDataStateTracker(  749): supl: Received state=DISCONNECTED, old=DISCONNECTED, reason=dataAttached
D/MobileDataStateTracker(  749): hipri: Broadcast received: android.intent.action.ANY_DATA_STATE apnType=hipri
D/MobileDataStateTracker(  749): hipri: Received state=DISCONNECTED, old=DISCONNECTED, reason=dataAttached
D/MobileDataStateTracker(  749): mms: Broadcast received: android.intent.action.ANY_DATA_STATE apnType=mms
D/MobileDataStateTracker(  749): mms: Received state=DISCONNECTED, old=DISCONNECTED, reason=dataAttached
D/MobileDataStateTracker(  749): dun: Broadcast received: android.intent.action.ANY_DATA_STATE apnType=dun
D/MobileDataStateTracker(  749): dun: Received state=DISCONNECTED, old=DISCONNECTED, reason=dataAttached
D/MobileDataStateTracker(  749): supl: Broadcast received: android.intent.action.ANY_DATA_STATE apnType=supl
D/MobileDataStateTracker(  749): supl: Received state=DISCONNECTED, old=DISCONNECTED, reason=dataAttached
D/MobileDataStateTracker(  749): hipri: Broadcast received: android.intent.action.ANY_DATA_STATE apnType=hipri
D/MobileDataStateTracker(  749): hipri: Received state=DISCONNECTED, old=DISCONNECTED, reason=dataAttached
D/MobileDataStateTracker(  749): mms: Broadcast received: android.intent.action.ANY_DATA_STATE apnType=mms
D/MobileDataStateTracker(  749): mms: Received state=DISCONNECTED, old=DISCONNECTED, reason=dataAttached
D/MobileDataStateTracker(  749): default: Broadcast received: android.intent.action.ANY_DATA_STATE apnType=default
D/MobileDataStateTracker(  749): default: Received state=CONNECTING, old=DISCONNECTED, reason=SinglePdnArbitration
D/MobileDataStateTracker(  749): default: setDetailed state, old =DISCONNECTED and new state=CONNECTING
D/MobileDataStateTracker(  749): dun: Broadcast received: android.intent.action.ANY_DATA_STATE apnType=dun
D/MobileDataStateTracker(  749): dun: Received state=DISCONNECTED, old=DISCONNECTED, reason=SinglePdnArbitration
D/MobileDataStateTracker(  749): supl: Broadcast received: android.intent.action.ANY_DATA_STATE apnType=supl
D/MobileDataStateTracker(  749): supl: Received state=DISCONNECTED, old=DISCONNECTED, reason=SinglePdnArbitration
D/MobileDataStateTracker(  749): hipri: Broadcast received: android.intent.action.ANY_DATA_STATE apnType=hipri
D/MobileDataStateTracker(  749): hipri: Received state=DISCONNECTED, old=DISCONNECTED, reason=SinglePdnArbitration
D/MobileDataStateTracker(  749): mms: Broadcast received: android.intent.action.ANY_DATA_STATE apnType=mms
D/MobileDataStateTracker(  749): mms: Received state=DISCONNECTED, old=DISCONNECTED, reason=SinglePdnArbitration
I/ActivityManager(  749): Start proc org.whispersystems.whisperpush for broadcast org.whispersystems.whisperpush/.sms.SmsListener: pid=7141 uid=10067 gids={50067, 3003}
I/ActivityManager(  749): Killing 6182:com.android.gallery3d/u0a44 (adj 15): empty #17
I/CalendarProvider2( 7102): Sending notification intent: Intent { act=android.intent.action.PROVIDER_CHANGED dat=content://com.android.calendar }
W/ContentResolver( 7102): Failed to get type for: content://com.android.calendar (Unknown URL content://com.android.calendar)
D/AlertReceiver( 7067): onReceive: a=android.intent.action.PROVIDER_CHANGED Intent { act=android.intent.action.PROVIDER_CHANGED dat=content://com.android.calendar flg=0x10 cmp=com.android.calendar/.alerts.AlertReceiver }
D/AlertService( 7067): 0 Action = android.intent.action.PROVIDER_CHANGED
I/GlobalDismissManager( 7067): no sender configured
D/AlertService( 7067): Beginning updateAlertNotification
D/AlertService( 7067): No fired or scheduled alerts
D/AlertService( 7067): Scheduling next alarm with AlarmScheduler. sEventReminderReceived: null
D/AlarmScheduler( 7067): No events found starting within 1 week.
I/ActivityManager(  749): Killing 6198:com.svox.pico/u0a57 (adj 15): empty #17
D/        (  983): Setting time of day to sec=1395447440
V/AlarmClock( 7094): AlarmInitReceiver android.intent.action.TIME_SET
V/AlarmClock( 7094): Setting silent state to instance 6
V/AlarmClock( 7094): Clearing notifications for alarm instance: 6
V/AlarmClock( 7094): Scheduling state change 1 to instance 6 at Mon 6:00 AM (1395662400000)
W/AlarmManager(  749): Clear alarm type=4,alarmSeconds=1395669600
I/AlarmClock( 7094): Displaying next alarm time: 'Mon 8:00 AM'
V/AlarmClock( 7094): AlarmInitReceiver finished
D/ConnectivityService(  749): Sampling interval elapsed, updating statistics ..
D/ConnectivityService(  749): Done.
D/ConnectivityService(  749): Setting timer for 720seconds
E/        (  749): ../../accel.c|inv_get_accel_offset|211 returning 19
V/Sensors (  749): enable - sensor Accelerometer (handle 4) dis -> en
E/Sensors (  749): mEnabled = 10
V/Sensors (  749): setDelay - sensor Accelerometer (handle 4), rate 20 ms (50.00 Hz)
V/Sensors (  749): setDelay - sensor Accelerometer (handle 4), rate 20 ms (50.00 Hz)
E/Sensors (  749): activatePendingSensors : mEnabled = 10
E/Sensors (  749): requested_sensors(0) from kernel
V/Sensors (  749): calling inv_set_mpu_sensors(000070)
I/MPL-fifo(  749): Actual ODR: 50000 mHz
E/Sensors (  749): set fifo rate - divider : 3, delay : 20 ms (50.00 Hz)
I/MPL-fifo(  749): Actual ODR: 50000 mHz
V/Sensors (  749): Starting DMP
W/MPL-9_sup(  749): 9 axis sensor fusion not available - No compass detected.
I/MPL-mldl_cfg_mpu:(  749): inv_mpu_resume(,,,,0070) -> 0070
E/Sensors (  749): accelHandler -0.065863 0.407153 9.588461
E/Sensors (  749): accelHandler -0.055085 0.415536 9.653126
E/Sensors (  749): accelHandler -0.071851 0.455054 9.617201
E/Sensors (  749): accelHandler -0.050295 0.420326 9.629176
V/Sensors (  749): enable - sensor Accelerometer (handle 4) en -> dis
E/Sensors (  749): mEnabled = 0
E/Sensors (  749): activatePendingSensors : mEnabled = 0
E/Sensors (  749): requested_sensors(70) from kernel
I/MPL-mldl_cfg_mpu:(  749): inv_mpu_suspend(,,,,7fff) -> 0000
V/Sensors (  749): calling inv_set_mpu_sensors(000000)
V/Sensors (  749): Starting DMP
W/MPL-9_sup(  749): 9 axis sensor fusion not available - No compass detected.
I/MPL-mldl_cfg_mpu:(  749): inv_mpu_resume(,,,,0000) -> 0000
V/Sensors (  749): Stopping DMP
I/MPL-mldl_cfg_mpu:(  749): inv_mpu_suspend(,,,,7fff) -> 0000
D/MobileDataStateTracker(  749): default: Broadcast received: android.intent.action.ANY_DATA_STATE apnType=default
D/MobileDataStateTracker(  749): default: Received state=CONNECTING, old=CONNECTING, reason=(unspecified)
D/MobileDataStateTracker(  749): default: Broadcast received: android.intent.action.ANY_DATA_STATE apnType=default
D/MobileDataStateTracker(  749): default: Received state=DISCONNECTED, old=CONNECTING, reason=LOST_CONNECTION
D/MobileDataStateTracker(  749): default: setDetailed state, old =CONNECTING and new state=DISCONNECTED
D/ConnectivityService(  749): ConnectivityChange for mobile: DISCONNECTED/DISCONNECTED
D/ConnectivityService(  749): Attempting to switch to WIFI
D/ConnectivityService(  749): Attempting to switch to BLUETOOTH_TETHER
D/Nat464Xlat(  749): requiresClat: netType=0, hasIPv4Address=true
D/MobileDataStateTracker(  749): default: setPolicyDataEnable(enabled=true)
D/MobileDataStateTracker(  749): default: Broadcast received: android.intent.action.ANY_DATA_STATE apnType=default
D/MobileDataStateTracker(  749): default: Received state=DISCONNECTED, old=DISCONNECTED, reason=dataDetached
D/MobileDataStateTracker(  749): dun: Broadcast received: android.intent.action.ANY_DATA_STATE apnType=dun
D/MobileDataStateTracker(  749): dun: Received state=DISCONNECTED, old=DISCONNECTED, reason=dataDetached
D/MobileDataStateTracker(  749): supl: Broadcast received: android.intent.action.ANY_DATA_STATE apnType=supl
D/MobileDataStateTracker(  749): supl: Received state=DISCONNECTED, old=DISCONNECTED, reason=dataDetached
D/MobileDataStateTracker(  749): hipri: Broadcast received: android.intent.action.ANY_DATA_STATE apnType=hipri
D/MobileDataStateTracker(  749): hipri: Received state=DISCONNECTED, old=DISCONNECTED, reason=dataDetached
D/MobileDataStateTracker(  749): default: setPolicyDataEnable(enabled=true)
D/MobileDataStateTracker(  749): mms: Broadcast received: android.intent.action.ANY_DATA_STATE apnType=mms
D/MobileDataStateTracker(  749): mms: Received state=DISCONNECTED, old=DISCONNECTED, reason=dataDetached
D/MobileDataStateTracker(  749): default: Broadcast received: android.intent.action.ANY_DATA_STATE apnType=default
D/MobileDataStateTracker(  749): default: Received state=DISCONNECTED, old=DISCONNECTED, reason=LOST_CONNECTION
D/MobileDataStateTracker(  749): default: setPolicyDataEnable(enabled=true)
D/MobileDataStateTracker(  749): default: setPolicyDataEnable(enabled=true)
D/Tethering(  749): MasterInitialState.processMessage what=3
D/Tethering(  749): MasterInitialState.processMessage what=3
D/GetJar SDK [com.jb.gosms]( 2867): COMM: NetworkStateReceiver: onReceive(): START
D/YouTube ( 5540): apps.youtube.common.e.d.a:25 Executing ConditionTask com.google.android.apps.youtube.datalib.offline.h
D/YouTube ( 5540): apps.youtube.datalib.offline.h.a:34 Network change detected, dispatch offline http requests.
D/YouTube ( 5540): apps.youtube.common.e.d.a:25 Executing ConditionTask com.google.android.apps.youtube.datalib.offline.h
D/YouTube ( 5540): apps.youtube.datalib.offline.h.a:34 Network change detected, dispatch offline http requests.
I/UpdateCheckReceiver( 6790): Got connectivity change, has connection: true
I/UpdateCheckReceiver( 6790): Scheduling future, repeating update checks.
D/CMStats (11294): Waiting for next sync : 4 hours
D/GetJar SDK [com.jb.gosms]( 2867): COMM: NetworkStateReceiver: onReceive(): START
I/GetJar SDK [com.jb.gosms]( 2867): AUTH|COMM|TRANSACTION: NetworkStateReceiver: onReceive() network connection restored
V/GetJar SDK [com.jb.gosms]( 2867): STORAGE: ApplicationKeyDatabase: getApplicationKey()
I/GetJar SDK [com.jb.gosms]( 2867): AUTH|COMM|TRANSACTION: NetworkStateReceiver: onReceive() network connection restored
D/MobileConnectivityChangeReceiver( 6837): onReceive Intent { act=android.net.conn.CONNECTIVITY_CHANGE flg=0x4000010 cmp=com.google.android.setupwizard/.MobileConnectivityChangeReceiver (has extras) }
D/MobileConnectivityChangeReceiver( 6837): onReceive CONNECTIVITY_CHANGE networkType=0
D/MobileConnectivityChangeReceiver( 6837): onReceive CONNECTIVITY_CHANGE: not connected|connecting, ignore
D/WeatherUpdateService( 3967): Service started, but shouldn't update ... stopping
D/GCM     ( 1215): GcmService start Intent { act=android.net.conn.CONNECTIVITY_CHANGE flg=0x4000010 cmp=com.google.android.gms/.gcm.GcmService (has extras) } android.net.conn.CONNECTIVITY_CHANGE
D/NewContentCheckerReceiver( 6737): -----
D/NewContentCheckerReceiver( 6737): onReceive() called
D/NewContentCheckerReceiver( 6737): Action: android.net.conn.CONNECTIVITY_CHANGE
D/NewContentCheckerReceiver( 6737): onReceive() cancelled, duplicate call
V/GetJar SDK [com.jb.gosms]( 2867): STORAGE: ApplicationKeyDatabase: setApplicationKey()
V/GetJar SDK [com.jb.gosms]( 2867): STORAGE: ApplicationKeyDatabase: getApplicationKey()
V/GetJar SDK [com.jb.gosms]( 2867): COMM: CommManager: createContextInternal() [thread:4822] Calling configureAppenders()
V/GetJar SDK [com.jb.gosms]( 2867): LOGGING: LogCatAppender: configureAppender() START
V/GetJar SDK [com.jb.gosms]( 2867): LOGGING: LogCatAppender: configureAppender() GetJarConfig.getInstance() start
D/GetJar SDK [com.jb.gosms]( 2867): CONFIG: GetJarConfig()::getInstance() -- re-using existing GetJarConfig instance
V/GetJar SDK [com.jb.gosms]( 2867): LOGGING: LogCatAppender: configureAppender() GetJarConfig.getInstance() finished
V/GetJar SDK [com.jb.gosms]( 2867): CONFIG: GetJarConfig getDirectiveValue() START [key='logging.logcat.enabled']
V/GetJar SDK [com.jb.gosms]( 2867): CONFIG: GetJarConfig getDirectiveValue() Using SERVER defined value: 'logging.logcat.enabled' = 'true'
V/GetJar SDK [com.jb.gosms]( 2867): CONFIG: GetJarConfig getDirectiveValue() FINISHED [key='logging.logcat.enabled']
V/GetJar SDK [com.jb.gosms]( 2867): LOGGING: LogCatAppender: configureAppender() got enabled = true
V/GetJar SDK [com.jb.gosms]( 2867): CONFIG: GetJarConfig getDirectiveValue() START [key='logging.logcat.level']
V/GetJar SDK [com.jb.gosms]( 2867): CONFIG: GetJarConfig getDirectiveValue() Using SERVER defined value: 'logging.logcat.level' = 'VERBOSE'
V/GetJar SDK [com.jb.gosms]( 2867): CONFIG: GetJarConfig getDirectiveValue() FINISHED [key='logging.logcat.level']
V/GetJar SDK [com.jb.gosms]( 2867): LOGGING: LogCatAppender: configureAppender() got levelStr = VERBOSE
V/GetJar SDK [com.jb.gosms]( 2867): CONFIG: GetJarConfig getDirectiveValue() START [key='logging.logcat.areas']
V/GetJar SDK [com.jb.gosms]( 2867): CONFIG: GetJarConfig getDirectiveValue() Using CONFIG value: 'logging.logcat.areas' = 'ALL'
V/GetJar SDK [com.jb.gosms]( 2867): CONFIG: GetJarConfig getDirectiveValue() FINISHED [key='logging.logcat.areas']
D/TelephonyProvider(  983): Preferred APN: -1
D/YouTube ( 5540): apps.youtube.app.prefetch.PrefetchService$DeviceStateReceiver.onReceive:533 Got device state change intent: android.net.conn.CONNECTIVITY_CHANGE
V/GetJar SDK [com.jb.gosms]( 2867): LOGGING: LogCatAppender: configureAppender() got areasStr = ALL
V/GetJar SDK [com.jb.gosms]( 2867): LOGGING: LogCatAppender: configureAppender() calling AppenderBase.configureAppender()
D/GetJar SDK [com.jb.gosms]( 2867): LOGGING|CONFIG: AppenderBase: configureAppender() Appender com.getjar.sdk.logging.LogCatAppender configured [enabled=true level=VERBOSE areas=ALL]
V/GetJar SDK [com.jb.gosms]( 2867): LOGGING: LogCatAppender: configureAppender() FINISHED
V/GetJar SDK [com.jb.gosms]( 2867): LOGGING: BufferingAppender: configureAppender() START
V/GetJar SDK [com.jb.gosms]( 2867): LOGGING: BufferingAppender: configureAppender() FINISHED
V/GetJar SDK [com.jb.gosms]( 2867): STORAGE: ApplicationKeyDatabase: setApplicationKey()
D/GetJar SDK [com.jb.gosms]( 2867): CONFIG: GetJarConfig()::getInstance() -- re-using existing GetJarConfig instance
V/GetJar SDK [com.jb.gosms]( 2867): CONFIG: GetJarConfig getDirectiveValue() START [key='service.logging.endpoint']
V/GetJar SDK [com.jb.gosms]( 2867): CONFIG: GetJarConfig getDirectiveValue() Using CONFIG value: 'service.logging.endpoint' = 'http://v3clientlogging20130115.getjar.com'
V/GetJar SDK [com.jb.gosms]( 2867): CONFIG: GetJarConfig getDirectiveValue() FINISHED [key='service.logging.endpoint']
D/GetJar SDK [com.jb.gosms]( 2867): CONFIG: GetJarConfig()::getInstance() -- re-using existing GetJarConfig instance
V/GetJar SDK [com.jb.gosms]( 2867): CONFIG: GetJarConfig getDirectiveValue() START [key='logging.remote.enabled']
V/GetJar SDK [com.jb.gosms]( 2867): CONFIG: GetJarConfig getDirectiveValue() Using CONFIG value: 'logging.remote.enabled' = 'false'
V/GetJar SDK [com.jb.gosms]( 2867): COMM: CommManager: createContextInternal() [thread:4823] Calling configureAppenders()
V/GetJar SDK [com.jb.gosms]( 2867): LOGGING: LogCatAppender: configureAppender() START
V/GetJar SDK [com.jb.gosms]( 2867): LOGGING: LogCatAppender: configureAppender() GetJarConfig.getInstance() start
D/GetJar SDK [com.jb.gosms]( 2867): CONFIG: GetJarConfig()::getInstance() -- re-using existing GetJarConfig instance
V/GetJar SDK [com.jb.gosms]( 2867): LOGGING: LogCatAppender: configureAppender() GetJarConfig.getInstance() finished
V/GetJar SDK [com.jb.gosms]( 2867): CONFIG: GetJarConfig getDirectiveValue() START [key='logging.logcat.enabled']
V/GetJar SDK [com.jb.gosms]( 2867): CONFIG: GetJarConfig getDirectiveValue() Using SERVER defined value: 'logging.logcat.enabled' = 'true'
V/GetJar SDK [com.jb.gosms]( 2867): CONFIG: GetJarConfig getDirectiveValue() FINISHED [key='logging.logcat.enabled']
V/GetJar SDK [com.jb.gosms]( 2867): LOGGING: LogCatAppender: configureAppender() got enabled = true
V/GetJar SDK [com.jb.gosms]( 2867): CONFIG: GetJarConfig getDirectiveValue() START [key='logging.logcat.level']
V/GetJar SDK [com.jb.gosms]( 2867): CONFIG: GetJarConfig getDirectiveValue() Using SERVER defined value: 'logging.logcat.level' = 'VERBOSE'
V/GetJar SDK [com.jb.gosms]( 2867): CONFIG: GetJarConfig getDirectiveValue() FINISHED [key='logging.logcat.level']
V/GetJar SDK [com.jb.gosms]( 2867): LOGGING: LogCatAppender: configureAppender() got levelStr = VERBOSE
V/GetJar SDK [com.jb.gosms]( 2867): CONFIG: GetJarConfig getDirectiveValue() START [key='logging.logcat.areas']
V/GetJar SDK [com.jb.gosms]( 2867): CONFIG: GetJarConfig getDirectiveValue() Using CONFIG value: 'logging.logcat.areas' = 'ALL'
V/GetJar SDK [com.jb.gosms]( 2867): CONFIG: GetJarConfig getDirectiveValue() FINISHED [key='logging.logcat.areas']
V/GetJar SDK [com.jb.gosms]( 2867): LOGGING: LogCatAppender: configureAppender() got areasStr = ALL
V/GetJar SDK [com.jb.gosms]( 2867): LOGGING: LogCatAppender: configureAppender() calling AppenderBase.configureAppender()
D/GetJar SDK [com.jb.gosms]( 2867): LOGGING|CONFIG: AppenderBase: configureAppender() Appender com.getjar.sdk.logging.LogCatAppender configured [enabled=true level=VERBOSE areas=ALL]
V/GetJar SDK [com.jb.gosms]( 2867): LOGGING: LogCatAppender: configureAppender() FINISHED
V/GetJar SDK [com.jb.gosms]( 2867): LOGGING: BufferingAppender: configureAppender() START
V/GetJar SDK [com.jb.gosms]( 2867): LOGGING: BufferingAppender: configureAppender() FINISHED
V/GetJar SDK [com.jb.gosms]( 2867): CONFIG: GetJarConfig getDirectiveValue() FINISHED [key='logging.remote.enabled']
V/GetJar SDK [com.jb.gosms]( 2867): CONFIG: GetJarConfig getDirectiveValue() START [key='logging.remote.level']
V/GetJar SDK [com.jb.gosms]( 2867): CONFIG: GetJarConfig getDirectiveValue() Using CONFIG value: 'logging.remote.level' = 'WARN'
V/GetJar SDK [com.jb.gosms]( 2867): CONFIG: GetJarConfig getDirectiveValue() FINISHED [key='logging.remote.level']
V/GetJar SDK [com.jb.gosms]( 2867): CONFIG: GetJarConfig getDirectiveValue() START [key='logging.remote.areas']
V/GetJar SDK [com.jb.gosms]( 2867): CONFIG: GetJarConfig getDirectiveValue() Using CONFIG value: 'logging.remote.areas' = 'ALL'
V/GetJar SDK [com.jb.gosms]( 2867): CONFIG: GetJarConfig getDirectiveValue() FINISHED [key='logging.remote.areas']
D/GetJar SDK [com.jb.gosms]( 2867): LOGGING|CONFIG: AppenderBase: configureAppender() Appender com.getjar.sdk.logging.RemoteAppender configured [enabled=false level=WARN areas=ALL]
V/GetJar SDK [com.jb.gosms]( 2867): CONFIG: GetJarConfig getDirectiveValue() START [key='logging.remote.max_batch_count']
V/GetJar SDK [com.jb.gosms]( 2867): CONFIG: GetJarConfig getDirectiveValue() Using CONFIG value: 'logging.remote.max_batch_count' = '100'
V/GetJar SDK [com.jb.gosms]( 2867): CONFIG: GetJarConfig getDirectiveValue() FINISHED [key='logging.remote.max_batch_count']
V/GetJar SDK [com.jb.gosms]( 2867): CONFIG: GetJarConfig getDirectiveValue() START [key='logging.remote.max_wait_interval']
V/GetJar SDK [com.jb.gosms]( 2867): CONFIG: GetJarConfig getDirectiveValue() Using CONFIG value: 'logging.remote.max_wait_interval' = '60'
V/GetJar SDK [com.jb.gosms]( 2867): CONFIG: GetJarConfig getDirectiveValue() FINISHED [key='logging.remote.max_wait_interval']
D/GetJar SDK [com.jb.gosms]( 2867): CONFIG: GetJarConfig()::getInstance() -- re-using existing GetJarConfig instance
V/GetJar SDK [com.jb.gosms]( 2867): CONFIG: GetJarConfig getDirectiveValue() START [key='service.logging.endpoint']
V/GetJar SDK [com.jb.gosms]( 2867): COMM: CommManager: createContextInternal() [thread:4822] Creating CommContext instance
V/GetJar SDK [com.jb.gosms]( 2867): CONFIG: GetJarConfig getDirectiveValue() Using CONFIG value: 'service.logging.endpoint' = 'http://v3clientlogging20130115.getjar.com'
V/GetJar SDK [com.jb.gosms]( 2867): COMM: CommContext: creating DeviceMetadata instance
V/GetJar SDK [com.jb.gosms]( 2867): CONFIG: GetJarConfig getDirectiveValue() FINISHED [key='service.logging.endpoint']
D/GetJar SDK [com.jb.gosms]( 2867): CONFIG: GetJarConfig()::getInstance() -- re-using existing GetJarConfig instance
V/GetJar SDK [com.jb.gosms]( 2867): CONFIG: GetJarConfig getDirectiveValue() START [key='logging.remote.enabled']
V/GetJar SDK [com.jb.gosms]( 2867): CONFIG: GetJarConfig getDirectiveValue() Using CONFIG value: 'logging.remote.enabled' = 'false'
V/GetJar SDK [com.jb.gosms]( 2867): CONFIG: GetJarConfig getDirectiveValue() FINISHED [key='logging.remote.enabled']
V/GetJar SDK [com.jb.gosms]( 2867): CONFIG: GetJarConfig getDirectiveValue() START [key='logging.remote.level']
D/YouTube ( 5540): apps.youtube.app.prefetch.PrefetchService.onStartCommand:166 PrefetchService started at 22 Mar 2014 00:17:50 GMT
V/GetJar SDK [com.jb.gosms]( 2867): CONFIG: GetJarConfig getDirectiveValue() Using CONFIG value: 'logging.remote.level' = 'WARN'
V/GetJar SDK [com.jb.gosms]( 2867): CONFIG: GetJarConfig getDirectiveValue() FINISHED [key='logging.remote.level']
V/GetJar SDK [com.jb.gosms]( 2867): CONFIG: GetJarConfig getDirectiveValue() START [key='logging.remote.areas']
V/GetJar SDK [com.jb.gosms]( 2867): CONFIG: GetJarConfig getDirectiveValue() Using CONFIG value: 'logging.remote.areas' = 'ALL'
V/GetJar SDK [com.jb.gosms]( 2867): CONFIG: GetJarConfig getDirectiveValue() FINISHED [key='logging.remote.areas']
D/GetJar SDK [com.jb.gosms]( 2867): LOGGING|CONFIG: AppenderBase: configureAppender() Appender com.getjar.sdk.logging.RemoteAppender configured [enabled=false level=WARN areas=ALL]
V/GetJar SDK [com.jb.gosms]( 2867): CONFIG: GetJarConfig getDirectiveValue() START [key='logging.remote.max_batch_count']
V/GetJar SDK [com.jb.gosms]( 2867): CONFIG: GetJarConfig getDirectiveValue() Using CONFIG value: 'logging.remote.max_batch_count' = '100'
V/GetJar SDK [com.jb.gosms]( 2867): CONFIG: GetJarConfig getDirectiveValue() FINISHED [key='logging.remote.max_batch_count']
V/GetJar SDK [com.jb.gosms]( 2867): CONFIG: GetJarConfig getDirectiveValue() START [key='logging.remote.max_wait_interval']
V/GetJar SDK [com.jb.gosms]( 2867): CONFIG: GetJarConfig getDirectiveValue() Using CONFIG value: 'logging.remote.max_wait_interval' = '60'
V/GetJar SDK [com.jb.gosms]( 2867): CONFIG: GetJarConfig getDirectiveValue() FINISHED [key='logging.remote.max_wait_interval']
D/YouTube ( 5540): apps.youtube.app.prefetch.PrefetchService.q_:245 Download snapshot restored
V/GetJar SDK [com.jb.gosms]( 2867): COMM: CommManager: createContextInternal() [thread:4823] Creating CommContext instance
V/GetJar SDK [com.jb.gosms]( 2867): COMM: CommContext: creating DeviceMetadata instance
V/GetJar SDK [com.jb.gosms]( 2867): COMM: UserAgentValuesManager: getWebKitUserAgent() START
V/GetJar SDK [com.jb.gosms]( 2867): COMM: UserAgentValuesManager: getWebKitUserAgent() FINISHED
V/GetJar SDK [com.jb.gosms]( 2867): COMM: UserAgentValuesManager: getWebKitUserAgent() START
V/GetJar SDK [com.jb.gosms]( 2867): COMM: UserAgentValuesManager: getWebKitUserAgent() FINISHED
V/GetJar SDK [com.jb.gosms]( 2867): COMM: CommContext: calling UserAgentValuesManager.getSdkUserAgent()
D/TelephonyProvider(  983): Preferred APN: -1
I/GetJar SDK [com.jb.gosms]( 2867): COMM: CommManager: createContextInternal() [thread:4822] Created a NEW CommContext from com.getjar.sdk.comm.CommManager.createContext() [PID:2867] [AppToken:aee489e3-da34-4327-b1b7-ca786d1d7a87] [CommContext.Id:1d57271b-1265-48b9-8c5b-88254cb6899f]
D/GetJar SDK [com.jb.gosms]( 2867): AUTH: AuthFlow: ensureAuthInternal() START [state:AUTHED]
V/GetJar SDK [com.jb.gosms]( 2867): COMM: UserAgentValuesManager: getWebKitUserAgent() START
V/GetJar SDK [com.jb.gosms]( 2867): COMM: UserAgentValuesManager: getWebKitUserAgent() FINISHED
V/GetJar SDK [com.jb.gosms]( 2867): COMM: UserAgentValuesManager: getWebKitUserAgent() START
V/GetJar SDK [com.jb.gosms]( 2867): COMM: UserAgentValuesManager: getWebKitUserAgent() FINISHED
V/GetJar SDK [com.jb.gosms]( 2867): COMM: CommContext: calling UserAgentValuesManager.getSdkUserAgent()
I/GetJar SDK [com.jb.gosms]( 2867): COMM: CommManager: createContextInternal() [thread:4823] Created a NEW CommContext from com.getjar.sdk.comm.CommManager.createContext() [PID:2867] [AppToken:aee489e3-da34-4327-b1b7-ca786d1d7a87] [CommContext.Id:16e87653-10e1-4a92-b789-14d1bff3b8f2]
V/GetJar SDK [com.jb.gosms]( 2867): STORAGE: BasicCache: getCacheEntry() Found a cache entry for authCache.authenticationToken
D/GetJar SDK [com.jb.gosms]( 2867): AUTH: AuthFlow: ensureAuthInternal() START [state:AUTHED]
D/YouTube ( 5540): apps.youtube.app.prefetch.PrefetchService.onDestroy:215 PrefetchService destroyed at 22 Mar 2014 00:17:50 GMT
V/GetJar SDK [com.jb.gosms]( 2867): STORAGE: BasicCache: getCacheEntry() Found a cache entry for authCache.authenticationToken
I/GetJar SDK [com.jb.gosms]( 2867): AUTH: AuthFlow: ensureAuthInternal() finishing with state:AUTHED
V/GetJar SDK [com.jb.gosms]( 2867): STORAGE: BasicCache: getCacheEntry() Found a cache entry for authCache.authenticationToken
V/GetJar SDK [com.jb.gosms]( 2867): STORAGE: BasicCache: getCacheEntry() Found a cache entry for authCache.authenticationToken
I/GetJar SDK [com.jb.gosms]( 2867): AUTH: AuthFlow: ensureAuthInternal() finishing with state:AUTHED
V/GetJar SDK [com.jb.gosms]( 2867): AUTH: AuthFlow: waitOnAuth() START [stack::VMStack.java.-2:Thread.java.579:Logger.java.135:AuthManager.java.875:NetworkStateReceiver.java.107:NetworkStateReceiver.java.50:Thread.java.841]
V/GetJar SDK [com.jb.gosms]( 2867): AUTH: AuthFlow: waitOnAuth() FINISHED [stack::VMStack.java.-2:Thread.java.579:Logger.java.135:AuthManager.java.893:NetworkStateReceiver.java.107:NetworkStateReceiver.java.50:Thread.java.841]
V/GetJar SDK [com.jb.gosms]( 2867): TRANSACTION: TransactionManager: recoverOrphanedTransactions() [thread: 4823]
I/GetJar SDK [com.jb.gosms]( 2867): TRANSACTION|STORAGE: DBTransactions: waitForUserAccess() START [:VMStack.java.-2:Thread.java.579:Logger.java.135:DBTransactions.java.116:TransactionManager.java.663:NetworkStateReceiver.java.111:NetworkStateReceiver.java.50:Thread.java.841]
I/UpdateCheckReceiver( 6790): Got connectivity change, has connection: true
I/UpdateCheckReceiver( 6790): Scheduling future, repeating update checks.
V/GetJar SDK [com.jb.gosms]( 2867): AUTH: AuthFlow: waitOnAuth() START [stack::VMStack.java.-2:Thread.java.579:Logger.java.135:AuthManager.java.875:DBTransactions.java.118:TransactionManager.java.663:NetworkStateReceiver.java.111:NetworkStateReceiver.java.50:Thread.java.841]
V/GetJar SDK [com.jb.gosms]( 2867): AUTH: AuthFlow: waitOnAuth() FINISHED [stack::VMStack.java.-2:Thread.java.579:Logger.java.135:AuthManager.java.893:DBTransactions.java.118:TransactionManager.java.663:NetworkStateReceiver.java.111:NetworkStateReceiver.java.50:Thread.java.841]
I/GetJar SDK [com.jb.gosms]( 2867): TRANSACTION|STORAGE: DBTransactions: waitForUserAccess() DONE
V/GetJar SDK [com.jb.gosms]( 2867): AUTH: AuthFlow: waitOnAuth() START [stack::VMStack.java.-2:Thread.java.579:Logger.java.135:AuthManager.java.875:NetworkStateReceiver.java.107:NetworkStateReceiver.java.50:Thread.java.841]
V/GetJar SDK [com.jb.gosms]( 2867): AUTH: AuthFlow: waitOnAuth() FINISHED [stack::VMStack.java.-2:Thread.java.579:Logger.java.135:AuthManager.java.893:NetworkStateReceiver.java.107:NetworkStateReceiver.java.50:Thread.java.841]
V/GetJar SDK [com.jb.gosms]( 2867): TRANSACTION: TransactionManager: recoverOrphanedTransactions() [thread: 4822]
I/GetJar SDK [com.jb.gosms]( 2867): TRANSACTION|STORAGE: DBTransactions: waitForUserAccess() START [:VMStack.java.-2:Thread.java.579:Logger.java.135:DBTransactions.java.116:TransactionManager.java.663:NetworkStateReceiver.java.111:NetworkStateReceiver.java.50:Thread.java.841]
V/GetJar SDK [com.jb.gosms]( 2867): AUTH: AuthFlow: waitOnAuth() START [stack::VMStack.java.-2:Thread.java.579:Logger.java.135:AuthManager.java.875:DBTransactions.java.118:TransactionManager.java.663:NetworkStateReceiver.java.111:NetworkStateReceiver.java.50:Thread.java.841]
V/GetJar SDK [com.jb.gosms]( 2867): AUTH: AuthFlow: waitOnAuth() FINISHED [stack::VMStack.java.-2:Thread.java.579:Logger.java.135:AuthManager.java.893:DBTransactions.java.118:TransactionManager.java.663:NetworkStateReceiver.java.111:NetworkStateReceiver.java.50:Thread.java.841]
I/GetJar SDK [com.jb.gosms]( 2867): TRANSACTION|STORAGE: DBTransactions: waitForUserAccess() DONE
D/GetJar SDK [com.jb.gosms]( 2867): TRANSACTION|STORAGE: TransactionManager: Found 0 total transactions and 0 orphaned purchase transactions
D/GetJar SDK [com.jb.gosms]( 2867): TRANSACTION|STORAGE: TransactionManager: Found 0 total transactions and 0 orphaned purchase transactions
D/CMStats (11294): Waiting for next sync : 4 hours
D/MobileConnectivityChangeReceiver( 6837): onReceive Intent { act=android.net.conn.CONNECTIVITY_CHANGE flg=0x4000010 cmp=com.google.android.setupwizard/.MobileConnectivityChangeReceiver (has extras) }
D/MobileConnectivityChangeReceiver( 6837): onReceive CONNECTIVITY_CHANGE networkType=1
D/WeatherUpdateService( 3967): Service started, but shouldn't update ... stopping
D/GCM     ( 1215): GcmService start Intent { act=android.net.conn.CONNECTIVITY_CHANGE flg=0x4000010 cmp=com.google.android.gms/.gcm.GcmService (has extras) } android.net.conn.CONNECTIVITY_CHANGE
D/NewContentCheckerReceiver( 6737): -----
D/NewContentCheckerReceiver( 6737): onReceive() called
D/NewContentCheckerReceiver( 6737): Action: android.net.conn.CONNECTIVITY_CHANGE
D/NewContentCheckerReceiver( 6737): onReceive() cancelled, duplicate call
D/YouTube ( 5540): apps.youtube.app.prefetch.PrefetchService$DeviceStateReceiver.onReceive:533 Got device state change intent: android.net.conn.CONNECTIVITY_CHANGE
D/YouTube ( 5540): apps.youtube.app.prefetch.PrefetchService.onStartCommand:166 PrefetchService started at 22 Mar 2014 00:17:50 GMT
D/YouTube ( 5540): apps.youtube.app.prefetch.PrefetchService.q_:245 Download snapshot restored
D/YouTube ( 5540): apps.youtube.app.prefetch.PrefetchService.onDestroy:215 PrefetchService destroyed at 22 Mar 2014 00:17:50 GMT
D/ConnectivityService(  749): handleInetConditionHoldEnd: net=1, condition=100, published condition=100
V/BufferedAnalyticsState( 1190): Not ready for upload, 77 seconds left.
D/QMI_FW  (  749): QCCI: QMI_CCI_TX: cntl_flag - 00, txn_id - 043f, msg_id - 0039, msg_len - 0021
D/QMI_FW  (  749): QCCI: Sent[202]: 40 bytes to port 3072
I/GCoreUlr( 1190): Successfully inserted location
I/GCoreUlr( 1190): Not calling LocationReportingService, hasMoved: false, elapsed millis: 3272863, request: Phone
D/QMI_FW  (  749): QCCI: reader_thread: Received 14 bytes from 202
D/QMI_FW  (  749): QCCI: QMI_CCI_RX: cntl_flag - 02, txn_id - 043f, msg_id - 0039, msg_len - 0007
D/QMI_FW  (  749): QCCI: reader_thread: Received 14 bytes from 202
D/QMI_FW  (  749): QCCI: QMI_CCI_RX: cntl_flag - 04, txn_id - 0000, msg_id - 0039, msg_len - 0007
I/Choreographer( 2867): Skipped 31 frames!  The application may be doing too much work on its main thread.
I/R2Mail2 PushMailService( 3374): PushMailService received start id 39 and flag 0: Intent { act=at.rundquadrat.android.r2mail2.intent.action.ACTION_RESTART_PUSHMAIL cmp=at.rundquadrat.android.r2mail2/.service.PushMailService (has extras) }
I/R2Mail2 PushMailService( 3374): PushMailService received start id 40 and flag 0: Intent { act=at.rundquadrat.android.r2mail2.intent.action.ACTION_RESTART_PUSHMAIL cmp=at.rundquadrat.android.r2mail2/.service.PushMailService (has extras) }
I/R2Mail2 MailService( 3374): Received start id 1 and flag 0: Intent { act=at.rundquadrat.android.r2mail2.intent.action.ACTION_UPLOAD_SEND_MSGS cmp=at.rundquadrat.android.r2mail2/.service.MailService (has extras) }
I/Transport Matt (Personal)( 3374): trying to get folder: INBOX
I/Transport Matt (School)( 3374): trying to get folder: INBOX
I/Transport Matt (Personal)( 3374): opened folder to refresh: INBOX
I/Transport Matt (School)( 3374): opened folder to refresh: INBOX
I/R2Mail2 ( 3374): Next pushmail RESTART for Matt (Personal) (gik0geck0@gmail.com) INBOX will be at: 03/21/2014 6:33 PM
I/R2Mail2 ( 3374): Next pushmail RESTART for Matt (School) (mbuland@mymail.mines.edu) INBOX will be at: 03/21/2014 6:33 PM
I/rmt_storage(  336): rmt_storage_rw_iovec_cb: /boot/modem_fs2: clnt_h=0x2: req_h=0x139 msg_id=3: R/W request received
I/rmt_storage(  336): wakelock acquired: 1, error no: 42
I/rmt_storage(  336): rmt_storage_client_thread: /boot/modem_fs2: clnt_h=0x2 Unblock worker thread (th_id: -1214385064)
D/QMI_FW  (  336): QCSI: QMI_CSI_RX: cntl_flag - 00, txn_id - 0099, msg_id - 0003, msg_len - 002b
D/QMI_FW  (  336): QCSI: xport_handle_event[17]
I/rmt_storage(  336): rmt_storage_client_thread: /boot/modem_fs2: clnt_h=0x2: req_h=0x139 msg_id=3: Bytes written = 3145216
I/rmt_storage(  336): rmt_storage_client_thread: /boot/modem_fs2: clnt_h=0x2: req_h=0x139 msg_id=3: Bytes written = 512
I/rmt_storage(  336): rmt_storage_client_thread: /boot/modem_fs2: clnt_h=0x2: req_h=0x139 msg_id=3: Send response: res=0 err=0
I/rmt_storage(  336): rmt_storage_client_thread: /boot/modem_fs2: clnt_h=0x2 About to block rmt_storage client thread (th_id: -1214385064) wakelock released: 1, error no: 0
I/rmt_storage(  336): 
D/QMI_FW  (  336): QCSI: QMI_CSI_TX: cntl_flag - 02, txn_id - 0099, msg_id - 0003, msg_len - 0007
D/QMI_FW  (  336): QCSI: Sent[17]: 14 bytes to port 1280
V/BufferedAnalyticsState( 1190): Not ready for upload, 17 seconds left.
D/QMI_FW  (  749): QCCI: QMI_CCI_TX: cntl_flag - 00, txn_id - 0440, msg_id - 0039, msg_len - 0021
D/QMI_FW  (  749): QCCI: Sent[202]: 40 bytes to port 3072
D/QMI_FW  (  749): QCCI: reader_thread: Received 14 bytes from 202
D/QMI_FW  (  749): QCCI: QMI_CCI_RX: cntl_flag - 02, txn_id - 0440, msg_id - 0039, msg_len - 0007
D/QMI_FW  (  749): QCCI: reader_thread: Received 14 bytes from 202
D/QMI_FW  (  749): QCCI: QMI_CCI_RX: cntl_flag - 04, txn_id - 0000, msg_id - 0039, msg_len - 0007
I/GCoreUlr( 1190): Successfully inserted location
I/GCoreUlr( 1190): Not calling LocationReportingService, hasMoved: false, elapsed millis: 3332964, request: Phone
D/QMI_FW  (  749): QCCI: QMI_CCI_TX: cntl_flag - 00, txn_id - 0441, msg_id - 0039, msg_len - 0021
D/QMI_FW  (  749): QCCI: Sent[202]: 40 bytes to port 3072
D/QMI_FW  (  749): QCCI: reader_thread: Received 14 bytes from 202
D/QMI_FW  (  749): QCCI: QMI_CCI_RX: cntl_flag - 02, txn_id - 0441, msg_id - 0039, msg_len - 0007
D/QMI_FW  (  749): QCCI: reader_thread: Received 14 bytes from 202
D/QMI_FW  (  749): QCCI: QMI_CCI_RX: cntl_flag - 04, txn_id - 0000, msg_id - 0039, msg_len - 0007
I/GCoreUlr( 1190): Successfully inserted location
I/GCoreUlr( 1190): Not calling LocationReportingService, hasMoved: false, elapsed millis: 3393810, request: Phone
I/PowerManagerService(  749): Waking up from sleep...
I/WindowManager(  749): Lock screen displayed!
D/SurfaceFlinger(  308): Screen acquired, type=0 flinger=0xb7ece450
D/qdhwcomposer(  308): hwc_blank: Unblanking display: 0
D/GetJar SDK [com.jb.gosms]( 2867): OS_ENTRY_POINT: UsageScreenReceiver onReceive start()
I/GetJar SDK [com.jb.gosms]( 2867): TRANSACTION|EARN: Earning: EarningScreenReceiver: screen on
V/GetJar SDK [com.jb.gosms]( 2867): TRANSACTION|EARN: Earning: EarningMonitor: starting earning monitoring thread with a monitoring interval of 3000
V/GetJar SDK [com.jb.gosms]( 2867): TRANSACTION|EARN: Earning: EarningMonitor: earning monitoring thread [instantiated]
D/YouTube MDX( 5540): Recieved intent android.intent.action.SCREEN_ON
I/GetJar SDK [com.jb.gosms]( 2867): USAGE: Usage: UsageScreenReceiver: screen on
D/GetJar SDK [com.jb.gosms]( 2867): CONFIG: GetJarConfig()::getInstance() -- re-using existing GetJarConfig instance
V/GetJar SDK [com.jb.gosms]( 2867): CONFIG: GetJarConfig getDirectiveValue() START [key='usage.monitoring.enabled']
V/GetJar SDK [com.jb.gosms]( 2867): CONFIG: GetJarConfig getDirectiveValue() Using SERVER defined value: 'usage.monitoring.enabled' = 'true'
V/GetJar SDK [com.jb.gosms]( 2867): CONFIG: GetJarConfig getDirectiveValue() FINISHED [key='usage.monitoring.enabled']
D/GetJar SDK [com.jb.gosms]( 2867): USAGE|CONFIG: UsageManager isMonitoringEnabled: true
V/GetJar SDK [com.jb.gosms]( 2867): TRANSACTION|EARN: Earning: EarningMonitor: earning monitoring thread [start() called]
D/GetJar SDK [com.jb.gosms]( 2867): AUTH|TRANSACTION|EARN: Earning: EarningMonitor: EarningMonitoringThread: started [thread:4836]
V/GetJar SDK [com.jb.gosms]( 2867): AUTH: AuthFlow: waitOnAuth() START [stack::VMStack.java.-2:Thread.java.579:Logger.java.135:AuthManager.java.875:EarningMonitor.java.299]
V/GetJar SDK [com.jb.gosms]( 2867): AUTH: AuthFlow: waitOnAuth() FINISHED [stack::VMStack.java.-2:Thread.java.579:Logger.java.135:AuthManager.java.893:EarningMonitor.java.299]
D/GetJar SDK [com.jb.gosms]( 2867): OS_ENTRY_POINT: GetJarService.onStartCommand() START
V/GetJar SDK [com.jb.gosms]( 2867): TRANSACTION|EARN: Earning: EarningMonitor: earning monitoring thread started [thread id: 4836]
D/GetJar SDK [com.jb.gosms]( 2867): OS_ENTRY_POINT: GetJarService.onStartCommand() FINISHED
D/GetJar SDK [com.jb.gosms]( 2867): BUY_GOLD: GooglePlayBillingService handleCommand - action null
D/GetJar SDK [com.jb.gosms]( 2867): CONFIG: GetJarConfig()::getInstance() -- re-using existing GetJarConfig instance
V/GetJar SDK [com.jb.gosms]( 2867): CONFIG: GetJarConfig getDirectiveValue() START [key='usage.background.send.enabled']
V/GetJar SDK [com.jb.gosms]( 2867): CONFIG: GetJarConfig getDirectiveValue() Using SERVER defined value: 'usage.background.send.enabled' = 'true'
V/GetJar SDK [com.jb.gosms]( 2867): CONFIG: GetJarConfig getDirectiveValue() FINISHED [key='usage.background.send.enabled']
D/GetJar SDK [com.jb.gosms]( 2867): USAGE|CONFIG: UsageManager getBackgroundSendEnabled: true
D/GetJar SDK [com.jb.gosms]( 2867): CONFIG: GetJarConfig()::getInstance() -- re-using existing GetJarConfig instance
V/GetJar SDK [com.jb.gosms]( 2867): CONFIG: GetJarConfig getDirectiveValue() START [key='usage.monitoring.enabled']
V/GetJar SDK [com.jb.gosms]( 2867): CONFIG: GetJarConfig getDirectiveValue() Using SERVER defined value: 'usage.monitoring.enabled' = 'true'
V/GetJar SDK [com.jb.gosms]( 2867): CONFIG: GetJarConfig getDirectiveValue() FINISHED [key='usage.monitoring.enabled']
D/GetJar SDK [com.jb.gosms]( 2867): USAGE|CONFIG: UsageManager isMonitoringEnabled: true
D/GetJar SDK [com.jb.gosms]( 2867): TRANSACTION|EARN: Earning: EarningMonitor: EarningMonitoringThread: exiting [thread:4836]
D/GetJar SDK [com.jb.gosms]( 2867): CONFIG: GetJarConfig()::getInstance() -- re-using existing GetJarConfig instance
V/GetJar SDK [com.jb.gosms]( 2867): CONFIG: GetJarConfig getDirectiveValue() START [key='usage.package_filter.regex']
V/GetJar SDK [com.jb.gosms]( 2867): CONFIG: GetJarConfig getDirectiveValue() Using SERVER defined value: 'usage.package_filter.regex' = '^(com\.)?(android|sec|htc|sonyericsson|motorola|lge|pantech|huawei|asus)(\..*|$)'
V/GetJar SDK [com.jb.gosms]( 2867): CONFIG: GetJarConfig getDirectiveValue() FINISHED [key='usage.package_filter.regex']
